Component: ARM Compiler 5.06 update 6 (build 750) Tool: armlink [4d35ed]

==============================================================================

Section Cross References

    startup_stm32f723xx.o(RESET) refers to startup_stm32f723xx.o(STACK) for __initial_sp
    startup_stm32f723xx.o(RESET) refers to startup_stm32f723xx.o(.text) for Reset_Handler
    startup_stm32f723xx.o(RESET) refers to stm32f7xx_it.o(i.NMI_Handler) for NMI_Handler
    startup_stm32f723xx.o(RESET) refers to stm32f7xx_it.o(i.HardFault_Handler) for HardFault_Handler
    startup_stm32f723xx.o(RESET) refers to stm32f7xx_it.o(i.MemManage_Handler) for MemManage_Handler
    startup_stm32f723xx.o(RESET) refers to stm32f7xx_it.o(i.BusFault_Handler) for BusFault_Handler
    startup_stm32f723xx.o(RESET) refers to stm32f7xx_it.o(i.UsageFault_Handler) for UsageFault_Handler
    startup_stm32f723xx.o(RESET) refers to stm32f7xx_it.o(i.SVC_Handler) for SVC_Handler
    startup_stm32f723xx.o(RESET) refers to stm32f7xx_it.o(i.DebugMon_Handler) for DebugMon_Handler
    startup_stm32f723xx.o(RESET) refers to stm32f7xx_it.o(i.PendSV_Handler) for PendSV_Handler
    startup_stm32f723xx.o(RESET) refers to stm32f7xx_it.o(i.SysTick_Handler) for SysTick_Handler
    startup_stm32f723xx.o(RESET) refers to stm32f7xx_it.o(i.USART1_IRQHandler) for USART1_IRQHandler
    startup_stm32f723xx.o(RESET) refers to stm32f7xx_it.o(i.USART2_IRQHandler) for USART2_IRQHandler
    startup_stm32f723xx.o(RESET) refers to stm32f7xx_it.o(i.USART3_IRQHandler) for USART3_IRQHandler
    startup_stm32f723xx.o(RESET) refers to stm32f7xx_it.o(i.SDMMC1_IRQHandler) for SDMMC1_IRQHandler
    startup_stm32f723xx.o(RESET) refers to stm32f7xx_it.o(i.UART4_IRQHandler) for UART4_IRQHandler
    startup_stm32f723xx.o(RESET) refers to stm32f7xx_it.o(i.USART6_IRQHandler) for USART6_IRQHandler
    startup_stm32f723xx.o(RESET) refers to stm32f7xx_it.o(i.OTG_HS_IRQHandler) for OTG_HS_IRQHandler
    startup_stm32f723xx.o(RESET) refers to stm32f7xx_it.o(i.UART8_IRQHandler) for UART8_IRQHandler
    startup_stm32f723xx.o(.text) refers to system_stm32f7xx.o(i.SystemInit) for SystemInit
    startup_stm32f723xx.o(.text) refers to entry.o(.ARM.Collect$$$$00000000) for __main
    main.o(i.MX_FMC_Init) refers to memseta.o(.text) for __aeabi_memclr4
    main.o(i.MX_FMC_Init) refers to stm32f7xx_hal_sdram.o(i.HAL_SDRAM_Init) for HAL_SDRAM_Init
    main.o(i.MX_FMC_Init) refers to main.o(.bss) for .bss
    main.o(i.MX_GPIO_Init) refers to memseta.o(.text) for __aeabi_memclr4
    main.o(i.MX_GPIO_Init) refers to stm32f7xx_hal_gpio.o(i.HAL_GPIO_WritePin) for HAL_GPIO_WritePin
    main.o(i.MX_GPIO_Init) refers to stm32f7xx_hal_gpio.o(i.HAL_GPIO_Init) for HAL_GPIO_Init
    main.o(i.MX_SPI1_Init) refers to stm32f7xx_hal_spi.o(i.HAL_SPI_Init) for HAL_SPI_Init
    main.o(i.MX_SPI1_Init) refers to main.o(.bss) for .bss
    main.o(i.MX_SPI2_Init) refers to stm32f7xx_hal_spi.o(i.HAL_SPI_Init) for HAL_SPI_Init
    main.o(i.MX_SPI2_Init) refers to main.o(.bss) for .bss
    main.o(i.MX_SPI3_Init) refers to stm32f7xx_hal_spi.o(i.HAL_SPI_Init) for HAL_SPI_Init
    main.o(i.MX_SPI3_Init) refers to main.o(.bss) for .bss
    main.o(i.MX_SPI4_Init) refers to stm32f7xx_hal_spi.o(i.HAL_SPI_Init) for HAL_SPI_Init
    main.o(i.MX_SPI4_Init) refers to main.o(.bss) for .bss
    main.o(i.MX_SPI5_Init) refers to stm32f7xx_hal_spi.o(i.HAL_SPI_Init) for HAL_SPI_Init
    main.o(i.MX_SPI5_Init) refers to main.o(.bss) for .bss
    main.o(i.MX_TIM1_Init) refers to memseta.o(.text) for __aeabi_memclr4
    main.o(i.MX_TIM1_Init) refers to stm32f7xx_hal_tim.o(i.HAL_TIM_Base_Init) for HAL_TIM_Base_Init
    main.o(i.MX_TIM1_Init) refers to stm32f7xx_hal_tim.o(i.HAL_TIM_ConfigClockSource) for HAL_TIM_ConfigClockSource
    main.o(i.MX_TIM1_Init) refers to stm32f7xx_hal_tim.o(i.HAL_TIM_OC_Init) for HAL_TIM_OC_Init
    main.o(i.MX_TIM1_Init) refers to stm32f7xx_hal_tim.o(i.HAL_TIM_SlaveConfigSynchro) for HAL_TIM_SlaveConfigSynchro
    main.o(i.MX_TIM1_Init) refers to stm32f7xx_hal_tim_ex.o(i.HAL_TIMEx_MasterConfigSynchronization) for HAL_TIMEx_MasterConfigSynchronization
    main.o(i.MX_TIM1_Init) refers to stm32f7xx_hal_tim.o(i.HAL_TIM_OC_ConfigChannel) for HAL_TIM_OC_ConfigChannel
    main.o(i.MX_TIM1_Init) refers to stm32f7xx_hal_tim_ex.o(i.HAL_TIMEx_ConfigBreakDeadTime) for HAL_TIMEx_ConfigBreakDeadTime
    main.o(i.MX_TIM1_Init) refers to stm32f7xx_hal_msp.o(i.HAL_TIM_MspPostInit) for HAL_TIM_MspPostInit
    main.o(i.MX_TIM1_Init) refers to main.o(.bss) for .bss
    main.o(i.MX_UART4_Init) refers to stm32f7xx_hal_uart.o(i.HAL_UART_Init) for HAL_UART_Init
    main.o(i.MX_UART4_Init) refers to main.o(.bss) for .bss
    main.o(i.MX_UART8_Init) refers to stm32f7xx_hal_uart.o(i.HAL_UART_Init) for HAL_UART_Init
    main.o(i.MX_UART8_Init) refers to main.o(.bss) for .bss
    main.o(i.MX_USART1_UART_Init) refers to stm32f7xx_hal_uart.o(i.HAL_UART_Init) for HAL_UART_Init
    main.o(i.MX_USART1_UART_Init) refers to main.o(.bss) for .bss
[...]
    i.UART_SetConfig                         0x08003eb0   Section        0  stm32f7xx_hal_uart.o(i.UART_SetConfig)
    i.UART_WaitOnFlagUntilTimeout            0x08004104   Section        0  stm32f7xx_hal_uart.o(i.UART_WaitOnFlagUntilTimeout)
    i.USART1_IRQHandler                      0x08004164   Section        0  stm32f7xx_it.o(i.USART1_IRQHandler)
    i.USART2_IRQHandler                      0x08004166   Section        0  stm32f7xx_it.o(i.USART2_IRQHandler)
    i.USART3_IRQHandler                      0x08004168   Section        0  stm32f7xx_it.o(i.USART3_IRQHandler)
    i.USART6_IRQHandler                      0x0800416a   Section        0  stm32f7xx_it.o(i.USART6_IRQHandler)
    i.USBD_CDC_DataIn                        0x0800416c   Section        0  usbd_cdc.o(i.USBD_CDC_DataIn)
    USBD_CDC_DataIn                          0x0800416d   Thumb Code    74  usbd_cdc.o(i.USBD_CDC_DataIn)
    i.USBD_CDC_DataOut                       0x080041b6   Section        0  usbd_cdc.o(i.USBD_CDC_DataOut)
    USBD_CDC_DataOut                         0x080041b7   Thumb Code    46  usbd_cdc.o(i.USBD_CDC_DataOut)
    i.USBD_CDC_DeInit                        0x080041e4   Section        0  usbd_cdc.o(i.USBD_CDC_DeInit)
    USBD_CDC_DeInit                          0x080041e5   Thumb Code    68  usbd_cdc.o(i.USBD_CDC_DeInit)
    i.USBD_CDC_EP0_RxReady                   0x08004228   Section        0  usbd_cdc.o(i.USBD_CDC_EP0_RxReady)
    USBD_CDC_EP0_RxReady                     0x08004229   Thumb Code    36  usbd_cdc.o(i.USBD_CDC_EP0_RxReady)
    i.USBD_CDC_GetDeviceQualifierDescriptor  0x0800424c   Section        0  usbd_cdc.o(i.USBD_CDC_GetDeviceQualifierDescriptor)
    i.USBD_CDC_GetFSCfgDesc                  0x08004258   Section        0  usbd_cdc.o(i.USBD_CDC_GetFSCfgDesc)
    USBD_CDC_GetFSCfgDesc                    0x08004259   Thumb Code     8  usbd_cdc.o(i.USBD_CDC_GetFSCfgDesc)
    i.USBD_CDC_GetHSCfgDesc                  0x08004264   Section        0  usbd_cdc.o(i.USBD_CDC_GetHSCfgDesc)
    USBD_CDC_GetHSCfgDesc                    0x08004265   Thumb Code     8  usbd_cdc.o(i.USBD_CDC_GetHSCfgDesc)
    i.USBD_CDC_GetOtherSpeedCfgDesc          0x08004270   Section        0  usbd_cdc.o(i.USBD_CDC_GetOtherSpeedCfgDesc)
    USBD_CDC_GetOtherSpeedCfgDesc            0x08004271   Thumb Code     8  usbd_cdc.o(i.USBD_CDC_GetOtherSpeedCfgDesc)
    i.USBD_CDC_Init                          0x0800427c   Section        0  usbd_cdc.o(i.USBD_CDC_Init)
    USBD_CDC_Init                            0x0800427d   Thumb Code   148  usbd_cdc.o(i.USBD_CDC_Init)
    i.USBD_CDC_ReceivePacket                 0x08004310   Section        0  usbd_cdc.o(i.USBD_CDC_ReceivePacket)
    i.USBD_CDC_RegisterInterface             0x08004338   Section        0  usbd_cdc.o(i.USBD_CDC_RegisterInterface)
    i.USBD_CDC_SetRxBuffer                   0x0800434c   Section        0  usbd_cdc.o(i.USBD_CDC_SetRxBuffer)
    i.USBD_CDC_SetTxBuffer                   0x08004358   Section        0  usbd_cdc.o(i.USBD_CDC_SetTxBuffer)
    i.USBD_CDC_Setup                         0x08004368   Section        0  usbd_cdc.o(i.USBD_CDC_Setup)
    USBD_CDC_Setup                           0x08004369   Thumb Code   174  usbd_cdc.o(i.USBD_CDC_Setup)
    i.USBD_ClrClassConfig                    0x08004416   Section        0  usbd_core.o(i.USBD_ClrClassConfig)
    i.USBD_CtlContinueRx                     0x08004424   Section        0  usbd_ioreq.o(i.USBD_CtlContinueRx)
    i.USBD_CtlContinueSendData               0x08004434   Section        0  usbd_ioreq.o(i.USBD_CtlContinueSendData)
    i.USBD_CtlError                          0x08004444   Section        0  usbd_ctlreq.o(i.USBD_CtlError)
    i.USBD_CtlPrepareRx                      0x0800445a   Section        0  usbd_ioreq.o(i.USBD_CtlPrepareRx)
    i.USBD_CtlReceiveStatus                  0x08004478   Section        0  usbd_ioreq.o(i.USBD_CtlReceiveStatus)
    i.USBD_CtlSendData                       0x0800448e   Section        0  usbd_ioreq.o(i.USBD_CtlSendData)
    i.USBD_CtlSendStatus                     0x080044a8   Section        0  usbd_ioreq.o(i.USBD_CtlSendStatus)
    i.USBD_GetDescriptor                     0x080044be   Section        0  usbd_ctlreq.o(i.USBD_GetDescriptor)
    USBD_GetDescriptor                       0x080044bf   Thumb Code   254  usbd_ctlreq.o(i.USBD_GetDescriptor)
    i.USBD_GetString                         0x080045bc   Section        0  usbd_ctlreq.o(i.USBD_GetString)
    i.USBD_Get_USB_Status                    0x08004606   Section        0  usbd_conf.o(i.USBD_Get_USB_Status)
    i.USBD_HS_ConfigStrDescriptor            0x08004620   Section        0  usbd_desc.o(i.USBD_HS_ConfigStrDescriptor)
    i.USBD_HS_DeviceDescriptor               0x08004640   Section        0  usbd_desc.o(i.USBD_HS_DeviceDescriptor)
    i.USBD_HS_InterfaceStrDescriptor         0x0800464c   Section        0  usbd_desc.o(i.USBD_HS_InterfaceStrDescriptor)
    i.USBD_HS_LangIDStrDescriptor            0x08004670   Section        0  usbd_desc.o(i.USBD_HS_LangIDStrDescriptor)
    i.USBD_HS_ManufacturerStrDescriptor      0x0800467c   Section        0  usbd_desc.o(i.USBD_HS_ManufacturerStrDescriptor)
    i.USBD_HS_ProductStrDescriptor           0x080046a4   Section        0  usbd_desc.o(i.USBD_HS_ProductStrDescriptor)
    i.USBD_HS_SerialStrDescriptor            0x080046d0   Section        0  usbd_desc.o(i.USBD_HS_SerialStrDescriptor)
    i.USBD_HS_USR_BOSDescriptor              0x0800470c   Section        0  usbd_desc.o(i.USBD_HS_USR_BOSDescriptor)
    i.USBD_Init                              0x08004718   Section        0  usbd_core.o(i.USBD_Init)
    i.USBD_LL_ClearStallEP                   0x08004742   Section        0  usbd_conf.o(i.USBD_LL_ClearStallEP)
    i.USBD_LL_CloseEP                        0x08004754   Section        0  usbd_conf.o(i.USBD_LL_CloseEP)
    i.USBD_LL_DataInStage                    0x08004766   Section        0  usbd_core.o(i.USBD_LL_DataInStage)
    i.USBD_LL_DataOutStage                   0x08004828   Section        0  usbd_core.o(i.USBD_LL_DataOutStage)
    i.USBD_LL_DevConnected                   0x080048aa   Section        0  usbd_core.o(i.USBD_LL_DevConnected)
    i.USBD_LL_DevDisconnected                0x080048ae   Section        0  usbd_core.o(i.USBD_LL_DevDisconnected)
    i.USBD_LL_GetRxDataSize                  0x080048c4   Section        0  usbd_conf.o(i.USBD_LL_GetRxDataSize)
    i.USBD_LL_Init                           0x080048cc   Section        0  usbd_conf.o(i.USBD_LL_Init)
    i.USBD_LL_IsStallEP                      0x08004934   Section        0  usbd_conf.o(i.USBD_LL_IsStallEP)
    i.USBD_LL_IsoINIncomplete                0x08004954   Section        0  usbd_core.o(i.USBD_LL_IsoINIncomplete)
    i.USBD_LL_IsoOUTIncomplete               0x08004958   Section        0  usbd_core.o(i.USBD_LL_IsoOUTIncomplete)
    i.USBD_LL_OpenEP                         0x0800495c   Section        0  usbd_conf.o(i.USBD_LL_OpenEP)
    i.USBD_LL_PrepareReceive                 0x08004974   Section        0  usbd_conf.o(i.USBD_LL_PrepareReceive)
    i.USBD_LL_Reset                          0x08004986   Section        0  usbd_core.o(i.USBD_LL_Reset)
    i.USBD_LL_Resume                         0x080049d6   Section        0  usbd_core.o(i.USBD_LL_Resume)
    i.USBD_LL_SOF                            0x080049e2   Section        0  usbd_core.o(i.USBD_LL_SOF)
    i.USBD_LL_SetSpeed                       0x080049fa   Section        0  usbd_core.o(i.USBD_LL_SetSpeed)
    i.USBD_LL_SetUSBAddress                  0x08004a00   Section        0  usbd_conf.o(i.USBD_LL_SetUSBAddress)
    i.USBD_LL_SetupStage                     0x08004a12   Section        0  usbd_core.o(i.USBD_LL_SetupStage)
    i.USBD_LL_StallEP                        0x08004a68   Section        0  usbd_conf.o(i.USBD_LL_StallEP)
    i.USBD_LL_Start                          0x08004a7a   Section        0  usbd_conf.o(i.USBD_LL_Start)
    i.USBD_LL_Suspend                        0x08004a8c   Section        0  usbd_core.o(i.USBD_LL_Suspend)
    i.USBD_LL_Transmit                       0x08004a9e   Section        0  usbd_conf.o(i.USBD_LL_Transmit)
    i.USBD_ParseSetupRequest                 0x08004ab0   Section        0  usbd_ctlreq.o(i.USBD_ParseSetupRequest)
    i.USBD_RegisterClass                     0x08004ad8   Section        0  usbd_core.o(i.USBD_RegisterClass)
    i.USBD_SetClassConfig                    0x08004aea   Section        0  usbd_core.o(i.USBD_SetClassConfig)
    i.USBD_SetConfig                         0x08004b00   Section        0  usbd_ctlreq.o(i.USBD_SetConfig)
    USBD_SetConfig                           0x08004b01   Thumb Code   130  usbd_ctlreq.o(i.USBD_SetConfig)
    i.USBD_Start                             0x08004b88   Section        0  usbd_core.o(i.USBD_Start)
    i.USBD_StdDevReq                         0x08004b92   Section        0  usbd_ctlreq.o(i.USBD_StdDevReq)
    i.USBD_StdEPReq                          0x08004ca6   Section        0  usbd_ctlreq.o(i.USBD_StdEPReq)
    i.USBD_StdItfReq                         0x08004df6   Section        0  usbd_ctlreq.o(i.USBD_StdItfReq)
    i.USB_ActivateEndpoint                   0x08004e44   Section        0  stm32f7xx_ll_usb.o(i.USB_ActivateEndpoint)
    i.USB_ActivateSetup                      0x08004ec4   Section        0  stm32f7xx_ll_usb.o(i.USB_ActivateSetup)
    i.USB_CoreInit                           0x08004ef8   Section        0  stm32f7xx_ll_usb.o(i.USB_CoreInit)
    i.USB_CoreReset                          0x08004fe0   Section        0  stm32f7xx_ll_usb.o(i.USB_CoreReset)
    USB_CoreReset                            0x08004fe1   Thumb Code    50  stm32f7xx_ll_usb.o(i.USB_CoreReset)
    i.USB_DeactivateEndpoint                 0x08005018   Section        0  stm32f7xx_ll_usb.o(i.USB_DeactivateEndpoint)
    i.USB_DevConnect                         0x08005098   Section        0  stm32f7xx_ll_usb.o(i.USB_DevConnect)
    i.USB_DevDisconnect                      0x080050b0   Section        0  stm32f7xx_ll_usb.o(i.USB_DevDisconnect)
    i.USB_DevInit                            0x080050c8   Section        0  stm32f7xx_ll_usb.o(i.USB_DevInit)
    i.USB_DisableGlobalInt                   0x0800525c   Section        0  stm32f7xx_ll_usb.o(i.USB_DisableGlobalInt)
    i.USB_EP0StartXfer                       0x08005268   Section        0  stm32f7xx_ll_usb.o(i.USB_EP0StartXfer)
    i.USB_EP0_OutStart                       0x08005378   Section        0  stm32f7xx_ll_usb.o(i.USB_EP0_OutStart)
    i.USB_EPClearStall                       0x080053d0   Section        0  stm32f7xx_ll_usb.o(i.USB_EPClearStall)
    i.USB_EPSetStall                         0x08005428   Section        0  stm32f7xx_ll_usb.o(i.USB_EPSetStall)
    i.USB_EPStartXfer                        0x08005480   Section        0  stm32f7xx_ll_usb.o(i.USB_EPStartXfer)
    i.USB_EnableGlobalInt                    0x08005648   Section        0  stm32f7xx_ll_usb.o(i.USB_EnableGlobalInt)
    i.USB_FlushRxFifo                        0x08005654   Section        0  stm32f7xx_ll_usb.o(i.USB_FlushRxFifo)
    i.USB_FlushTxFifo                        0x08005674   Section        0  stm32f7xx_ll_usb.o(i.USB_FlushTxFifo)
    i.USB_GetDevSpeed                        0x08005698   Section        0  stm32f7xx_ll_usb.o(i.USB_GetDevSpeed)
    i.USB_GetMode                            0x080056b2   Section        0  stm32f7xx_ll_usb.o(i.USB_GetMode)
    i.USB_ReadDevAllInEpInterrupt            0x080056ba   Section        0  stm32f7xx_ll_usb.o(i.USB_ReadDevAllInEpInterrupt)
    i.USB_ReadDevAllOutEpInterrupt           0x080056c8   Section        0  stm32f7xx_ll_usb.o(i.USB_ReadDevAllOutEpInterrupt)
    i.USB_ReadDevInEPInterrupt               0x080056d6   Section        0  stm32f7xx_ll_usb.o(i.USB_ReadDevInEPInterrupt)
    i.USB_ReadDevOutEPInterrupt              0x080056fa   Section        0  stm32f7xx_ll_usb.o(i.USB_ReadDevOutEPInterrupt)
    i.USB_ReadInterrupts                     0x0800570a   Section        0  stm32f7xx_ll_usb.o(i.USB_ReadInterrupts)
    i.USB_ReadPacket                         0x08005712   Section        0  stm32f7xx_ll_usb.o(i.USB_ReadPacket)
    i.USB_SetCurrentMode                     0x0800572e   Section        0  stm32f7xx_ll_usb.o(i.USB_SetCurrentMode)
    i.USB_SetDevAddress                      0x0800575c   Section        0  stm32f7xx_ll_usb.o(i.USB_SetDevAddress)
    i.USB_SetTurnaroundTime                  0x08005780   Section        0  stm32f7xx_ll_usb.o(i.USB_SetTurnaroundTime)
    i.USB_WritePacket                        0x08005868   Section        0  stm32f7xx_ll_usb.o(i.USB_WritePacket)
    i.UsageFault_Handler                     0x0800588c   Section        0  stm32f7xx_it.o(i.UsageFault_Handler)
    i.__NVIC_SetPriority                     0x0800588e   Section        0  stm32f7xx_hal_cortex.o(i.__NVIC_SetPriority)
    __NVIC_SetPriority                       0x0800588f   Thumb Code    34  stm32f7xx_hal_cortex.o(i.__NVIC_SetPriority)
    i.__scatterload_copy                     0x080058b0   Section       14  handlers.o(i.__scatterload_copy)
    i.__scatterload_null                     0x080058be   Section        2  handlers.o(i.__scatterload_null)
    i.__scatterload_zeroinit                 0x080058c0   Section       14  handlers.o(i.__scatterload_zeroinit)
    i.free                                   0x080058d0   Section        0  malloc.o(i.free)
    i.main                                   0x08005920   Section        0  main.o(i.main)
    i.malloc                                 0x08005a04   Section        0  malloc.o(i.malloc)
    .constdata                               0x08005a70   Section       16  system_stm32f7xx.o(.constdata)
    .constdata                               0x08005a80   Section        8  system_stm32f7xx.o(.constdata)
    .data                                    0x20000000   Section       32  usbd_desc.o(.data)
    .data                                    0x20000020   Section       62  usbd_desc.o(.data)
    .data                                    0x20000060   Section       16  usbd_cdc_if.o(.data)
    .data                                    0x20000070   Section        8  stm32f7xx_hal_msp.o(.data)
    FMC_Initialized                          0x20000070   Data           4  stm32f7xx_hal_msp.o(.data)
    FMC_DeInitialized                        0x20000074   Data           4  stm32f7xx_hal_msp.o(.data)
    .data                                    0x20000078   Section       12  stm32f7xx_hal.o(.data)
    .data                                    0x20000084   Section        4  system_stm32f7xx.o(.data)
    .data                                    0x20000088   Section        1  usbd_ctlreq.o(.data)
    cfgidx                                   0x20000088   Data           1  usbd_ctlreq.o(.data)
    .data                                    0x2000008c   Section      215  usbd_cdc.o(.data)
    USBD_CDC_DeviceQualifierDesc             0x2000008c   Data          10  usbd_cdc.o(.data)
    .data                                    0x20000164   Section       56  usbd_cdc.o(.data)
    .data                                    0x2000019c   Section        4  mvars.o(.data)
    .data                                    0x200001a0   Section        4  mvars.o(.data)
    .bss                                     0x200001a4   Section     1516  main.o(.bss)
    .bss                                     0x20000790   Section      668  usb_device.o(.bss)
    .bss                                     0x20000a2c   Section     1028  usbd_conf.o(.bss)
    .bss                                     0x20000e30   Section      512  usbd_desc.o(.bss)
    .bss                                     0x20001030   Section     4096  usbd_cdc_if.o(.bss)
    HEAP                                     0x20002030   Section     1024  startup_stm32f723xx.o(HEAP)
    STACK                                    0x20002430   Section     1024  startup_stm32f723xx.o(STACK)

    Global Symbols

    Symbol Name                              Value     Ov Type        Size  Object(Section)

    BuildAttributes$$THM_ISAv4$E$P$D$K$B$S$7EM$VFPi5$EXTD16$VFPS$VFMA$PE$PLD8$A:L22UL41UL21$X:L11$S22US41US21$IEEE1$IW$USESV6$~STKCKD$USESV7$~SHL$OSPACE$EBA8$MICROLIB$REQ8$PRES8$EABIv2 0x00000000   Number         0  anon$$obj.o ABSOLUTE
    __ARM_use_no_argv                        0x00000000   Number         0  main.o ABSOLUTE
    __cpp_initialize__aeabi_                  - Undefined Weak Reference
    __cxa_finalize                            - Undefined Weak Reference
    _clock_init                               - Undefined Weak Reference
    _microlib_exit                            - Undefined Weak Reference
    __Vectors_Size                           0x000001e0   Number         0  startup_stm32f723xx.o ABSOLUTE
    __Vectors                                0x08000000   Data           4  startup_stm32f723xx.o(RESET)
    __Vectors_End                            0x080001e0   Data           0  startup_stm32f723xx.o(RESET)
    __main                                   0x080001e1   Thumb Code     0  entry.o(.ARM.Collect$$$$00000000)
    _main_stk                                0x080001e1   Thumb Code     0  entry2.o(.ARM.Collect$$$$00000001)
    _main_scatterload                        0x080001e5   Thumb Code     0  entry5.o(.ARM.Collect$$$$00000004)
    __main_after_scatterload                 0x080001e9   Thumb Code     0  entry5.o(.ARM.Collect$$$$00000004)
    _main_clock                              0x080001e9   Thumb Code     0  entry7b.o(.ARM.Collect$$$$00000008)
    _main_cpp_init                           0x080001e9   Thumb Code     0  entry8b.o(.ARM.Collect$$$$0000000A)
    _main_init                               0x080001e9   Thumb Code     0  entry9a.o(.ARM.Collect$$$$0000000B)
    __rt_final_cpp                           0x080001f1   Thumb Code     0  entry10a.o(.ARM.Collect$$$$0000000D)
    __rt_final_exit                          0x080001f1   Thumb Code     0  entry11a.o(.ARM.Collect$$$$0000000F)
    Reset_Handler                            0x080001f5   Thumb Code     8  startup_stm32f723xx.o(.text)
    ADC_IRQHandler                           0x0800020f   Thumb Code     0  startup_stm32f723xx.o(.text)
    CAN1_RX0_IRQHandler                      0x0800020f   Thumb Code     0  startup_stm32f723xx.o(.text)
    CAN1_RX1_IRQHandler                      0x0800020f   Thumb Code     0  startup_stm32f723xx.o(.text)
    CAN1_SCE_IRQHandler                      0x0800020f   Thumb Code     0  startup_stm32f723xx.o(.text)
    CAN1_TX_IRQHandler                       0x0800020f   Thumb Code     0  startup_stm32f723xx.o(.text)
    DMA1_Stream0_IRQHandler                  0x0800020f   Thumb Code     0  startup_stm32f723xx.o(.text)
    DMA1_Stream1_IRQHandler                  0x0800020f   Thumb Code     0  startup_stm32f723xx.o(.text)
    DMA1_Stream2_IRQHandler                  0x0800020f   Thumb Code     0  startup_stm32f723xx.o(.text)
    DMA1_Stream3_IRQHandler                  0x0800020f   Thumb Code     0  startup_stm32f723xx.o(.text)
    DMA1_Stream4_IRQHandler                  0x0800020f   Thumb Code     0  startup_stm32f723xx.o(.text)
    DMA1_Stream5_IRQHandler                  0x0800020f   Thumb Code     0  startup_stm32f723xx.o(.text)
    DMA1_Stream6_IRQHandler                  0x0800020f   Thumb Code     0  startup_stm32f723xx.o(.text)
    DMA1_Stream7_IRQHandler                  0x0800020f   Thumb Code     0  startup_stm32f723xx.o(.text)
    DMA2_Stream0_IRQHandler                  0x0800020f   Thumb Code     0  startup_stm32f723xx.o(.text)
    DMA2_Stream1_IRQHandler                  0x0800020f   Thumb Code     0  startup_stm32f723xx.o(.text)
    DMA2_Stream2_IRQHandler                  0x0800020f   Thumb Code     0  startup_stm32f723xx.o(.text)
    DMA2_Stream3_IRQHandler                  0x0800020f   Thumb Code     0  startup_stm32f723xx.o(.text)
    DMA2_Stream4_IRQHandler                  0x0800020f   Thumb Code     0  startup_stm32f723xx.o(.text)
    DMA2_Stream5_IRQHandler                  0x0800020f   Thumb Code     0  startup_stm32f723xx.o(.text)
    DMA2_Stream6_IRQHandler                  0x0800020f   Thumb Code     0  startup_stm32f723xx.o(.text)
    DMA2_Stream7_IRQHandler                  0x0800020f   Thumb Code     0  startup_stm32f723xx.o(.text)
    EXTI0_IRQHandler                         0x0800020f   Thumb Code     0  startup_stm32f723xx.o(.text)
    EXTI15_10_IRQHandler                     0x0800020f   Thumb Code     0  startup_stm32f723xx.o(.text)
    EXTI1_IRQHandler                         0x0800020f   Thumb Code     0  startup_stm32f723xx.o(.text)
    EXTI2_IRQHandler                         0x0800020f   Thumb Code     0  startup_stm32f723xx.o(.text)
    EXTI3_IRQHandler                         0x0800020f   Thumb Code     0  startup_stm32f723xx.o(.text)
    EXTI4_IRQHandler                         0x0800020f   Thumb Code     0  startup_stm32f723xx.o(.text)
    EXTI9_5_IRQHandler                       0x0800020f   Thumb Code     0  startup_stm32f723xx.o(.text)
    FLASH_IRQHandler                         0x0800020f   Thumb Code     0  startup_stm32f723xx.o(.text)
    FMC_IRQHandler                           0x0800020f   Thumb Code     0  startup_stm32f723xx.o(.text)
    FPU_IRQHandler                           0x0800020f   Thumb Code     0  startup_stm32f723xx.o(.text)
    I2C1_ER_IRQHandler                       0x0800020f   Thumb Code     0  startup_stm32f723xx.o(.text)
    I2C1_EV_IRQHandler                       0x0800020f   Thumb Code     0  startup_stm32f723xx.o(.text)
    I2C2_ER_IRQHandler                       0x0800020f   Thumb Code     0  startup_stm32f723xx.o(.text)
    I2C2_EV_IRQHandler                       0x0800020f   Thumb Code     0  startup_stm32f723xx.o(.text)
    I2C3_ER_IRQHandler                       0x0800020f   Thumb Code     0  startup_stm32f723xx.o(.text)
    I2C3_EV_IRQHandler                       0x0800020f   Thumb Code     0  startup_stm32f723xx.o(.text)
    LPTIM1_IRQHandler                        0x0800020f   Thumb Code     0  startup_stm32f723xx.o(.text)
    OTG_FS_IRQHandler                        0x0800020f   Thumb Code     0  startup_stm32f723xx.o(.text)
    OTG_FS_WKUP_IRQHandler                   0x0800020f   Thumb Code     0  startup_stm32f723xx.o(.text)
    OTG_HS_EP1_IN_IRQHandler                 0x0800020f   Thumb Code     0  startup_stm32f723xx.o(.text)
    OTG_HS_EP1_OUT_IRQHandler                0x0800020f   Thumb Code     0  startup_stm32f723xx.o(.text)
    OTG_HS_WKUP_IRQHandler                   0x0800020f   Thumb Code     0  startup_stm32f723xx.o(.text)
    PVD_IRQHandler                           0x0800020f   Thumb Code     0  startup_stm32f723xx.o(.text)
    QUADSPI_IRQHandler                       0x0800020f   Thumb Code     0  startup_stm32f723xx.o(.text)
    RCC_IRQHandler                           0x0800020f   Thumb Code     0  startup_stm32f723xx.o(.text)
    RNG_IRQHandler                           0x0800020f   Thumb Code     0  startup_stm32f723xx.o(.text)
    RTC_Alarm_IRQHandler                     0x0800020f   Thumb Code     0  startup_stm32f723xx.o(.text)
    RTC_WKUP_IRQHandler                      0x0800020f   Thumb Code     0  startup_stm32f723xx.o(.text)
    SAI1_IRQHandler                          0x0800020f   Thumb Code     0  startup_stm32f723xx.o(.text)
    SAI2_IRQHandler                          0x0800020f   Thumb Code     0  startup_stm32f723xx.o(.text)
    SDMMC2_IRQHandler                        0x0800020f   Thumb Code     0  startup_stm32f723xx.o(.text)
    SPI1_IRQHandler                          0x0800020f   Thumb Code     0  startup_stm32f723xx.o(.text)
    SPI2_IRQHandler                          0x0800020f   Thumb Code     0  startup_stm32f723xx.o(.text)
    SPI3_IRQHandler                          0x0800020f   Thumb Code     0  startup_stm32f723xx.o(.text)
    SPI4_IRQHandler                          0x0800020f   Thumb Code     0  startup_stm32f723xx.o(.text)
    SPI5_IRQHandler                          0x0800020f   Thumb Code     0  startup_stm32f723xx.o(.text)
    TAMP_STAMP_IRQHandler                    0x0800020f   Thumb Code     0  startup_stm32f723xx.o(.text)
    TIM1_BRK_TIM9_IRQHandler                 0x0800020f   Thumb Code     0  startup_stm32f723xx.o(.text)
    TIM1_CC_IRQHandler                       0x0800020f   Thumb Code     0  startup_stm32f723xx.o(.text)
    TIM1_TRG_COM_TIM11_IRQHandler            0x0800020f   Thumb Code     0  startup_stm32f723xx.o(.text)
    TIM1_UP_TIM10_IRQHandler                 0x0800020f   Thumb Code     0  startup_stm32f723xx.o(.text)
    TIM2_IRQHandler                          0x0800020f   Thumb Code     0  startup_stm32f723xx.o(.text)
    TIM3_IRQHandler                          0x0800020f   Thumb Code     0  startup_stm32f723xx.o(.text)
    TIM4_IRQHandler                          0x0800020f   Thumb Code     0  startup_stm32f723xx.o(.text)
    TIM5_IRQHandler                          0x0800020f   Thumb Code     0  startup_stm32f723xx.o(.text)
    TIM6_DAC_IRQHandler                      0x0800020f   Thumb Code     0  startup_stm32f723xx.o(.text)
    TIM7_IRQHandler                          0x0800020f   Thumb Code     0  startup_stm32f723xx.o(.text)
    TIM8_BRK_TIM12_IRQHandler                0x0800020f   Thumb Code     0  startup_stm32f723xx.o(.text)
    TIM8_CC_IRQHandler                       0x0800020f   Thumb Code     0  startup_stm32f723xx.o(.text)
    TIM8_TRG_COM_TIM14_IRQHandler            0x0800020f   Thumb Code     0  startup_stm32f723xx.o(.text)
    TIM8_UP_TIM13_IRQHandler                 0x0800020f   Thumb Code     0  startup_stm32f723xx.o(.text)
    UART5_IRQHandler                         0x0800020f   Thumb Code     0  startup_stm32f723xx.o(.text)
    UART7_IRQHandler                         0x0800020f   Thumb Code     0  startup_stm32f723xx.o(.text)
    WWDG_IRQHandler                          0x0800020f   Thumb Code     0  startup_stm32f723xx.o(.text)
    __aeabi_uldivmod                         0x08000219   Thumb Code    98  uldiv.o(.text)
    __aeabi_memcpy                           0x0800027b   Thumb Code    36  memcpya.o(.text)
    __aeabi_memcpy4                          0x0800027b   Thumb Code     0  memcpya.o(.text)
    __aeabi_memcpy8                          0x0800027b   Thumb Code     0  memcpya.o(.text)
    __aeabi_memset                           0x0800029f   Thumb Code    14  memseta.o(.text)
    __aeabi_memset4                          0x0800029f   Thumb Code     0  memseta.o(.text)
    __aeabi_memset8                          0x0800029f   Thumb Code     0  memseta.o(.text)
    __aeabi_memclr                           0x080002ad   Thumb Code     4  memseta.o(.text)
    __aeabi_memclr4                          0x080002ad   Thumb Code     0  memseta.o(.text)
    __aeabi_memclr8                          0x080002ad   Thumb Code     0  memseta.o(.text)
    _memset$wrapper                          0x080002b1   Thumb Code    18  memseta.o(.text)
    __aeabi_llsl                             0x080002c3   Thumb Code    30  llshl.o(.text)
    _ll_shift_l                              0x080002c3   Thumb Code     0  llshl.o(.text)
    __aeabi_llsr                             0x080002e1   Thumb Code    32  llushr.o(.text)
    _ll_ushift_r                             0x080002e1   Thumb Code     0  llushr.o(.text)
    __scatterload                            0x08000301   Thumb Code    28  init.o(.text)
    __scatterload_rt2                        0x08000301   Thumb Code     0  init.o(.text)
    __decompress                             0x08000325   Thumb Code     0  __dczerorl2.o(.text)
    __decompress1                            0x08000325   Thumb Code    86  __dczerorl2.o(.text)
    BusFault_Handler                         0x0800037b   Thumb Code     2  stm32f7xx_it.o(i.BusFault_Handler)
    DebugMon_Handler                         0x080003c1   Thumb Code     2  stm32f7xx_it.o(i.DebugMon_Handler)
    Error_Handler                            0x080003c3   Thumb Code     2  main.o(i.Error_Handler)
    FMC_SDRAM_Init                           0x080003c5   Thumb Code    94  stm32f7xx_ll_fmc.o(i.FMC_SDRAM_Init)
    FMC_SDRAM_Timing_Init                    0x08000425   Thumb Code   134  stm32f7xx_ll_fmc.o(i.FMC_SDRAM_Timing_Init)
    HAL_Delay                                0x080004b1   Thumb Code    32  stm32f7xx_hal.o(i.HAL_Delay)
    HAL_GPIO_Init                            0x08000595   Thumb Code   398  stm32f7xx_hal_gpio.o(i.HAL_GPIO_Init)
    HAL_GPIO_WritePin                        0x08000751   Thumb Code    10  stm32f7xx_hal_gpio.o(i.HAL_GPIO_WritePin)
    HAL_GetTick                              0x0800075d   Thumb Code     6  stm32f7xx_hal.o(i.HAL_GetTick)
    HAL_IncTick                              0x08000769   Thumb Code    12  stm32f7xx_hal.o(i.HAL_IncTick)
    HAL_Init                                 0x08000779   Thumb Code    40  stm32f7xx_hal.o(i.HAL_Init)
    HAL_InitTick                             0x080007a5   Thumb Code    54  stm32f7xx_hal.o(i.HAL_InitTick)
    HAL_MspInit                              0x080007e5   Thumb Code    42  stm32f7xx_hal_msp.o(i.HAL_MspInit)
    HAL_NVIC_EnableIRQ                       0x08000815   Thumb Code    26  stm32f7xx_hal_cortex.o(i.HAL_NVIC_EnableIRQ)
    HAL_NVIC_SetPriority                     0x08000831   Thumb Code    60  stm32f7xx_hal_cortex.o(i.HAL_NVIC_SetPriority)
    HAL_NVIC_SetPriorityGrouping             0x08000871   Thumb Code    28  stm32f7xx_hal_cortex.o(i.HAL_NVIC_SetPriorityGrouping)
    HAL_PCDEx_ActivateLPM                    0x08000895   Thumb Code    34  stm32f7xx_hal_pcd_ex.o(i.HAL_PCDEx_ActivateLPM)
    HAL_PCDEx_LPM_Callback                   0x080008bd   Thumb Code    92  usbd_conf.o(i.HAL_PCDEx_LPM_Callback)
    HAL_PCDEx_SetRxFiFo                      0x0800091d   Thumb Code     8  stm32f7xx_hal_pcd_ex.o(i.HAL_PCDEx_SetRxFiFo)
    HAL_PCDEx_SetTxFiFo                      0x08000925   Thumb Code    70  stm32f7xx_hal_pcd_ex.o(i.HAL_PCDEx_SetTxFiFo)
    HAL_PCD_ConnectCallback                  0x0800096b   Thumb Code     8  usbd_conf.o(i.HAL_PCD_ConnectCallback)
    HAL_PCD_DataInStageCallback              0x08000973   Thumb Code    18  usbd_conf.o(i.HAL_PCD_DataInStageCallback)
    HAL_PCD_DataOutStageCallback             0x08000985   Thumb Code    20  usbd_conf.o(i.HAL_PCD_DataOutStageCallback)
    HAL_PCD_DisconnectCallback               0x08000999   Thumb Code     8  usbd_conf.o(i.HAL_PCD_DisconnectCallback)
    HAL_PCD_EP_Close                         0x080009a1   Thumb Code    76  stm32f7xx_hal_pcd.o(i.HAL_PCD_EP_Close)
    HAL_PCD_EP_ClrStall                      0x080009ed   Thumb Code    92  stm32f7xx_hal_pcd.o(i.HAL_PCD_EP_ClrStall)
    HAL_PCD_EP_GetRxCount                    0x08000a49   Thumb Code    18  stm32f7xx_hal_pcd.o(i.HAL_PCD_EP_GetRxCount)
    HAL_PCD_EP_Open                          0x08000a5b   Thumb Code    96  stm32f7xx_hal_pcd.o(i.HAL_PCD_EP_Open)
    HAL_PCD_EP_Receive                       0x08000abb   Thumb Code    68  stm32f7xx_hal_pcd.o(i.HAL_PCD_EP_Receive)
    HAL_PCD_EP_SetStall                      0x08000aff   Thumb Code   116  stm32f7xx_hal_pcd.o(i.HAL_PCD_EP_SetStall)
    HAL_PCD_EP_Transmit                      0x08000b73   Thumb Code    68  stm32f7xx_hal_pcd.o(i.HAL_PCD_EP_Transmit)
    HAL_PCD_IRQHandler                       0x08000bb9   Thumb Code  1194  stm32f7xx_hal_pcd.o(i.HAL_PCD_IRQHandler)
    HAL_PCD_ISOINIncompleteCallback          0x08001063   Thumb Code     8  usbd_conf.o(i.HAL_PCD_ISOINIncompleteCallback)
    HAL_PCD_ISOOUTIncompleteCallback         0x0800106b   Thumb Code     8  usbd_conf.o(i.HAL_PCD_ISOOUTIncompleteCallback)
    HAL_PCD_Init                             0x08001075   Thumb Code   234  stm32f7xx_hal_pcd.o(i.HAL_PCD_Init)
    HAL_PCD_MspInit                          0x08001161   Thumb Code   136  usbd_conf.o(i.HAL_PCD_MspInit)
    HAL_PCD_ResetCallback                    0x080011f5   Thumb Code    44  usbd_conf.o(i.HAL_PCD_ResetCallback)
    HAL_PCD_ResumeCallback                   0x08001221   Thumb Code     8  usbd_conf.o(i.HAL_PCD_ResumeCallback)
    HAL_PCD_SOFCallback                      0x08001229   Thumb Code     8  usbd_conf.o(i.HAL_PCD_SOFCallback)
    HAL_PCD_SetAddress                       0x08001231   Thumb Code    40  stm32f7xx_hal_pcd.o(i.HAL_PCD_SetAddress)
    HAL_PCD_SetupStageCallback               0x08001259   Thumb Code    14  usbd_conf.o(i.HAL_PCD_SetupStageCallback)
    HAL_PCD_Start                            0x08001267   Thumb Code    42  stm32f7xx_hal_pcd.o(i.HAL_PCD_Start)
    HAL_PCD_SuspendCallback                  0x08001291   Thumb Code    44  usbd_conf.o(i.HAL_PCD_SuspendCallback)
    HAL_PWREx_EnableOverDrive                0x080012c1   Thumb Code   100  stm32f7xx_hal_pwr_ex.o(i.HAL_PWREx_EnableOverDrive)
    HAL_RCCEx_PeriphCLKConfig                0x0800132d   Thumb Code  1108  stm32f7xx_hal_rcc_ex.o(i.HAL_RCCEx_PeriphCLKConfig)
    HAL_RCC_ClockConfig                      0x08001781   Thumb Code   282  stm32f7xx_hal_rcc.o(i.HAL_RCC_ClockConfig)
    HAL_RCC_GetHCLKFreq                      0x080018ad   Thumb Code     6  stm32f7xx_hal_rcc.o(i.HAL_RCC_GetHCLKFreq)
    HAL_RCC_GetPCLK1Freq                     0x080018b9   Thumb Code    20  stm32f7xx_hal_rcc.o(i.HAL_RCC_GetPCLK1Freq)
    HAL_RCC_GetPCLK2Freq                     0x080018d9   Thumb Code    20  stm32f7xx_hal_rcc.o(i.HAL_RCC_GetPCLK2Freq)
    HAL_RCC_GetSysClockFreq                  0x080018f9   Thumb Code    88  stm32f7xx_hal_rcc.o(i.HAL_RCC_GetSysClockFreq)
    HAL_RCC_OscConfig                        0x0800195d   Thumb Code   810  stm32f7xx_hal_rcc.o(i.HAL_RCC_OscConfig)
    HAL_SDRAM_Init                           0x08001c95   Thumb Code    66  stm32f7xx_hal_sdram.o(i.HAL_SDRAM_Init)
    HAL_SDRAM_MspInit                        0x08001cd7   Thumb Code     4  stm32f7xx_hal_msp.o(i.HAL_SDRAM_MspInit)
    HAL_SD_ConfigWideBusOperation            0x08001cdb   Thumb Code   120  stm32f7xx_hal_sd.o(i.HAL_SD_ConfigWideBusOperation)
    HAL_SD_GetCardCSD                        0x08001d53   Thumb Code   506  stm32f7xx_hal_sd.o(i.HAL_SD_GetCardCSD)
    HAL_SD_Init                              0x08001f4d   Thumb Code    54  stm32f7xx_hal_sd.o(i.HAL_SD_Init)
    HAL_SD_InitCard                          0x08001f83   Thumb Code    92  stm32f7xx_hal_sd.o(i.HAL_SD_InitCard)
    HAL_SD_MspInit                           0x08001fe1   Thumb Code   134  stm32f7xx_hal_msp.o(i.HAL_SD_MspInit)
    HAL_SPI_Init                             0x08002079   Thumb Code   196  stm32f7xx_hal_spi.o(i.HAL_SPI_Init)
    HAL_SPI_MspInit                          0x0800213d   Thumb Code   368  stm32f7xx_hal_msp.o(i.HAL_SPI_MspInit)
    HAL_SYSTICK_Config                       0x080022d9   Thumb Code    38  stm32f7xx_hal_cortex.o(i.HAL_SYSTICK_Config)
    HAL_TIMEx_ConfigBreakDeadTime            0x08002301   Thumb Code   150  stm32f7xx_hal_tim_ex.o(i.HAL_TIMEx_ConfigBreakDeadTime)
    HAL_TIMEx_MasterConfigSynchronization    0x080023a1   Thumb Code    88  stm32f7xx_hal_tim_ex.o(i.HAL_TIMEx_MasterConfigSynchronization)
    HAL_TIM_Base_Init                        0x08002401   Thumb Code    54  stm32f7xx_hal_tim.o(i.HAL_TIM_Base_Init)
    HAL_TIM_Base_MspInit                     0x08002439   Thumb Code    92  stm32f7xx_hal_msp.o(i.HAL_TIM_Base_MspInit)
    HAL_TIM_ConfigClockSource                0x080024a1   Thumb Code   214  stm32f7xx_hal_tim.o(i.HAL_TIM_ConfigClockSource)
    HAL_TIM_MspPostInit                      0x0800257d   Thumb Code    72  stm32f7xx_hal_msp.o(i.HAL_TIM_MspPostInit)
    HAL_TIM_OC_ConfigChannel                 0x080025d1   Thumb Code   114  stm32f7xx_hal_tim.o(i.HAL_TIM_OC_ConfigChannel)
    HAL_TIM_OC_Init                          0x08002643   Thumb Code    54  stm32f7xx_hal_tim.o(i.HAL_TIM_OC_Init)
    HAL_TIM_OC_MspInit                       0x08002679   Thumb Code     2  stm32f7xx_hal_tim.o(i.HAL_TIM_OC_MspInit)
    HAL_TIM_SlaveConfigSynchro               0x0800267b   Thumb Code    86  stm32f7xx_hal_tim.o(i.HAL_TIM_SlaveConfigSynchro)
    HAL_UART_Init                            0x080026d1   Thumb Code   102  stm32f7xx_hal_uart.o(i.HAL_UART_Init)
    HAL_UART_MspInit                         0x08002739   Thumb Code   498  stm32f7xx_hal_msp.o(i.HAL_UART_MspInit)
    HardFault_Handler                        0x08002959   Thumb Code     2  stm32f7xx_it.o(i.HardFault_Handler)
    MX_USB_DEVICE_Init                       0x08002e69   Thumb Code    66  usb_device.o(i.MX_USB_DEVICE_Init)
    MemManage_Handler                        0x08002ebd   Thumb Code     2  stm32f7xx_it.o(i.MemManage_Handler)
    NMI_Handler                              0x08002ebf   Thumb Code     2  stm32f7xx_it.o(i.NMI_Handler)
    OTG_HS_IRQHandler                        0x08002ec1   Thumb Code     6  stm32f7xx_it.o(i.OTG_HS_IRQHandler)
    PendSV_Handler                           0x0800304b   Thumb Code     2  stm32f7xx_it.o(i.PendSV_Handler)
    SDMMC1_IRQHandler                        0x0800304d   Thumb Code     2  stm32f7xx_it.o(i.SDMMC1_IRQHandler)
    SDMMC_CmdAppCommand                      0x0800304f   Thumb Code    50  stm32f7xx_ll_sdmmc.o(i.SDMMC_CmdAppCommand)
    SDMMC_CmdAppOperCommand                  0x08003081   Thumb Code    48  stm32f7xx_ll_sdmmc.o(i.SDMMC_CmdAppOperCommand)
    SDMMC_CmdBlockLength                     0x080030b5   Thumb Code    50  stm32f7xx_ll_sdmmc.o(i.SDMMC_CmdBlockLength)
    SDMMC_CmdBusWidth                        0x080030e7   Thumb Code    50  stm32f7xx_ll_sdmmc.o(i.SDMMC_CmdBusWidth)
    SDMMC_CmdGoIdleState                     0x08003119   Thumb Code    76  stm32f7xx_ll_sdmmc.o(i.SDMMC_CmdGoIdleState)
    SDMMC_CmdOperCond                        0x08003169   Thumb Code    94  stm32f7xx_ll_sdmmc.o(i.SDMMC_CmdOperCond)
    SDMMC_CmdSelDesel                        0x080031cd   Thumb Code    48  stm32f7xx_ll_sdmmc.o(i.SDMMC_CmdSelDesel)
    SDMMC_CmdSendCID                         0x080031fd   Thumb Code    42  stm32f7xx_ll_sdmmc.o(i.SDMMC_CmdSendCID)
    SDMMC_CmdSendCSD                         0x08003227   Thumb Code    46  stm32f7xx_ll_sdmmc.o(i.SDMMC_CmdSendCSD)
    SDMMC_CmdSendSCR                         0x08003255   Thumb Code    48  stm32f7xx_ll_sdmmc.o(i.SDMMC_CmdSendSCR)
    SDMMC_CmdSetRelAdd                       0x08003285   Thumb Code    48  stm32f7xx_ll_sdmmc.o(i.SDMMC_CmdSetRelAdd)
    SDMMC_ConfigData                         0x080032b5   Thumb Code    38  stm32f7xx_ll_sdmmc.o(i.SDMMC_ConfigData)
    SDMMC_GetPowerState                      0x0800350d   Thumb Code     8  stm32f7xx_ll_sdmmc.o(i.SDMMC_GetPowerState)
    SDMMC_GetResponse                        0x08003515   Thumb Code    12  stm32f7xx_ll_sdmmc.o(i.SDMMC_GetResponse)
    SDMMC_Init                               0x08003521   Thumb Code    34  stm32f7xx_ll_sdmmc.o(i.SDMMC_Init)
    SDMMC_PowerState_ON                      0x08003543   Thumb Code     8  stm32f7xx_ll_sdmmc.o(i.SDMMC_PowerState_ON)
    SDMMC_ReadFIFO                           0x0800354b   Thumb Code     6  stm32f7xx_ll_sdmmc.o(i.SDMMC_ReadFIFO)
    SDMMC_SendCommand                        0x08003551   Thumb Code    34  stm32f7xx_ll_sdmmc.o(i.SDMMC_SendCommand)
    SVC_Handler                              0x08003871   Thumb Code     2  stm32f7xx_it.o(i.SVC_Handler)
    SysTick_Handler                          0x08003873   Thumb Code     4  stm32f7xx_it.o(i.SysTick_Handler)
    SystemClock_Config                       0x08003879   Thumb Code   158  main.o(i.SystemClock_Config)
    SystemInit                               0x08003925   Thumb Code    68  system_stm32f7xx.o(i.SystemInit)
    TIM_Base_SetConfig                       0x08003979   Thumb Code   158  stm32f7xx_hal_tim.o(i.TIM_Base_SetConfig)
    TIM_ETR_SetConfig                        0x08003a45   Thumb Code    18  stm32f7xx_hal_tim.o(i.TIM_ETR_SetConfig)
    TIM_OC2_SetConfig                        0x08003add   Thumb Code   108  stm32f7xx_hal_tim.o(i.TIM_OC2_SetConfig)
    UART4_IRQHandler                         0x08003da7   Thumb Code     2  stm32f7xx_it.o(i.UART4_IRQHandler)
    UART8_IRQHandler                         0x08003da9   Thumb Code     2  stm32f7xx_it.o(i.UART8_IRQHandler)
    UART_AdvFeatureConfig                    0x08003dab   Thumb Code   200  stm32f7xx_hal_uart.o(i.UART_AdvFeatureConfig)
    UART_CheckIdleState                      0x08003e73   Thumb Code    60  stm32f7xx_hal_uart.o(i.UART_CheckIdleState)
    UART_SetConfig                           0x08003eb1   Thumb Code   546  stm32f7xx_hal_uart.o(i.UART_SetConfig)
    UART_WaitOnFlagUntilTimeout              0x08004105   Thumb Code    96  stm32f7xx_hal_uart.o(i.UART_WaitOnFlagUntilTimeout)
    USART1_IRQHandler                        0x08004165   Thumb Code     2  stm32f7xx_it.o(i.USART1_IRQHandler)
    USART2_IRQHandler                        0x08004167   Thumb Code     2  stm32f7xx_it.o(i.USART2_IRQHandler)
    USART3_IRQHandler                        0x08004169   Thumb Code     2  stm32f7xx_it.o(i.USART3_IRQHandler)
    USART6_IRQHandler                        0x0800416b   Thumb Code     2  stm32f7xx_it.o(i.USART6_IRQHandler)
    USBD_CDC_GetDeviceQualifierDescriptor    0x0800424d   Thumb Code     8  usbd_cdc.o(i.USBD_CDC_GetDeviceQualifierDescriptor)
    USBD_CDC_ReceivePacket                   0x08004311   Thumb Code    40  usbd_cdc.o(i.USBD_CDC_ReceivePacket)
    USBD_CDC_RegisterInterface               0x08004339   Thumb Code    20  usbd_cdc.o(i.USBD_CDC_RegisterInterface)
    USBD_CDC_SetRxBuffer                     0x0800434d   Thumb Code    12  usbd_cdc.o(i.USBD_CDC_SetRxBuffer)
    USBD_CDC_SetTxBuffer                     0x08004359   Thumb Code    16  usbd_cdc.o(i.USBD_CDC_SetTxBuffer)
    USBD_ClrClassConfig                      0x08004417   Thumb Code    14  usbd_core.o(i.USBD_ClrClassConfig)
    USBD_CtlContinueRx                       0x08004425   Thumb Code    16  usbd_ioreq.o(i.USBD_CtlContinueRx)
    USBD_CtlContinueSendData                 0x08004435   Thumb Code    16  usbd_ioreq.o(i.USBD_CtlContinueSendData)
    USBD_CtlError                            0x08004445   Thumb Code    22  usbd_ctlreq.o(i.USBD_CtlError)
    USBD_CtlPrepareRx                        0x0800445b   Thumb Code    30  usbd_ioreq.o(i.USBD_CtlPrepareRx)
    USBD_CtlReceiveStatus                    0x08004479   Thumb Code    22  usbd_ioreq.o(i.USBD_CtlReceiveStatus)
    USBD_CtlSendData                         0x0800448f   Thumb Code    26  usbd_ioreq.o(i.USBD_CtlSendData)
    USBD_CtlSendStatus                       0x080044a9   Thumb Code    22  usbd_ioreq.o(i.USBD_CtlSendStatus)
    USBD_GetString                           0x080045bd   Thumb Code    74  usbd_ctlreq.o(i.USBD_GetString)
    USBD_Get_USB_Status                      0x08004607   Thumb Code    24  usbd_conf.o(i.USBD_Get_USB_Status)
    USBD_HS_ConfigStrDescriptor              0x08004621   Thumb Code    16  usbd_desc.o(i.USBD_HS_ConfigStrDescriptor)
    USBD_HS_DeviceDescriptor                 0x08004641   Thumb Code     8  usbd_desc.o(i.USBD_HS_DeviceDescriptor)
    USBD_HS_InterfaceStrDescriptor           0x0800464d   Thumb Code    16  usbd_desc.o(i.USBD_HS_InterfaceStrDescriptor)
    USBD_HS_LangIDStrDescriptor              0x08004671   Thumb Code     8  usbd_desc.o(i.USBD_HS_LangIDStrDescriptor)
    USBD_HS_ManufacturerStrDescriptor        0x0800467d   Thumb Code    16  usbd_desc.o(i.USBD_HS_ManufacturerStrDescriptor)
    USBD_HS_ProductStrDescriptor             0x080046a5   Thumb Code    16  usbd_desc.o(i.USBD_HS_ProductStrDescriptor)
    USBD_HS_SerialStrDescriptor              0x080046d1   Thumb Code    50  usbd_desc.o(i.USBD_HS_SerialStrDescriptor)
    USBD_HS_USR_BOSDescriptor                0x0800470d   Thumb Code     8  usbd_desc.o(i.USBD_HS_USR_BOSDescriptor)
    USBD_Init                                0x08004719   Thumb Code    42  usbd_core.o(i.USBD_Init)
    USBD_LL_ClearStallEP                     0x08004743   Thumb Code    18  usbd_conf.o(i.USBD_LL_ClearStallEP)
    USBD_LL_CloseEP                          0x08004755   Thumb Code    18  usbd_conf.o(i.USBD_LL_CloseEP)
    USBD_LL_DataInStage                      0x08004767   Thumb Code   194  usbd_core.o(i.USBD_LL_DataInStage)
    USBD_LL_DataOutStage                     0x08004829   Thumb Code   130  usbd_core.o(i.USBD_LL_DataOutStage)
    USBD_LL_DevConnected                     0x080048ab   Thumb Code     4  usbd_core.o(i.USBD_LL_DevConnected)
    USBD_LL_DevDisconnected                  0x080048af   Thumb Code    22  usbd_core.o(i.USBD_LL_DevDisconnected)
    USBD_LL_GetRxDataSize                    0x080048c5   Thumb Code     8  usbd_conf.o(i.USBD_LL_GetRxDataSize)
    USBD_LL_Init                             0x080048cd   Thumb Code    94  usbd_conf.o(i.USBD_LL_Init)
    USBD_LL_IsStallEP                        0x08004935   Thumb Code    32  usbd_conf.o(i.USBD_LL_IsStallEP)
    USBD_LL_IsoINIncomplete                  0x08004955   Thumb Code     4  usbd_core.o(i.USBD_LL_IsoINIncomplete)
    USBD_LL_IsoOUTIncomplete                 0x08004959   Thumb Code     4  usbd_core.o(i.USBD_LL_IsoOUTIncomplete)
    USBD_LL_OpenEP                           0x0800495d   Thumb Code    24  usbd_conf.o(i.USBD_LL_OpenEP)
    USBD_LL_PrepareReceive                   0x08004975   Thumb Code    18  usbd_conf.o(i.USBD_LL_PrepareReceive)
    USBD_LL_Reset                            0x08004987   Thumb Code    80  usbd_core.o(i.USBD_LL_Reset)
    USBD_LL_Resume                           0x080049d7   Thumb Code    12  usbd_core.o(i.USBD_LL_Resume)
    USBD_LL_SOF                              0x080049e3   Thumb Code    24  usbd_core.o(i.USBD_LL_SOF)
    USBD_LL_SetSpeed                         0x080049fb   Thumb Code     6  usbd_core.o(i.USBD_LL_SetSpeed)
    USBD_LL_SetUSBAddress                    0x08004a01   Thumb Code    18  usbd_conf.o(i.USBD_LL_SetUSBAddress)
    USBD_LL_SetupStage                       0x08004a13   Thumb Code    86  usbd_core.o(i.USBD_LL_SetupStage)
    USBD_LL_StallEP                          0x08004a69   Thumb Code    18  usbd_conf.o(i.USBD_LL_StallEP)
    USBD_LL_Start                            0x08004a7b   Thumb Code    18  usbd_conf.o(i.USBD_LL_Start)
    USBD_LL_Suspend                          0x08004a8d   Thumb Code    18  usbd_core.o(i.USBD_LL_Suspend)
    USBD_LL_Transmit                         0x08004a9f   Thumb Code    18  usbd_conf.o(i.USBD_LL_Transmit)
    USBD_ParseSetupRequest                   0x08004ab1   Thumb Code    40  usbd_ctlreq.o(i.USBD_ParseSetupRequest)
    USBD_RegisterClass                       0x08004ad9   Thumb Code    18  usbd_core.o(i.USBD_RegisterClass)
    USBD_SetClassConfig                      0x08004aeb   Thumb Code    22  usbd_core.o(i.USBD_SetClassConfig)
    USBD_Start                               0x08004b89   Thumb Code    10  usbd_core.o(i.USBD_Start)
    USBD_StdDevReq                           0x08004b93   Thumb Code   276  usbd_ctlreq.o(i.USBD_StdDevReq)
    USBD_StdEPReq                            0x08004ca7   Thumb Code   336  usbd_ctlreq.o(i.USBD_StdEPReq)
    USBD_StdItfReq                           0x08004df7   Thumb Code    78  usbd_ctlreq.o(i.USBD_StdItfReq)
    USB_ActivateEndpoint                     0x08004e45   Thumb Code   124  stm32f7xx_ll_usb.o(i.USB_ActivateEndpoint)
    USB_ActivateSetup                        0x08004ec5   Thumb Code    52  stm32f7xx_ll_usb.o(i.USB_ActivateSetup)
    USB_CoreInit                             0x08004ef9   Thumb Code   220  stm32f7xx_ll_usb.o(i.USB_CoreInit)
    USB_DeactivateEndpoint                   0x08005019   Thumb Code   118  stm32f7xx_ll_usb.o(i.USB_DeactivateEndpoint)
    USB_DevConnect                           0x08005099   Thumb Code    24  stm32f7xx_ll_usb.o(i.USB_DevConnect)
    USB_DevDisconnect                        0x080050b1   Thumb Code    24  stm32f7xx_ll_usb.o(i.USB_DevDisconnect)
    USB_DevInit                              0x080050c9   Thumb Code   386  stm32f7xx_ll_usb.o(i.USB_DevInit)
    USB_DisableGlobalInt                     0x0800525d   Thumb Code    12  stm32f7xx_ll_usb.o(i.USB_DisableGlobalInt)
    USB_EP0StartXfer                         0x08005269   Thumb Code   266  stm32f7xx_ll_usb.o(i.USB_EP0StartXfer)
    USB_EP0_OutStart                         0x08005379   Thumb Code    84  stm32f7xx_ll_usb.o(i.USB_EP0_OutStart)
    USB_EPClearStall                         0x080053d1   Thumb Code    88  stm32f7xx_ll_usb.o(i.USB_EPClearStall)
    USB_EPSetStall                           0x08005429   Thumb Code    88  stm32f7xx_ll_usb.o(i.USB_EPSetStall)
    USB_EPStartXfer                          0x08005481   Thumb Code   452  stm32f7xx_ll_usb.o(i.USB_EPStartXfer)
    USB_EnableGlobalInt                      0x08005649   Thumb Code    12  stm32f7xx_ll_usb.o(i.USB_EnableGlobalInt)
    USB_FlushRxFifo                          0x08005655   Thumb Code    28  stm32f7xx_ll_usb.o(i.USB_FlushRxFifo)
    USB_FlushTxFifo                          0x08005675   Thumb Code    32  stm32f7xx_ll_usb.o(i.USB_FlushTxFifo)
    USB_GetDevSpeed                          0x08005699   Thumb Code    26  stm32f7xx_ll_usb.o(i.USB_GetDevSpeed)
    USB_GetMode                              0x080056b3   Thumb Code     8  stm32f7xx_ll_usb.o(i.USB_GetMode)
    USB_ReadDevAllInEpInterrupt              0x080056bb   Thumb Code    14  stm32f7xx_ll_usb.o(i.USB_ReadDevAllInEpInterrupt)
    USB_ReadDevAllOutEpInterrupt             0x080056c9   Thumb Code    14  stm32f7xx_ll_usb.o(i.USB_ReadDevAllOutEpInterrupt)
    USB_ReadDevInEPInterrupt                 0x080056d7   Thumb Code    36  stm32f7xx_ll_usb.o(i.USB_ReadDevInEPInterrupt)
    USB_ReadDevOutEPInterrupt                0x080056fb   Thumb Code    16  stm32f7xx_ll_usb.o(i.USB_ReadDevOutEPInterrupt)
    USB_ReadInterrupts                       0x0800570b   Thumb Code     8  stm32f7xx_ll_usb.o(i.USB_ReadInterrupts)
    USB_ReadPacket                           0x08005713   Thumb Code    28  stm32f7xx_ll_usb.o(i.USB_ReadPacket)
    USB_SetCurrentMode                       0x0800572f   Thumb Code    46  stm32f7xx_ll_usb.o(i.USB_SetCurrentMode)
    USB_SetDevAddress                        0x0800575d   Thumb Code    34  stm32f7xx_ll_usb.o(i.USB_SetDevAddress)
    USB_SetTurnaroundTime                    0x08005781   Thumb Code   158  stm32f7xx_ll_usb.o(i.USB_SetTurnaroundTime)
    USB_WritePacket                          0x08005869   Thumb Code    36  stm32f7xx_ll_usb.o(i.USB_WritePacket)
    UsageFault_Handler                       0x0800588d   Thumb Code     2  stm32f7xx_it.o(i.UsageFault_Handler)
    __scatterload_copy                       0x080058b1   Thumb Code    14  handlers.o(i.__scatterload_copy)
    __scatterload_null                       0x080058bf   Thumb Code     2  handlers.o(i.__scatterload_null)
    __scatterload_zeroinit                   0x080058c1   Thumb Code    14  handlers.o(i.__scatterload_zeroinit)
    free                                     0x080058d1   Thumb Code    76  malloc.o(i.free)
    main                                     0x08005921   Thumb Code   212  main.o(i.main)
    malloc                                   0x08005a05   Thumb Code    92  malloc.o(i.malloc)
    AHBPrescTable                            0x08005a70   Data          16  system_stm32f7xx.o(.constdata)
    APBPrescTable                            0x08005a80   Data           8  system_stm32f7xx.o(.constdata)
    Region$$Table$$Base                      0x08005a88   Number         0  anon$$obj.o(Region$$Table)
    Region$$Table$$Limit                     0x08005aa8   Number         0  anon$$obj.o(Region$$Table)
    HS_Desc                                  0x20000000   Data          32  usbd_desc.o(.data)
    USBD_LangIDDesc                          0x20000020   Data           4  usbd_desc.o(.data)
    USBD_HS_DeviceDesc                       0x20000024   Data          18  usbd_desc.o(.data)
    USBD_HS_BOSDesc                          0x20000038   Data          12  usbd_desc.o(.data)
    USBD_StringSerial                        0x20000044   Data          26  usbd_desc.o(.data)
    USBD_Interface_fops_HS                   0x20000060   Data          16  usbd_cdc_if.o(.data)
    uwTickFreq                               0x20000078   Data           1  stm32f7xx_hal.o(.data)
    uwTickPrio                               0x2000007c   Data           4  stm32f7xx_hal.o(.data)
    uwTick                                   0x20000080   Data           4  stm32f7xx_hal.o(.data)
    SystemCoreClock                          0x20000084   Data           4  system_stm32f7xx.o(.data)
    USBD_CDC_CfgHSDesc                       0x20000098   Data          67  usbd_cdc.o(.data)
    USBD_CDC_CfgFSDesc                       0x200000dc   Data          67  usbd_cdc.o(.data)
    USBD_CDC_OtherSpeedCfgDesc               0x20000120   Data          67  usbd_cdc.o(.data)
    USBD_CDC                                 0x20000164   Data          56  usbd_cdc.o(.data)
    __microlib_freelist                      0x2000019c   Data           4  mvars.o(.data)
    __microlib_freelist_initialised          0x200001a0   Data           4  mvars.o(.data)
    hsd1                                     0x200001a4   Data         132  main.o(.bss)
    hspi1                                    0x20000228   Data         100  main.o(.bss)
    hspi2                                    0x2000028c   Data         100  main.o(.bss)
    hspi3                                    0x200002f0   Data         100  main.o(.bss)
    hspi4                                    0x20000354   Data         100  main.o(.bss)
    hspi5                                    0x200003b8   Data         100  main.o(.bss)
    htim1                                    0x2000041c   Data          64  main.o(.bss)
    huart4                                   0x2000045c   Data         128  main.o(.bss)
    huart8                                   0x200004dc   Data         128  main.o(.bss)
    huart1                                   0x2000055c   Data         128  main.o(.bss)
    huart2                                   0x200005dc   Data         128  main.o(.bss)
    huart3                                   0x2000065c   Data         128  main.o(.bss)
    huart6                                   0x200006dc   Data         128  main.o(.bss)
    hsdram1                                  0x2000075c   Data          52  main.o(.bss)
    hUsbDeviceHS                             0x20000790   Data         668  usb_device.o(.bss)
    hpcd_USB_OTG_HS                          0x20000a2c   Data        1028  usbd_conf.o(.bss)
    USBD_StrDesc                             0x20000e30   Data         512  usbd_desc.o(.bss)
    UserRxBufferHS                           0x20001030   Data        2048  usbd_cdc_if.o(.bss)
    UserTxBufferHS                           0x20001830   Data        2048  usbd_cdc_if.o(.bss)
    __heap_base                              0x20002030   Data           0  startup_stm32f723xx.o(HEAP)
    __heap_limit                             0x20002430   Data           0  startup_stm32f723xx.o(HEAP)
    __initial_sp                             0x20002830   Data           0  startup_stm32f723xx.o(STACK)



==============================================================================

Memory Map of the image

  Image Entry point : 0x080001e1

  Load Region LR_IROM1 (Base: 0x08000000, Size: 0x00005c4c, Max: 0x00080000, ABSOLUTE, COMPRESSED[0x00005b78])

    Execution Region ER_IROM1 (Exec base: 0x08000000, Load base: 0x08000000, Size: 0x00005aa8, Max: 0x00080000, ABSOLUTE)

    Exec Addr    Load Addr    Size         Type   Attr      Idx    E Section Name        Object

    0x08000000   0x08000000   0x000001e0   Data   RO            3    RESET               startup_stm32f723xx.o
    0x080001e0   0x080001e0   0x00000000   Code   RO         6036  * .ARM.Collect$$$$00000000  mc_w.l(entry.o)
    0x080001e0   0x080001e0   0x00000004   Code   RO         6075    .ARM.Collect$$$$00000001  mc_w.l(entry2.o)
    0x080001e4   0x080001e4   0x00000004   Code   RO         6078    .ARM.Collect$$$$00000004  mc_w.l(entry5.o)
    0x080001e8   0x080001e8   0x00000000   Code   RO         6080    .ARM.Collect$$$$00000008  mc_w.l(entry7b.o)
    0x080001e8   0x080001e8   0x00000000   Code   RO         6082    .ARM.Collect$$$$0000000A  mc_w.l(entry8b.o)
    0x080001e8   0x080001e8   0x00000008   Code   RO         6083    .ARM.Collect$$$$0000000B  mc_w.l(entry9a.o)
    0x080001f0   0x080001f0   0x00000000   Code   RO         6085    .ARM.Collect$$$$0000000D  mc_w.l(entry10a.o)
    0x080001f0   0x080001f0   0x00000000   Code   RO         6087    .ARM.Collect$$$$0000000F  mc_w.l(entry11a.o)
    0x080001f0   0x080001f0   0x00000004   Code   RO         6076    .ARM.Collect$$$$00002712  mc_w.l(entry2.o)
    0x080001f4   0x080001f4   0x00000024   Code   RO            4    .text               startup_stm32f723xx.o
    0x08000218   0x08000218   0x00000062   Code   RO         6039    .text               mc_w.l(uldiv.o)
    0x0800027a   0x0800027a   0x00000024   Code   RO         6041    .text               mc_w.l(memcpya.o)
    0x0800029e   0x0800029e   0x00000024   Code   RO         6043    .text               mc_w.l(memseta.o)
    0x080002c2   0x080002c2   0x0000001e   Code   RO         6089    .text               mc_w.l(llshl.o)
    0x080002e0   0x080002e0   0x00000020   Code   RO         6091    .text               mc_w.l(llushr.o)
    0x08000300   0x08000300   0x00000024   Code   RO         6095    .text               mc_w.l(init.o)
    0x08000324   0x08000324   0x00000056   Code   RO         6105    .text               mc_w.l(__dczerorl2.o)
    0x0800037a   0x0800037a   0x00000002   Code   RO          668    i.BusFault_Handler  stm32f7xx_it.o
    0x0800037c   0x0800037c   0x00000004   Code   RO          616    i.CDC_Control_HS    usbd_cdc_if.o
    0x08000380   0x08000380   0x00000004   Code   RO          617    i.CDC_DeInit_HS     usbd_cdc_if.o
    0x08000384   0x08000384   0x00000024   Code   RO          618    i.CDC_Init_HS       usbd_cdc_if.o
    0x080003a8   0x080003a8   0x00000018   Code   RO          619    i.CDC_Receive_HS    usbd_cdc_if.o
    0x080003c0   0x080003c0   0x00000002   Code   RO          669    i.DebugMon_Handler  stm32f7xx_it.o
    0x080003c2   0x080003c2   0x00000002   Code   RO           13    i.Error_Handler     main.o
    0x080003c4   0x080003c4   0x0000005e   Code   RO         1613    i.FMC_SDRAM_Init    stm32f7xx_ll_fmc.o
    0x08000422   0x08000422   0x00000002   PAD
    0x08000424   0x08000424   0x0000008c   Code   RO         1617    i.FMC_SDRAM_Timing_Init  stm32f7xx_ll_fmc.o
    0x080004b0   0x080004b0   0x00000024   Code   RO         4870    i.HAL_Delay         stm32f7xx_hal.o
    0x080004d4   0x080004d4   0x000000c0   Code   RO          792    i.HAL_FMC_MspInit   stm32f7xx_hal_msp.o
    0x08000594   0x08000594   0x000001bc   Code   RO         4437    i.HAL_GPIO_Init     stm32f7xx_hal_gpio.o
    0x08000750   0x08000750   0x0000000a   Code   RO         4441    i.HAL_GPIO_WritePin  stm32f7xx_hal_gpio.o
    0x0800075a   0x0800075a   0x00000002   PAD
    0x0800075c   0x0800075c   0x0000000c   Code   RO         4878    i.HAL_GetTick       stm32f7xx_hal.o
    0x08000768   0x08000768   0x00000010   Code   RO         4884    i.HAL_IncTick       stm32f7xx_hal.o
    0x08000778   0x08000778   0x0000002c   Code   RO         4885    i.HAL_Init          stm32f7xx_hal.o
    0x080007a4   0x080007a4   0x00000040   Code   RO         4886    i.HAL_InitTick      stm32f7xx_hal.o
    0x080007e4   0x080007e4   0x00000030   Code   RO          793    i.HAL_MspInit       stm32f7xx_hal_msp.o
    0x08000814   0x08000814   0x0000001a   Code   RO         1468    i.HAL_NVIC_EnableIRQ  stm32f7xx_hal_cortex.o
    0x0800082e   0x0800082e   0x00000002   PAD
    0x08000830   0x08000830   0x00000040   Code   RO         1474    i.HAL_NVIC_SetPriority  stm32f7xx_hal_cortex.o
    0x08000870   0x08000870   0x00000024   Code   RO         1475    i.HAL_NVIC_SetPriorityGrouping  stm32f7xx_hal_cortex.o
    0x08000894   0x08000894   0x00000028   Code   RO         1109    i.HAL_PCDEx_ActivateLPM  stm32f7xx_hal_pcd_ex.o
    0x080008bc   0x080008bc   0x00000060   Code   RO          323    i.HAL_PCDEx_LPM_Callback  usbd_conf.o
    0x0800091c   0x0800091c   0x00000008   Code   RO         1113    i.HAL_PCDEx_SetRxFiFo  stm32f7xx_hal_pcd_ex.o
    0x08000924   0x08000924   0x00000046   Code   RO         1114    i.HAL_PCDEx_SetTxFiFo  stm32f7xx_hal_pcd_ex.o
    0x0800096a   0x0800096a   0x00000008   Code   RO          324    i.HAL_PCD_ConnectCallback  usbd_conf.o
    0x08000972   0x08000972   0x00000012   Code   RO          325    i.HAL_PCD_DataInStageCallback  usbd_conf.o
    0x08000984   0x08000984   0x00000014   Code   RO          326    i.HAL_PCD_DataOutStageCallback  usbd_conf.o
    0x08000998   0x08000998   0x00000008   Code   RO          327    i.HAL_PCD_DisconnectCallback  usbd_conf.o
    0x080009a0   0x080009a0   0x0000004c   Code   RO          898    i.HAL_PCD_EP_Close  stm32f7xx_hal_pcd.o
    0x080009ec   0x080009ec   0x0000005c   Code   RO          899    i.HAL_PCD_EP_ClrStall  stm32f7xx_hal_pcd.o
    0x08000a48   0x08000a48   0x00000012   Code   RO          901    i.HAL_PCD_EP_GetRxCount  stm32f7xx_hal_pcd.o
    0x08000a5a   0x08000a5a   0x00000060   Code   RO          902    i.HAL_PCD_EP_Open   stm32f7xx_hal_pcd.o
    0x08000aba   0x08000aba   0x00000044   Code   RO          903    i.HAL_PCD_EP_Receive  stm32f7xx_hal_pcd.o
    0x08000afe   0x08000afe   0x00000074   Code   RO          904    i.HAL_PCD_EP_SetStall  stm32f7xx_hal_pcd.o
    0x08000b72   0x08000b72   0x00000044   Code   RO          905    i.HAL_PCD_EP_Transmit  stm32f7xx_hal_pcd.o
    0x08000bb6   0x08000bb6   0x00000002   PAD
    0x08000bb8   0x08000bb8   0x000004aa   Code   RO          907    i.HAL_PCD_IRQHandler  stm32f7xx_hal_pcd.o
    0x08001062   0x08001062   0x00000008   Code   RO          328    i.HAL_PCD_ISOINIncompleteCallback  usbd_conf.o
    0x0800106a   0x0800106a   0x00000008   Code   RO          329    i.HAL_PCD_ISOOUTIncompleteCallback  usbd_conf.o
    0x08001072   0x08001072   0x00000002   PAD
    0x08001074   0x08001074   0x000000ea   Code   RO          910    i.HAL_PCD_Init      stm32f7xx_hal_pcd.o
    0x0800115e   0x0800115e   0x00000002   PAD
    0x08001160   0x08001160   0x00000094   Code   RO          331    i.HAL_PCD_MspInit   usbd_conf.o
    0x080011f4   0x080011f4   0x0000002c   Code   RO          332    i.HAL_PCD_ResetCallback  usbd_conf.o
    0x08001220   0x08001220   0x00000008   Code   RO          333    i.HAL_PCD_ResumeCallback  usbd_conf.o
    0x08001228   0x08001228   0x00000008   Code   RO          334    i.HAL_PCD_SOFCallback  usbd_conf.o
    0x08001230   0x08001230   0x00000028   Code   RO          916    i.HAL_PCD_SetAddress  stm32f7xx_hal_pcd.o
    0x08001258   0x08001258   0x0000000e   Code   RO          335    i.HAL_PCD_SetupStageCallback  usbd_conf.o
    0x08001266   0x08001266   0x0000002a   Code   RO          918    i.HAL_PCD_Start     stm32f7xx_hal_pcd.o
    0x08001290   0x08001290   0x00000030   Code   RO          336    i.HAL_PCD_SuspendCallback  usbd_conf.o
    0x080012c0   0x080012c0   0x0000006c   Code   RO         4777    i.HAL_PWREx_EnableOverDrive  stm32f7xx_hal_pwr_ex.o
    0x0800132c   0x0800132c   0x00000454   Code   RO         4198    i.HAL_RCCEx_PeriphCLKConfig  stm32f7xx_hal_rcc_ex.o
    0x08001780   0x08001780   0x0000012c   Code   RO         4091    i.HAL_RCC_ClockConfig  stm32f7xx_hal_rcc.o
    0x080018ac   0x080018ac   0x0000000c   Code   RO         4096    i.HAL_RCC_GetHCLKFreq  stm32f7xx_hal_rcc.o
    0x080018b8   0x080018b8   0x00000020   Code   RO         4098    i.HAL_RCC_GetPCLK1Freq  stm32f7xx_hal_rcc.o
    0x080018d8   0x080018d8   0x00000020   Code   RO         4099    i.HAL_RCC_GetPCLK2Freq  stm32f7xx_hal_rcc.o
    0x080018f8   0x080018f8   0x00000064   Code   RO         4100    i.HAL_RCC_GetSysClockFreq  stm32f7xx_hal_rcc.o
    0x0800195c   0x0800195c   0x00000338   Code   RO         4103    i.HAL_RCC_OscConfig  stm32f7xx_hal_rcc.o
    0x08001c94   0x08001c94   0x00000042   Code   RO         1754    i.HAL_SDRAM_Init    stm32f7xx_hal_sdram.o
    0x08001cd6   0x08001cd6   0x00000004   Code   RO          795    i.HAL_SDRAM_MspInit  stm32f7xx_hal_msp.o
    0x08001cda   0x08001cda   0x00000078   Code   RO         2171    i.HAL_SD_ConfigWideBusOperation  stm32f7xx_hal_sd.o
    0x08001d52   0x08001d52   0x000001fa   Code   RO         2176    i.HAL_SD_GetCardCSD  stm32f7xx_hal_sd.o
    0x08001f4c   0x08001f4c   0x00000036   Code   RO         2183    i.HAL_SD_Init       stm32f7xx_hal_sd.o
    0x08001f82   0x08001f82   0x0000005c   Code   RO         2184    i.HAL_SD_InitCard   stm32f7xx_hal_sd.o
    0x08001fde   0x08001fde   0x00000002   PAD
    0x08001fe0   0x08001fe0   0x00000098   Code   RO          797    i.HAL_SD_MspInit    stm32f7xx_hal_msp.o
    0x08002078   0x08002078   0x000000c4   Code   RO         2414    i.HAL_SPI_Init      stm32f7xx_hal_spi.o
    0x0800213c   0x0800213c   0x0000019c   Code   RO          799    i.HAL_SPI_MspInit   stm32f7xx_hal_msp.o
    0x080022d8   0x080022d8   0x00000026   Code   RO         1479    i.HAL_SYSTICK_Config  stm32f7xx_hal_cortex.o
    0x080022fe   0x080022fe   0x00000002   PAD
    0x08002300   0x08002300   0x000000a0   Code   RO         3445    i.HAL_TIMEx_ConfigBreakDeadTime  stm32f7xx_hal_tim_ex.o
    0x080023a0   0x080023a0   0x00000060   Code   RO         3461    i.HAL_TIMEx_MasterConfigSynchronization  stm32f7xx_hal_tim_ex.o
    0x08002400   0x08002400   0x00000036   Code   RO         2756    i.HAL_TIM_Base_Init  stm32f7xx_hal_tim.o
    0x08002436   0x08002436   0x00000002   PAD
    0x08002438   0x08002438   0x00000068   Code   RO          801    i.HAL_TIM_Base_MspInit  stm32f7xx_hal_msp.o
    0x080024a0   0x080024a0   0x000000dc   Code   RO         2765    i.HAL_TIM_ConfigClockSource  stm32f7xx_hal_tim.o
    0x0800257c   0x0800257c   0x00000054   Code   RO          802    i.HAL_TIM_MspPostInit  stm32f7xx_hal_msp.o
    0x080025d0   0x080025d0   0x00000072   Code   RO         2800    i.HAL_TIM_OC_ConfigChannel  stm32f7xx_hal_tim.o
    0x08002642   0x08002642   0x00000036   Code   RO         2804    i.HAL_TIM_OC_Init   stm32f7xx_hal_tim.o
    0x08002678   0x08002678   0x00000002   Code   RO         2806    i.HAL_TIM_OC_MspInit  stm32f7xx_hal_tim.o
    0x0800267a   0x0800267a   0x00000056   Code   RO         2840    i.HAL_TIM_SlaveConfigSynchro  stm32f7xx_hal_tim.o
    0x080026d0   0x080026d0   0x00000066   Code   RO         3730    i.HAL_UART_Init     stm32f7xx_hal_uart.o
    0x08002736   0x08002736   0x00000002   PAD
    0x08002738   0x08002738   0x00000220   Code   RO          804    i.HAL_UART_MspInit  stm32f7xx_hal_msp.o
    0x08002958   0x08002958   0x00000002   Code   RO          670    i.HardFault_Handler  stm32f7xx_it.o
    0x0800295a   0x0800295a   0x00000002   PAD
    0x0800295c   0x0800295c   0x00000038   Code   RO          524    i.IntToUnicode      usbd_desc.o
    0x08002994   0x08002994   0x00000054   Code   RO           14    i.MX_FMC_Init       main.o
    0x080029e8   0x080029e8   0x00000170   Code   RO           15    i.MX_GPIO_Init      main.o
    0x08002b58   0x08002b58   0x00000038   Code   RO           16    i.MX_SPI1_Init      main.o
    0x08002b90   0x08002b90   0x0000003c   Code   RO           17    i.MX_SPI2_Init      main.o
    0x08002bcc   0x08002bcc   0x0000003c   Code   RO           18    i.MX_SPI3_Init      main.o
    0x08002c08   0x08002c08   0x0000003c   Code   RO           19    i.MX_SPI4_Init      main.o
    0x08002c44   0x08002c44   0x0000003c   Code   RO           20    i.MX_SPI5_Init      main.o
    0x08002c80   0x08002c80   0x000000c8   Code   RO           21    i.MX_TIM1_Init      main.o
    0x08002d48   0x08002d48   0x00000030   Code   RO           22    i.MX_UART4_Init     main.o
    0x08002d78   0x08002d78   0x00000030   Code   RO           23    i.MX_UART8_Init     main.o
    0x08002da8   0x08002da8   0x00000030   Code   RO           24    i.MX_USART1_UART_Init  main.o
    0x08002dd8   0x08002dd8   0x00000030   Code   RO           25    i.MX_USART2_UART_Init  main.o
    0x08002e08   0x08002e08   0x00000030   Code   RO           26    i.MX_USART3_UART_Init  main.o
    0x08002e38   0x08002e38   0x00000030   Code   RO           27    i.MX_USART6_UART_Init  main.o
    0x08002e68   0x08002e68   0x00000054   Code   RO          271    i.MX_USB_DEVICE_Init  usb_device.o
    0x08002ebc   0x08002ebc   0x00000002   Code   RO          671    i.MemManage_Handler  stm32f7xx_it.o
    0x08002ebe   0x08002ebe   0x00000002   Code   RO          672    i.NMI_Handler       stm32f7xx_it.o
    0x08002ec0   0x08002ec0   0x0000000c   Code   RO          673    i.OTG_HS_IRQHandler  stm32f7xx_it.o
    0x08002ecc   0x08002ecc   0x000000dc   Code   RO          921    i.PCD_EP_OutXfrComplete_int  stm32f7xx_hal_pcd.o
    0x08002fa8   0x08002fa8   0x000000a2   Code   RO          922    i.PCD_WriteEmptyTxFifo  stm32f7xx_hal_pcd.o
    0x0800304a   0x0800304a   0x00000002   Code   RO          674    i.PendSV_Handler    stm32f7xx_it.o
    0x0800304c   0x0800304c   0x00000002   Code   RO          675    i.SDMMC1_IRQHandler  stm32f7xx_it.o
    0x0800304e   0x0800304e   0x00000032   Code   RO         1904    i.SDMMC_CmdAppCommand  stm32f7xx_ll_sdmmc.o
    0x08003080   0x08003080   0x00000034   Code   RO         1905    i.SDMMC_CmdAppOperCommand  stm32f7xx_ll_sdmmc.o
    0x080030b4   0x080030b4   0x00000032   Code   RO         1906    i.SDMMC_CmdBlockLength  stm32f7xx_ll_sdmmc.o
    0x080030e6   0x080030e6   0x00000032   Code   RO         1907    i.SDMMC_CmdBusWidth  stm32f7xx_ll_sdmmc.o
    0x08003118   0x08003118   0x00000050   Code   RO         1911    i.SDMMC_CmdGoIdleState  stm32f7xx_ll_sdmmc.o
    0x08003168   0x08003168   0x00000064   Code   RO         1913    i.SDMMC_CmdOperCond  stm32f7xx_ll_sdmmc.o
    0x080031cc   0x080031cc   0x00000030   Code   RO         1918    i.SDMMC_CmdSelDesel  stm32f7xx_ll_sdmmc.o
    0x080031fc   0x080031fc   0x0000002a   Code   RO         1919    i.SDMMC_CmdSendCID  stm32f7xx_ll_sdmmc.o
    0x08003226   0x08003226   0x0000002e   Code   RO         1920    i.SDMMC_CmdSendCSD  stm32f7xx_ll_sdmmc.o
    0x08003254   0x08003254   0x00000030   Code   RO         1921    i.SDMMC_CmdSendSCR  stm32f7xx_ll_sdmmc.o
    0x08003284   0x08003284   0x00000030   Code   RO         1923    i.SDMMC_CmdSetRelAdd  stm32f7xx_ll_sdmmc.o
    0x080032b4   0x080032b4   0x00000026   Code   RO         1929    i.SDMMC_ConfigData  stm32f7xx_ll_sdmmc.o
    0x080032da   0x080032da   0x00000002   PAD
    0x080032dc   0x080032dc   0x0000011c   Code   RO         1930    i.SDMMC_GetCmdResp1  stm32f7xx_ll_sdmmc.o
    0x080033f8   0x080033f8   0x00000050   Code   RO         1931    i.SDMMC_GetCmdResp2  stm32f7xx_ll_sdmmc.o
    0x08003448   0x08003448   0x00000040   Code   RO         1932    i.SDMMC_GetCmdResp3  stm32f7xx_ll_sdmmc.o
    0x08003488   0x08003488   0x00000084   Code   RO         1933    i.SDMMC_GetCmdResp6  stm32f7xx_ll_sdmmc.o
    0x0800350c   0x0800350c   0x00000008   Code   RO         1937    i.SDMMC_GetPowerState  stm32f7xx_ll_sdmmc.o
    0x08003514   0x08003514   0x0000000c   Code   RO         1938    i.SDMMC_GetResponse  stm32f7xx_ll_sdmmc.o
    0x08003520   0x08003520   0x00000022   Code   RO         1939    i.SDMMC_Init        stm32f7xx_ll_sdmmc.o
    0x08003542   0x08003542   0x00000008   Code   RO         1941    i.SDMMC_PowerState_ON  stm32f7xx_ll_sdmmc.o
    0x0800354a   0x0800354a   0x00000006   Code   RO         1942    i.SDMMC_ReadFIFO    stm32f7xx_ll_sdmmc.o
    0x08003550   0x08003550   0x00000022   Code   RO         1943    i.SDMMC_SendCommand  stm32f7xx_ll_sdmmc.o
    0x08003572   0x08003572   0x000000d6   Code   RO         2200    i.SD_FindSCR        stm32f7xx_hal_sd.o
    0x08003648   0x08003648   0x000000e6   Code   RO         2201    i.SD_InitCard       stm32f7xx_hal_sd.o
    0x0800372e   0x0800372e   0x000000a6   Code   RO         2202    i.SD_PowerON        stm32f7xx_hal_sd.o
    0x080037d4   0x080037d4   0x0000004e   Code   RO         2204    i.SD_WideBus_Disable  stm32f7xx_hal_sd.o
    0x08003822   0x08003822   0x0000004e   Code   RO         2205    i.SD_WideBus_Enable  stm32f7xx_hal_sd.o
    0x08003870   0x08003870   0x00000002   Code   RO          676    i.SVC_Handler       stm32f7xx_it.o
    0x08003872   0x08003872   0x00000004   Code   RO          677    i.SysTick_Handler   stm32f7xx_it.o
    0x08003876   0x08003876   0x00000002   PAD
    0x08003878   0x08003878   0x000000ac   Code   RO           28    i.SystemClock_Config  main.o
    0x08003924   0x08003924   0x00000054   Code   RO         5633    i.SystemInit        system_stm32f7xx.o
    0x08003978   0x08003978   0x000000cc   Code   RO         2844    i.TIM_Base_SetConfig  stm32f7xx_hal_tim.o
    0x08003a44   0x08003a44   0x00000012   Code   RO         2855    i.TIM_ETR_SetConfig  stm32f7xx_hal_tim.o
    0x08003a56   0x08003a56   0x00000010   Code   RO         2856    i.TIM_ITRx_SetConfig  stm32f7xx_hal_tim.o
    0x08003a66   0x08003a66   0x00000002   PAD
    0x08003a68   0x08003a68   0x00000074   Code   RO         2857    i.TIM_OC1_SetConfig  stm32f7xx_hal_tim.o
    0x08003adc   0x08003adc   0x00000078   Code   RO         2858    i.TIM_OC2_SetConfig  stm32f7xx_hal_tim.o
    0x08003b54   0x08003b54   0x00000078   Code   RO         2859    i.TIM_OC3_SetConfig  stm32f7xx_hal_tim.o
    0x08003bcc   0x08003bcc   0x00000058   Code   RO         2860    i.TIM_OC4_SetConfig  stm32f7xx_hal_tim.o
    0x08003c24   0x08003c24   0x00000058   Code   RO         2861    i.TIM_OC5_SetConfig  stm32f7xx_hal_tim.o
    0x08003c7c   0x08003c7c   0x00000058   Code   RO         2862    i.TIM_OC6_SetConfig  stm32f7xx_hal_tim.o
    0x08003cd4   0x08003cd4   0x0000008c   Code   RO         2863    i.TIM_SlaveTimer_SetConfig  stm32f7xx_hal_tim.o
    0x08003d60   0x08003d60   0x00000022   Code   RO         2864    i.TIM_TI1_ConfigInputStage  stm32f7xx_hal_tim.o
    0x08003d82   0x08003d82   0x00000024   Code   RO         2866    i.TIM_TI2_ConfigInputStage  stm32f7xx_hal_tim.o
    0x08003da6   0x08003da6   0x00000002   Code   RO          678    i.UART4_IRQHandler  stm32f7xx_it.o
    0x08003da8   0x08003da8   0x00000002   Code   RO          679    i.UART8_IRQHandler  stm32f7xx_it.o
    0x08003daa   0x08003daa   0x000000c8   Code   RO         3743    i.UART_AdvFeatureConfig  stm32f7xx_hal_uart.o
    0x08003e72   0x08003e72   0x0000003c   Code   RO         3744    i.UART_CheckIdleState  stm32f7xx_hal_uart.o
    0x08003eae   0x08003eae   0x00000002   PAD
    0x08003eb0   0x08003eb0   0x00000254   Code   RO         3759    i.UART_SetConfig    stm32f7xx_hal_uart.o
    0x08004104   0x08004104   0x00000060   Code   RO         3762    i.UART_WaitOnFlagUntilTimeout  stm32f7xx_hal_uart.o
    0x08004164   0x08004164   0x00000002   Code   RO          680    i.USART1_IRQHandler  stm32f7xx_it.o
    0x08004166   0x08004166   0x00000002   Code   RO          681    i.USART2_IRQHandler  stm32f7xx_it.o
    0x08004168   0x08004168   0x00000002   Code   RO          682    i.USART3_IRQHandler  stm32f7xx_it.o
    0x0800416a   0x0800416a   0x00000002   Code   RO          683    i.USART6_IRQHandler  stm32f7xx_it.o
    0x0800416c   0x0800416c   0x0000004a   Code   RO         5933    i.USBD_CDC_DataIn   usbd_cdc.o
    0x080041b6   0x080041b6   0x0000002e   Code   RO         5934    i.USBD_CDC_DataOut  usbd_cdc.o
    0x080041e4   0x080041e4   0x00000044   Code   RO         5935    i.USBD_CDC_DeInit   usbd_cdc.o
    0x08004228   0x08004228   0x00000024   Code   RO         5936    i.USBD_CDC_EP0_RxReady  usbd_cdc.o
    0x0800424c   0x0800424c   0x0000000c   Code   RO         5937    i.USBD_CDC_GetDeviceQualifierDescriptor  usbd_cdc.o
    0x08004258   0x08004258   0x0000000c   Code   RO         5938    i.USBD_CDC_GetFSCfgDesc  usbd_cdc.o
    0x08004264   0x08004264   0x0000000c   Code   RO         5939    i.USBD_CDC_GetHSCfgDesc  usbd_cdc.o
    0x08004270   0x08004270   0x0000000c   Code   RO         5940    i.USBD_CDC_GetOtherSpeedCfgDesc  usbd_cdc.o
    0x0800427c   0x0800427c   0x00000094   Code   RO         5941    i.USBD_CDC_Init     usbd_cdc.o
    0x08004310   0x08004310   0x00000028   Code   RO         5942    i.USBD_CDC_ReceivePacket  usbd_cdc.o
    0x08004338   0x08004338   0x00000014   Code   RO         5943    i.USBD_CDC_RegisterInterface  usbd_cdc.o
    0x0800434c   0x0800434c   0x0000000c   Code   RO         5944    i.USBD_CDC_SetRxBuffer  usbd_cdc.o
    0x08004358   0x08004358   0x00000010   Code   RO         5945    i.USBD_CDC_SetTxBuffer  usbd_cdc.o
    0x08004368   0x08004368   0x000000ae   Code   RO         5946    i.USBD_CDC_Setup    usbd_cdc.o
    0x08004416   0x08004416   0x0000000e   Code   RO         5670    i.USBD_ClrClassConfig  usbd_core.o
    0x08004424   0x08004424   0x00000010   Code   RO         5873    i.USBD_CtlContinueRx  usbd_ioreq.o
    0x08004434   0x08004434   0x00000010   Code   RO         5874    i.USBD_CtlContinueSendData  usbd_ioreq.o
    0x08004444   0x08004444   0x00000016   Code   RO         5808    i.USBD_CtlError     usbd_ctlreq.o
    0x0800445a   0x0800445a   0x0000001e   Code   RO         5875    i.USBD_CtlPrepareRx  usbd_ioreq.o
    0x08004478   0x08004478   0x00000016   Code   RO         5876    i.USBD_CtlReceiveStatus  usbd_ioreq.o
    0x0800448e   0x0800448e   0x0000001a   Code   RO         5877    i.USBD_CtlSendData  usbd_ioreq.o
    0x080044a8   0x080044a8   0x00000016   Code   RO         5878    i.USBD_CtlSendStatus  usbd_ioreq.o
    0x080044be   0x080044be   0x000000fe   Code   RO         5809    i.USBD_GetDescriptor  usbd_ctlreq.o
    0x080045bc   0x080045bc   0x0000004a   Code   RO         5810    i.USBD_GetString    usbd_ctlreq.o
    0x08004606   0x08004606   0x00000018   Code   RO          337    i.USBD_Get_USB_Status  usbd_conf.o
    0x0800461e   0x0800461e   0x00000002   PAD
    0x08004620   0x08004620   0x00000020   Code   RO          525    i.USBD_HS_ConfigStrDescriptor  usbd_desc.o
    0x08004640   0x08004640   0x0000000c   Code   RO          526    i.USBD_HS_DeviceDescriptor  usbd_desc.o
    0x0800464c   0x0800464c   0x00000024   Code   RO          527    i.USBD_HS_InterfaceStrDescriptor  usbd_desc.o
    0x08004670   0x08004670   0x0000000c   Code   RO          528    i.USBD_HS_LangIDStrDescriptor  usbd_desc.o
    0x0800467c   0x0800467c   0x00000028   Code   RO          529    i.USBD_HS_ManufacturerStrDescriptor  usbd_desc.o
    0x080046a4   0x080046a4   0x0000002c   Code   RO          530    i.USBD_HS_ProductStrDescriptor  usbd_desc.o
    0x080046d0   0x080046d0   0x0000003c   Code   RO          531    i.USBD_HS_SerialStrDescriptor  usbd_desc.o
    0x0800470c   0x0800470c   0x0000000c   Code   RO          532    i.USBD_HS_USR_BOSDescriptor  usbd_desc.o
    0x08004718   0x08004718   0x0000002a   Code   RO         5672    i.USBD_Init         usbd_core.o
    0x08004742   0x08004742   0x00000012   Code   RO          338    i.USBD_LL_ClearStallEP  usbd_conf.o
    0x08004754   0x08004754   0x00000012   Code   RO          339    i.USBD_LL_CloseEP   usbd_conf.o
    0x08004766   0x08004766   0x000000c2   Code   RO         5673    i.USBD_LL_DataInStage  usbd_core.o
    0x08004828   0x08004828   0x00000082   Code   RO         5674    i.USBD_LL_DataOutStage  usbd_core.o
    0x080048aa   0x080048aa   0x00000004   Code   RO         5675    i.USBD_LL_DevConnected  usbd_core.o
    0x080048ae   0x080048ae   0x00000016   Code   RO         5676    i.USBD_LL_DevDisconnected  usbd_core.o
    0x080048c4   0x080048c4   0x00000008   Code   RO          343    i.USBD_LL_GetRxDataSize  usbd_conf.o
    0x080048cc   0x080048cc   0x00000068   Code   RO          344    i.USBD_LL_Init      usbd_conf.o
    0x08004934   0x08004934   0x00000020   Code   RO          345    i.USBD_LL_IsStallEP  usbd_conf.o
    0x08004954   0x08004954   0x00000004   Code   RO         5677    i.USBD_LL_IsoINIncomplete  usbd_core.o
    0x08004958   0x08004958   0x00000004   Code   RO         5678    i.USBD_LL_IsoOUTIncomplete  usbd_core.o
    0x0800495c   0x0800495c   0x00000018   Code   RO          346    i.USBD_LL_OpenEP    usbd_conf.o
    0x08004974   0x08004974   0x00000012   Code   RO          347    i.USBD_LL_PrepareReceive  usbd_conf.o
    0x08004986   0x08004986   0x00000050   Code   RO         5679    i.USBD_LL_Reset     usbd_core.o
    0x080049d6   0x080049d6   0x0000000c   Code   RO         5680    i.USBD_LL_Resume    usbd_core.o
    0x080049e2   0x080049e2   0x00000018   Code   RO         5681    i.USBD_LL_SOF       usbd_core.o
    0x080049fa   0x080049fa   0x00000006   Code   RO         5682    i.USBD_LL_SetSpeed  usbd_core.o
    0x08004a00   0x08004a00   0x00000012   Code   RO          348    i.USBD_LL_SetUSBAddress  usbd_conf.o
    0x08004a12   0x08004a12   0x00000056   Code   RO         5683    i.USBD_LL_SetupStage  usbd_core.o
    0x08004a68   0x08004a68   0x00000012   Code   RO          349    i.USBD_LL_StallEP   usbd_conf.o
    0x08004a7a   0x08004a7a   0x00000012   Code   RO          350    i.USBD_LL_Start     usbd_conf.o
    0x08004a8c   0x08004a8c   0x00000012   Code   RO         5684    i.USBD_LL_Suspend   usbd_core.o
    0x08004a9e   0x08004a9e   0x00000012   Code   RO          352    i.USBD_LL_Transmit  usbd_conf.o
    0x08004ab0   0x08004ab0   0x00000028   Code   RO         5811    i.USBD_ParseSetupRequest  usbd_ctlreq.o
    0x08004ad8   0x08004ad8   0x00000012   Code   RO         5685    i.USBD_RegisterClass  usbd_core.o
    0x08004aea   0x08004aea   0x00000016   Code   RO         5687    i.USBD_SetClassConfig  usbd_core.o
    0x08004b00   0x08004b00   0x00000088   Code   RO         5812    i.USBD_SetConfig    usbd_ctlreq.o
    0x08004b88   0x08004b88   0x0000000a   Code   RO         5688    i.USBD_Start        usbd_core.o
    0x08004b92   0x08004b92   0x00000114   Code   RO         5813    i.USBD_StdDevReq    usbd_ctlreq.o
    0x08004ca6   0x08004ca6   0x00000150   Code   RO         5814    i.USBD_StdEPReq     usbd_ctlreq.o
    0x08004df6   0x08004df6   0x0000004e   Code   RO         5815    i.USBD_StdItfReq    usbd_ctlreq.o
    0x08004e44   0x08004e44   0x00000080   Code   RO         1164    i.USB_ActivateEndpoint  stm32f7xx_ll_usb.o
    0x08004ec4   0x08004ec4   0x00000034   Code   RO         1166    i.USB_ActivateSetup  stm32f7xx_ll_usb.o
    0x08004ef8   0x08004ef8   0x000000e8   Code   RO         1168    i.USB_CoreInit      stm32f7xx_ll_usb.o
    0x08004fe0   0x08004fe0   0x00000038   Code   RO         1169    i.USB_CoreReset     stm32f7xx_ll_usb.o
    0x08005018   0x08005018   0x00000080   Code   RO         1172    i.USB_DeactivateEndpoint  stm32f7xx_ll_usb.o
    0x08005098   0x08005098   0x00000018   Code   RO         1173    i.USB_DevConnect    stm32f7xx_ll_usb.o
    0x080050b0   0x080050b0   0x00000018   Code   RO         1174    i.USB_DevDisconnect  stm32f7xx_ll_usb.o
    0x080050c8   0x080050c8   0x00000194   Code   RO         1175    i.USB_DevInit       stm32f7xx_ll_usb.o
    0x0800525c   0x0800525c   0x0000000c   Code   RO         1176    i.USB_DisableGlobalInt  stm32f7xx_ll_usb.o
    0x08005268   0x08005268   0x00000110   Code   RO         1179    i.USB_EP0StartXfer  stm32f7xx_ll_usb.o
    0x08005378   0x08005378   0x00000058   Code   RO         1180    i.USB_EP0_OutStart  stm32f7xx_ll_usb.o
    0x080053d0   0x080053d0   0x00000058   Code   RO         1181    i.USB_EPClearStall  stm32f7xx_ll_usb.o
    0x08005428   0x08005428   0x00000058   Code   RO         1182    i.USB_EPSetStall    stm32f7xx_ll_usb.o
    0x08005480   0x08005480   0x000001c8   Code   RO         1183    i.USB_EPStartXfer   stm32f7xx_ll_usb.o
    0x08005648   0x08005648   0x0000000c   Code   RO         1184    i.USB_EnableGlobalInt  stm32f7xx_ll_usb.o
    0x08005654   0x08005654   0x00000020   Code   RO         1185    i.USB_FlushRxFifo   stm32f7xx_ll_usb.o
    0x08005674   0x08005674   0x00000024   Code   RO         1186    i.USB_FlushTxFifo   stm32f7xx_ll_usb.o
    0x08005698   0x08005698   0x0000001a   Code   RO         1188    i.USB_GetDevSpeed   stm32f7xx_ll_usb.o
    0x080056b2   0x080056b2   0x00000008   Code   RO         1190    i.USB_GetMode       stm32f7xx_ll_usb.o
    0x080056ba   0x080056ba   0x0000000e   Code   RO         1197    i.USB_ReadDevAllInEpInterrupt  stm32f7xx_ll_usb.o
    0x080056c8   0x080056c8   0x0000000e   Code   RO         1198    i.USB_ReadDevAllOutEpInterrupt  stm32f7xx_ll_usb.o
    0x080056d6   0x080056d6   0x00000024   Code   RO         1199    i.USB_ReadDevInEPInterrupt  stm32f7xx_ll_usb.o
    0x080056fa   0x080056fa   0x00000010   Code   RO         1200    i.USB_ReadDevOutEPInterrupt  stm32f7xx_ll_usb.o
    0x0800570a   0x0800570a   0x00000008   Code   RO         1201    i.USB_ReadInterrupts  stm32f7xx_ll_usb.o
    0x08005712   0x08005712   0x0000001c   Code   RO         1202    i.USB_ReadPacket    stm32f7xx_ll_usb.o
    0x0800572e   0x0800572e   0x0000002e   Code   RO         1204    i.USB_SetCurrentMode  stm32f7xx_ll_usb.o
    0x0800575c   0x0800575c   0x00000022   Code   RO         1205    i.USB_SetDevAddress  stm32f7xx_ll_usb.o
    0x0800577e   0x0800577e   0x00000002   PAD
    0x08005780   0x08005780   0x000000e8   Code   RO         1207    i.USB_SetTurnaroundTime  stm32f7xx_ll_usb.o
    0x08005868   0x08005868   0x00000024   Code   RO         1210    i.USB_WritePacket   stm32f7xx_ll_usb.o
    0x0800588c   0x0800588c   0x00000002   Code   RO          684    i.UsageFault_Handler  stm32f7xx_it.o
    0x0800588e   0x0800588e   0x00000022   Code   RO         1481    i.__NVIC_SetPriority  stm32f7xx_hal_cortex.o
    0x080058b0   0x080058b0   0x0000000e   Code   RO         6099    i.__scatterload_copy  mc_w.l(handlers.o)
    0x080058be   0x080058be   0x00000002   Code   RO         6100    i.__scatterload_null  mc_w.l(handlers.o)
    0x080058c0   0x080058c0   0x0000000e   Code   RO         6101    i.__scatterload_zeroinit  mc_w.l(handlers.o)
    0x080058ce   0x080058ce   0x00000002   PAD
    0x080058d0   0x080058d0   0x00000050   Code   RO         6047    i.free              mc_w.l(malloc.o)
    0x08005920   0x08005920   0x000000e4   Code   RO           29    i.main              main.o
    0x08005a04   0x08005a04   0x0000006c   Code   RO         6048    i.malloc            mc_w.l(malloc.o)
    0x08005a70   0x08005a70   0x00000010   Data   RO         5634    .constdata          system_stm32f7xx.o
    0x08005a80   0x08005a80   0x00000008   Data   RO         5635    .constdata          system_stm32f7xx.o
    0x08005a88   0x08005a88   0x00000020   Data   RO         6097    Region$$Table       anon$$obj.o


    Execution Region RW_IRAM1 (Exec base: 0x20000000, Load base: 0x08005aa8, Size: 0x00002830, Max: 0x00040000, ABSOLUTE, COMPRESSED[0x000000d0])

    Exec Addr    Load Addr    Size         Type   Attr      Idx    E Section Name        Object

    0x20000000   COMPRESSED   0x00000020   Data   RW          534    .data               usbd_desc.o
    0x20000020   COMPRESSED   0x0000003e   Data   RW          535    .data               usbd_desc.o
    0x2000005e   COMPRESSED   0x00000002   PAD
    0x20000060   COMPRESSED   0x00000010   Data   RW          622    .data               usbd_cdc_if.o
    0x20000070   COMPRESSED   0x00000008   Data   RW          805    .data               stm32f7xx_hal_msp.o
    0x20000078   COMPRESSED   0x0000000c   Data   RW         4892    .data               stm32f7xx_hal.o
    0x20000084   COMPRESSED   0x00000004   Data   RW         5636    .data               system_stm32f7xx.o
    0x20000088   COMPRESSED   0x00000001   Data   RW         5816    .data               usbd_ctlreq.o
    0x20000089   COMPRESSED   0x00000003   PAD
    0x2000008c   COMPRESSED   0x000000d7   Data   RW         5948    .data               usbd_cdc.o
    0x20000163   COMPRESSED   0x00000001   PAD
    0x20000164   COMPRESSED   0x00000038   Data   RW         5949    .data               usbd_cdc.o
    0x2000019c   COMPRESSED   0x00000004   Data   RW         6093    .data               mc_w.l(mvars.o)
    0x200001a0   COMPRESSED   0x00000004   Data   RW         6094    .data               mc_w.l(mvars.o)
    0x200001a4        -       0x000005ec   Zero   RW           30    .bss                main.o
    0x20000790        -       0x0000029c   Zero   RW          272    .bss                usb_device.o
    0x20000a2c        -       0x00000404   Zero   RW          353    .bss                usbd_conf.o
    0x20000e30        -       0x00000200   Zero   RW          533    .bss                usbd_desc.o
    0x20001030        -       0x00001000   Zero   RW          621    .bss                usbd_cdc_if.o
    0x20002030        -       0x00000400   Zero   RW            2    HEAP                startup_stm32f723xx.o
    0x20002430        -       0x00000400   Zero   RW            1    STACK               startup_stm32f723xx.o


==============================================================================

Image component sizes


      Code (inc. data)   RO Data    RW Data    ZI Data      Debug   Object Name

      1638        166          0          0       1516     825316   main.o
        36          8        480          0       2048        824   startup_stm32f723xx.o
       172         28          0         12          0       8945   stm32f7xx_hal.o
       198         12          0          0          0      38915   stm32f7xx_hal_cortex.o
       454         46          0          0          0       2516   stm32f7xx_hal_gpio.o
      1540        172          0          8          0       6777   stm32f7xx_hal_msp.o
      2426         16          0          0          0      12921   stm32f7xx_hal_pcd.o
       118          6          0          0          0       2448   stm32f7xx_hal_pcd_ex.o
       108          8          0          0          0       1244   stm32f7xx_hal_pwr_ex.o
      1300         74          0          0          0       5500   stm32f7xx_hal_rcc.o
      1108         18          0          0          0       2116   stm32f7xx_hal_rcc_ex.o
      1538          0          0          0          0       8300   stm32f7xx_hal_sd.o
        66          0          0          0          0       1169   stm32f7xx_hal_sdram.o
       196          0          0          0          0       1239   stm32f7xx_hal_spi.o
      1598        144          0          0          0      14246   stm32f7xx_hal_tim.o
       256         18          0          0          0       2260   stm32f7xx_hal_tim_ex.o
      1054         70          0          0          0       4937   stm32f7xx_hal_uart.o
        46          6          0          0          0       7548   stm32f7xx_it.o
       234          6          0          0          0       1985   stm32f7xx_ll_fmc.o
      1314         36          0          0          0      17436   stm32f7xx_ll_sdmmc.o
      2630        146          0          0          0      22691   stm32f7xx_ll_usb.o
        84         16         24          4          0       1191   system_stm32f7xx.o
        84         18          0          0        668       2483   usb_device.o
       682         16          0        271          0      12512   usbd_cdc.o
        68         16          0         16       4096       2570   usbd_cdc_if.o
       754         30          0          0       1028      15277   usbd_conf.o
       690          0          0          0          0      12061   usbd_core.o
      1216         22          0          1          0       8092   usbd_ctlreq.o
       304        110          0         94        512       6437   usbd_desc.o
       132          0          0          0          0       4448   usbd_ioreq.o

    ----------------------------------------------------------------------
     22078       1208        536        412       9868    1054404   Object Totals
         0          0         32          0          0          0   (incl. Generated)
        34          0          0          6          0          0   (incl. Padding)

    ----------------------------------------------------------------------

      Code (inc. data)   RO Data    RW Data    ZI Data      Debug   Library Member Name

        86          0          0          0          0          0   __dczerorl2.o
         0          0          0          0          0          0   entry.o
         0          0          0          0          0          0   entry10a.o
         0          0          0          0          0          0   entry11a.o
         8          4          0          0          0          0   entry2.o
         4          0          0          0          0          0   entry5.o
         0          0          0          0          0          0   entry7b.o
         0          0          0          0          0          0   entry8b.o
         8          4          0          0          0          0   entry9a.o
        30          0          0          0          0          0   handlers.o
        36          8          0          0          0         68   init.o
        30          0          0          0          0         68   llshl.o
        32          0          0          0          0         68   llushr.o
       188         20          0          0          0        160   malloc.o
        36          0          0          0          0         68   memcpya.o
        36          0          0          0          0        108   memseta.o
         0          0          0          8          0          0   mvars.o
        98          0          0          0          0         92   uldiv.o

    ----------------------------------------------------------------------
       594         36          0          8          0        632   Library Totals
         2          0          0          0          0          0   (incl. Padding)

    ----------------------------------------------------------------------

      Code (inc. data)   RO Data    RW Data    ZI Data      Debug   Library Name

       592         36          0          8          0        632   mc_w.l

    ----------------------------------------------------------------------
       594         36          0          8          0        632   Library Totals

    ----------------------------------------------------------------------

==============================================================================


      Code (inc. data)   RO Data    RW Data    ZI Data      Debug   

     22672       1244        536        420       9868    1030660   Grand Totals
     22672       1244        536        208       9868    1030660   ELF Image Totals (compressed)
     22672       1244        536        208          0          0   ROM Totals

==============================================================================

    Total RO  Size (Code + RO Data)                23208 (  22.66kB)
    Total RW  Size (RW Data + ZI Data)             10288 (  10.05kB)
    Total ROM Size (Code + RO Data + RW Data)      23416 (  22.87kB)

==============================================================================

