Component: ARM Compiler 5.06 update 6 (build 750) Tool: armlink [4d35ed]

==============================================================================

Section Cross References

    startup_stm32f723xx.o(RESET) refers to startup_stm32f723xx.o(STACK) for __initial_sp
    startup_stm32f723xx.o(RESET) refers to startup_stm32f723xx.o(.text) for Reset_Handler
    startup_stm32f723xx.o(RESET) refers to stm32f7xx_it.o(i.NMI_Handler) for NMI_Handler
    startup_stm32f723xx.o(RESET) refers to stm32f7xx_it.o(i.HardFault_Handler) for HardFault_Handler
    startup_stm32f723xx.o(RESET) refers to stm32f7xx_it.o(i.MemManage_Handler) for MemManage_Handler
    startup_stm32f723xx.o(RESET) refers to stm32f7xx_it.o(i.BusFault_Handler) for BusFault_Handler
    startup_stm32f723xx.o(RESET) refers to stm32f7xx_it.o(i.UsageFault_Handler) for UsageFault_Handler
    startup_stm32f723xx.o(RESET) refers to stm32f7xx_it.o(i.SVC_Handler) for SVC_Handler
    startup_stm32f723xx.o(RESET) refers to stm32f7xx_it.o(i.DebugMon_Handler) for DebugMon_Handler
    startup_stm32f723xx.o(RESET) refers to stm32f7xx_it.o(i.PendSV_Handler) for PendSV_Handler
    startup_stm32f723xx.o(RESET) refers to stm32f7xx_it.o(i.SysTick_Handler) for SysTick_Handler
    startup_stm32f723xx.o(RESET) refers to stm32f7xx_it.o(i.DMA1_Stream1_IRQHandler) for DMA1_Stream1_IRQHandler
    startup_stm32f723xx.o(RESET) refers to stm32f7xx_it.o(i.DMA1_Stream5_IRQHandler) for DMA1_Stream5_IRQHandler
    startup_stm32f723xx.o(RESET) refers to stm32f7xx_it.o(i.USART1_IRQHandler) for USART1_IRQHandler
    startup_stm32f723xx.o(RESET) refers to stm32f7xx_it.o(i.USART2_IRQHandler) for USART2_IRQHandler
    startup_stm32f723xx.o(RESET) refers to stm32f7xx_it.o(i.USART3_IRQHandler) for USART3_IRQHandler
    startup_stm32f723xx.o(RESET) refers to stm32f7xx_it.o(i.TIM8_TRG_COM_TIM14_IRQHandler) for TIM8_TRG_COM_TIM14_IRQHandler
    startup_stm32f723xx.o(RESET) refers to stm32f7xx_it.o(i.SDMMC1_IRQHandler) for SDMMC1_IRQHandler
    startup_stm32f723xx.o(RESET) refers to stm32f7xx_it.o(i.UART4_IRQHandler) for UART4_IRQHandler
    startup_stm32f723xx.o(RESET) refers to stm32f7xx_it.o(i.DMA2_Stream1_IRQHandler) for DMA2_Stream1_IRQHandler
    startup_stm32f723xx.o(RESET) refers to stm32f7xx_it.o(i.DMA2_Stream2_IRQHandler) for DMA2_Stream2_IRQHandler
    startup_stm32f723xx.o(RESET) refers to stm32f7xx_it.o(i.USART6_IRQHandler) for USART6_IRQHandler
    startup_stm32f723xx.o(RESET) refers to stm32f7xx_it.o(i.OTG_HS_IRQHandler) for OTG_HS_IRQHandler
    startup_stm32f723xx.o(RESET) refers to stm32f7xx_it.o(i.UART8_IRQHandler) for UART8_IRQHandler
    startup_stm32f723xx.o(.text) refers to system_stm32f7xx.o(i.SystemInit) for SystemInit
    startup_stm32f723xx.o(.text) refers to entry.o(.ARM.Collect$$$$00000000) for __main
    ce32_ioncom.o(i.CE32_IonCom_Init_device) refers to stm32f7xx_hal_dma.o(i.HAL_DMA_Init) for HAL_DMA_Init
    ce32_ioncom.o(i.CE32_IonCom_Init_device) refers to stm32f7xx_hal_cortex.o(i.HAL_NVIC_SetPriority) for HAL_NVIC_SetPriority
    ce32_ioncom.o(i.CE32_IonCom_Init_device) refers to stm32f7xx_hal_cortex.o(i.HAL_NVIC_EnableIRQ) for HAL_NVIC_EnableIRQ
    ce32_ioncom.o(i.CE32_Ioncom_Init) refers to ce32_ioncom.o(i.CE32_Ioncom_Setting) for CE32_Ioncom_Setting
    ce32_ioncom.o(i.CE32_Ioncom_Setting) refers to datamgr.o(i.dataMGR_init_DMA) for dataMGR_init_DMA
    ce32_ioncom.o(i.CE32_Ioncom_Setting) refers to ce32_ioncom.o(i.CE32_IonCom_Init_device) for CE32_IonCom_Init_device
    datamgr.o(i.syslog_init) refers to datamgr.o(i.dataMGR_IncNrec) for dataMGR_IncNrec
    main.o(i.Init_Buffer) refers to datamgr.o(i.dataMGR_init) for dataMGR_init
    main.o(i.Init_Buffer) refers to main.o(.bss) for .bss
    main.o(i.Init_Ioncom_Receiver) refers to ce32_ioncom.o(i.CE32_Ioncom_Init) for CE32_Ioncom_Init
    main.o(i.Init_Ioncom_Receiver) refers to main.o(.bss) for .bss
    main.o(i.MX_DMA_Init) refers to stm32f7xx_hal_cortex.o(i.HAL_NVIC_SetPriority) for HAL_NVIC_SetPriority
    main.o(i.MX_DMA_Init) refers to stm32f7xx_hal_cortex.o(i.HAL_NVIC_EnableIRQ) for HAL_NVIC_EnableIRQ
    main.o(i.MX_FMC_Init) refers to memseta.o(.text) for __aeabi_memclr4
    main.o(i.MX_FMC_Init) refers to stm32f7xx_hal_sdram.o(i.HAL_SDRAM_Init) for HAL_SDRAM_Init
    main.o(i.MX_FMC_Init) refers to main.o(.bss) for .bss
    main.o(i.MX_GPIO_Init) refers to memseta.o(.text) for __aeabi_memclr4
    main.o(i.MX_GPIO_Init) refers to stm32f7xx_hal_gpio.o(i.HAL_GPIO_WritePin) for HAL_GPIO_WritePin
    main.o(i.MX_GPIO_Init) refers to stm32f7xx_hal_gpio.o(i.HAL_GPIO_Init) for HAL_GPIO_Init
    main.o(i.MX_SPI1_Init) refers to stm32f7xx_hal_spi.o(i.HAL_SPI_Init) for HAL_SPI_Init
    main.o(i.MX_SPI1_Init) refers to main.o(.bss) for .bss
    main.o(i.MX_SPI2_Init) refers to stm32f7xx_hal_spi.o(i.HAL_SPI_Init) for HAL_SPI_Init
    main.o(i.MX_SPI2_Init) refers to main.o(.bss) for .bss
    main.o(i.MX_SPI3_Init) refers to stm32f7xx_hal_spi.o(i.HAL_SPI_Init) for HAL_SPI_Init
[...]
    i.USBD_LL_DevDisconnected                0x08005d34   Section        0  usbd_core.o(i.USBD_LL_DevDisconnected)
    i.USBD_LL_GetRxDataSize                  0x08005d4e   Section        0  usbd_conf.o(i.USBD_LL_GetRxDataSize)
    i.USBD_LL_Init                           0x08005d58   Section        0  usbd_conf.o(i.USBD_LL_Init)
    i.USBD_LL_IsStallEP                      0x08005dc0   Section        0  usbd_conf.o(i.USBD_LL_IsStallEP)
    i.USBD_LL_IsoINIncomplete                0x08005de0   Section        0  usbd_core.o(i.USBD_LL_IsoINIncomplete)
    i.USBD_LL_IsoOUTIncomplete               0x08005de4   Section        0  usbd_core.o(i.USBD_LL_IsoOUTIncomplete)
    i.USBD_LL_OpenEP                         0x08005de8   Section        0  usbd_conf.o(i.USBD_LL_OpenEP)
    i.USBD_LL_PrepareReceive                 0x08005e00   Section        0  usbd_conf.o(i.USBD_LL_PrepareReceive)
    i.USBD_LL_Reset                          0x08005e12   Section        0  usbd_core.o(i.USBD_LL_Reset)
    i.USBD_LL_Resume                         0x08005e64   Section        0  usbd_core.o(i.USBD_LL_Resume)
    i.USBD_LL_SOF                            0x08005e78   Section        0  usbd_core.o(i.USBD_LL_SOF)
    i.USBD_LL_SetSpeed                       0x08005e90   Section        0  usbd_core.o(i.USBD_LL_SetSpeed)
    i.USBD_LL_SetUSBAddress                  0x08005e96   Section        0  usbd_conf.o(i.USBD_LL_SetUSBAddress)
    i.USBD_LL_SetupStage                     0x08005ea8   Section        0  usbd_core.o(i.USBD_LL_SetupStage)
    i.USBD_LL_StallEP                        0x08005f04   Section        0  usbd_conf.o(i.USBD_LL_StallEP)
    i.USBD_LL_Start                          0x08005f16   Section        0  usbd_conf.o(i.USBD_LL_Start)
    i.USBD_LL_Suspend                        0x08005f28   Section        0  usbd_core.o(i.USBD_LL_Suspend)
    i.USBD_LL_Transmit                       0x08005f3a   Section        0  usbd_conf.o(i.USBD_LL_Transmit)
    i.USBD_ParseSetupRequest                 0x08005f4c   Section        0  usbd_ctlreq.o(i.USBD_ParseSetupRequest)
    i.USBD_RegisterClass                     0x08005f76   Section        0  usbd_core.o(i.USBD_RegisterClass)
    i.USBD_SetClassConfig                    0x08005f98   Section        0  usbd_core.o(i.USBD_SetClassConfig)
    i.USBD_SetConfig                         0x08005fac   Section        0  usbd_ctlreq.o(i.USBD_SetConfig)
    USBD_SetConfig                           0x08005fad   Thumb Code   184  usbd_ctlreq.o(i.USBD_SetConfig)
    i.USBD_Start                             0x08006068   Section        0  usbd_core.o(i.USBD_Start)
    i.USBD_StdDevReq                         0x0800606c   Section        0  usbd_ctlreq.o(i.USBD_StdDevReq)
    i.USBD_StdEPReq                          0x08006182   Section        0  usbd_ctlreq.o(i.USBD_StdEPReq)
    i.USBD_StdItfReq                         0x080062ce   Section        0  usbd_ctlreq.o(i.USBD_StdItfReq)
    i.USB_ActivateEndpoint                   0x08006324   Section        0  stm32f7xx_ll_usb.o(i.USB_ActivateEndpoint)
    i.USB_ActivateSetup                      0x080063a4   Section        0  stm32f7xx_ll_usb.o(i.USB_ActivateSetup)
    i.USB_CoreInit                           0x080063c0   Section        0  stm32f7xx_ll_usb.o(i.USB_CoreInit)
    i.USB_CoreReset                          0x080064b0   Section        0  stm32f7xx_ll_usb.o(i.USB_CoreReset)
    USB_CoreReset                            0x080064b1   Thumb Code    50  stm32f7xx_ll_usb.o(i.USB_CoreReset)
    i.USB_DeactivateEndpoint                 0x080064e8   Section        0  stm32f7xx_ll_usb.o(i.USB_DeactivateEndpoint)
    i.USB_DevConnect                         0x080065b4   Section        0  stm32f7xx_ll_usb.o(i.USB_DevConnect)
    i.USB_DevDisconnect                      0x080065cc   Section        0  stm32f7xx_ll_usb.o(i.USB_DevDisconnect)
    i.USB_DevInit                            0x080065e4   Section        0  stm32f7xx_ll_usb.o(i.USB_DevInit)
    i.USB_DisableGlobalInt                   0x08006760   Section        0  stm32f7xx_ll_usb.o(i.USB_DisableGlobalInt)
    i.USB_EP0StartXfer                       0x0800676c   Section        0  stm32f7xx_ll_usb.o(i.USB_EP0StartXfer)
    i.USB_EP0_OutStart                       0x08006888   Section        0  stm32f7xx_ll_usb.o(i.USB_EP0_OutStart)
    i.USB_EPClearStall                       0x080068e0   Section        0  stm32f7xx_ll_usb.o(i.USB_EPClearStall)
    i.USB_EPSetStall                         0x08006938   Section        0  stm32f7xx_ll_usb.o(i.USB_EPSetStall)
    i.USB_EPStartXfer                        0x08006990   Section        0  stm32f7xx_ll_usb.o(i.USB_EPStartXfer)
    i.USB_EnableGlobalInt                    0x08006b78   Section        0  stm32f7xx_ll_usb.o(i.USB_EnableGlobalInt)
    i.USB_FlushRxFifo                        0x08006b84   Section        0  stm32f7xx_ll_usb.o(i.USB_FlushRxFifo)
    i.USB_FlushTxFifo                        0x08006ba4   Section        0  stm32f7xx_ll_usb.o(i.USB_FlushTxFifo)
    i.USB_GetDevSpeed                        0x08006bc8   Section        0  stm32f7xx_ll_usb.o(i.USB_GetDevSpeed)
    i.USB_GetMode                            0x08006be2   Section        0  stm32f7xx_ll_usb.o(i.USB_GetMode)
    i.USB_ReadDevAllInEpInterrupt            0x08006bea   Section        0  stm32f7xx_ll_usb.o(i.USB_ReadDevAllInEpInterrupt)
    i.USB_ReadDevAllOutEpInterrupt           0x08006bf8   Section        0  stm32f7xx_ll_usb.o(i.USB_ReadDevAllOutEpInterrupt)
    i.USB_ReadDevInEPInterrupt               0x08006c06   Section        0  stm32f7xx_ll_usb.o(i.USB_ReadDevInEPInterrupt)
    i.USB_ReadDevOutEPInterrupt              0x08006c2a   Section        0  stm32f7xx_ll_usb.o(i.USB_ReadDevOutEPInterrupt)
    i.USB_ReadInterrupts                     0x08006c3a   Section        0  stm32f7xx_ll_usb.o(i.USB_ReadInterrupts)
    i.USB_ReadPacket                         0x08006c42   Section        0  stm32f7xx_ll_usb.o(i.USB_ReadPacket)
    i.USB_SetCurrentMode                     0x08006c5e   Section        0  stm32f7xx_ll_usb.o(i.USB_SetCurrentMode)
    i.USB_SetDevAddress                      0x08006c8c   Section        0  stm32f7xx_ll_usb.o(i.USB_SetDevAddress)
    i.USB_SetTurnaroundTime                  0x08006cb0   Section        0  stm32f7xx_ll_usb.o(i.USB_SetTurnaroundTime)
    i.USB_WritePacket                        0x08006d98   Section        0  stm32f7xx_ll_usb.o(i.USB_WritePacket)
    i.UsageFault_Handler                     0x08006dbc   Section        0  stm32f7xx_it.o(i.UsageFault_Handler)
    i.__NVIC_SetPriority                     0x08006dbe   Section        0  stm32f7xx_hal_cortex.o(i.__NVIC_SetPriority)
    __NVIC_SetPriority                       0x08006dbf   Thumb Code    34  stm32f7xx_hal_cortex.o(i.__NVIC_SetPriority)
    i.__scatterload_copy                     0x08006de0   Section       14  handlers.o(i.__scatterload_copy)
    i.__scatterload_null                     0x08006dee   Section        2  handlers.o(i.__scatterload_null)
    i.__scatterload_zeroinit                 0x08006df0   Section       14  handlers.o(i.__scatterload_zeroinit)
    i.dataMGR_init                           0x08006e00   Section        0  datamgr.o(i.dataMGR_init)
    i.dataMGR_init_DMA                       0x08006e24   Section        0  datamgr.o(i.dataMGR_init_DMA)
    i.free                                   0x08006e50   Section        0  malloc.o(i.free)
    i.main                                   0x08006ea0   Section        0  main.o(i.main)
    i.malloc                                 0x08006fc4   Section        0  malloc.o(i.malloc)
    .constdata                               0x08007030   Section       16  system_stm32f7xx.o(.constdata)
    .constdata                               0x08007040   Section        8  system_stm32f7xx.o(.constdata)
    .constdata                               0x08007048   Section        8  stm32f7xx_hal_dma.o(.constdata)
    flagBitshiftOffset                       0x08007048   Data           8  stm32f7xx_hal_dma.o(.constdata)
    .data                                    0x20000000   Section       28  usbd_desc.o(.data)
    .data                                    0x2000001c   Section       50  usbd_desc.o(.data)
    .data                                    0x20000050   Section       20  usbd_cdc_if.o(.data)
    .data                                    0x20000064   Section        8  stm32f7xx_hal_msp.o(.data)
    FMC_Initialized                          0x20000064   Data           4  stm32f7xx_hal_msp.o(.data)
    FMC_DeInitialized                        0x20000068   Data           4  stm32f7xx_hal_msp.o(.data)
    .data                                    0x2000006c   Section        4  system_stm32f7xx.o(.data)
    .data                                    0x20000070   Section       12  stm32f7xx_hal.o(.data)
    .data                                    0x2000007c   Section        1  usbd_ctlreq.o(.data)
    cfgidx                                   0x2000007c   Data           1  usbd_ctlreq.o(.data)
    .data                                    0x20000080   Section      215  usbd_cdc.o(.data)
    USBD_CDC_DeviceQualifierDesc             0x20000080   Data          10  usbd_cdc.o(.data)
    USBD_CDC_CfgHSDesc                       0x2000008c   Data          67  usbd_cdc.o(.data)
    USBD_CDC_CfgFSDesc                       0x200000d0   Data          67  usbd_cdc.o(.data)
    USBD_CDC_OtherSpeedCfgDesc               0x20000114   Data          67  usbd_cdc.o(.data)
    .data                                    0x20000158   Section       56  usbd_cdc.o(.data)
    .data                                    0x20000190   Section        4  mvars.o(.data)
    .data                                    0x20000194   Section        4  mvars.o(.data)
    .bss                                     0x20000198   Section    51556  main.o(.bss)
    .bss                                     0x2000cafc   Section       96  main.o(.bss)
    .bss                                     0x2000cb5c   Section       96  main.o(.bss)
    .bss                                     0x2000cbbc   Section       96  main.o(.bss)
    .bss                                     0x2000cc1c   Section       96  main.o(.bss)
    .bss                                     0x2000cc7c   Section      720  usb_device.o(.bss)
    .bss                                     0x2000cf4c   Section     1028  usbd_conf.o(.bss)
    .bss                                     0x2000d350   Section      512  usbd_desc.o(.bss)
    .bss                                     0x2000d550   Section     4096  usbd_cdc_if.o(.bss)
    HEAP                                     0x2000e550   Section     1024  startup_stm32f723xx.o(HEAP)
    STACK                                    0x2000e950   Section     1024  startup_stm32f723xx.o(STACK)

    Global Symbols

    Symbol Name                              Value     Ov Type        Size  Object(Section)

    BuildAttributes$$THM_ISAv4$E$P$D$K$B$S$7EM$VFPi5$EXTD16$VFPS$VFMA$PE$PLD8$A:L22UL41UL21$X:L11$S22US41US21$IEEE1$IW$USESV6$~STKCKD$USESV7$~SHL$OSPACE$EBA8$MICROLIB$REQ8$PRES8$EABIv2 0x00000000   Number         0  anon$$obj.o ABSOLUTE
    __ARM_use_no_argv                        0x00000000   Number         0  main.o ABSOLUTE
    __cpp_initialize__aeabi_                  - Undefined Weak Reference
    __cxa_finalize                            - Undefined Weak Reference
    _clock_init                               - Undefined Weak Reference
    _microlib_exit                            - Undefined Weak Reference
    __Vectors_Size                           0x000001e0   Number         0  startup_stm32f723xx.o ABSOLUTE
    __Vectors                                0x08000000   Data           4  startup_stm32f723xx.o(RESET)
    __Vectors_End                            0x080001e0   Data           0  startup_stm32f723xx.o(RESET)
    __main                                   0x080001e1   Thumb Code     0  entry.o(.ARM.Collect$$$$00000000)
    _main_stk                                0x080001e1   Thumb Code     0  entry2.o(.ARM.Collect$$$$00000001)
    _main_scatterload                        0x080001e5   Thumb Code     0  entry5.o(.ARM.Collect$$$$00000004)
    __main_after_scatterload                 0x080001e9   Thumb Code     0  entry5.o(.ARM.Collect$$$$00000004)
    _main_clock                              0x080001e9   Thumb Code     0  entry7b.o(.ARM.Collect$$$$00000008)
    _main_cpp_init                           0x080001e9   Thumb Code     0  entry8b.o(.ARM.Collect$$$$0000000A)
    _main_init                               0x080001e9   Thumb Code     0  entry9a.o(.ARM.Collect$$$$0000000B)
    __rt_final_cpp                           0x080001f1   Thumb Code     0  entry10a.o(.ARM.Collect$$$$0000000D)
    __rt_final_exit                          0x080001f1   Thumb Code     0  entry11a.o(.ARM.Collect$$$$0000000F)
    Reset_Handler                            0x080001f5   Thumb Code     8  startup_stm32f723xx.o(.text)
    ADC_IRQHandler                           0x0800020f   Thumb Code     0  startup_stm32f723xx.o(.text)
    CAN1_RX0_IRQHandler                      0x0800020f   Thumb Code     0  startup_stm32f723xx.o(.text)
    CAN1_RX1_IRQHandler                      0x0800020f   Thumb Code     0  startup_stm32f723xx.o(.text)
    CAN1_SCE_IRQHandler                      0x0800020f   Thumb Code     0  startup_stm32f723xx.o(.text)
    CAN1_TX_IRQHandler                       0x0800020f   Thumb Code     0  startup_stm32f723xx.o(.text)
    DMA1_Stream0_IRQHandler                  0x0800020f   Thumb Code     0  startup_stm32f723xx.o(.text)
    DMA1_Stream2_IRQHandler                  0x0800020f   Thumb Code     0  startup_stm32f723xx.o(.text)
    DMA1_Stream3_IRQHandler                  0x0800020f   Thumb Code     0  startup_stm32f723xx.o(.text)
    DMA1_Stream4_IRQHandler                  0x0800020f   Thumb Code     0  startup_stm32f723xx.o(.text)
    DMA1_Stream6_IRQHandler                  0x0800020f   Thumb Code     0  startup_stm32f723xx.o(.text)
    DMA1_Stream7_IRQHandler                  0x0800020f   Thumb Code     0  startup_stm32f723xx.o(.text)
    DMA2_Stream0_IRQHandler                  0x0800020f   Thumb Code     0  startup_stm32f723xx.o(.text)
    DMA2_Stream3_IRQHandler                  0x0800020f   Thumb Code     0  startup_stm32f723xx.o(.text)
    DMA2_Stream4_IRQHandler                  0x0800020f   Thumb Code     0  startup_stm32f723xx.o(.text)
    DMA2_Stream5_IRQHandler                  0x0800020f   Thumb Code     0  startup_stm32f723xx.o(.text)
    DMA2_Stream6_IRQHandler                  0x0800020f   Thumb Code     0  startup_stm32f723xx.o(.text)
    DMA2_Stream7_IRQHandler                  0x0800020f   Thumb Code     0  startup_stm32f723xx.o(.text)
    EXTI0_IRQHandler                         0x0800020f   Thumb Code     0  startup_stm32f723xx.o(.text)
    EXTI15_10_IRQHandler                     0x0800020f   Thumb Code     0  startup_stm32f723xx.o(.text)
    EXTI1_IRQHandler                         0x0800020f   Thumb Code     0  startup_stm32f723xx.o(.text)
    EXTI2_IRQHandler                         0x0800020f   Thumb Code     0  startup_stm32f723xx.o(.text)
    EXTI3_IRQHandler                         0x0800020f   Thumb Code     0  startup_stm32f723xx.o(.text)
    EXTI4_IRQHandler                         0x0800020f   Thumb Code     0  startup_stm32f723xx.o(.text)
    EXTI9_5_IRQHandler                       0x0800020f   Thumb Code     0  startup_stm32f723xx.o(.text)
    FLASH_IRQHandler                         0x0800020f   Thumb Code     0  startup_stm32f723xx.o(.text)
    FMC_IRQHandler                           0x0800020f   Thumb Code     0  startup_stm32f723xx.o(.text)
    FPU_IRQHandler                           0x0800020f   Thumb Code     0  startup_stm32f723xx.o(.text)
    I2C1_ER_IRQHandler                       0x0800020f   Thumb Code     0  startup_stm32f723xx.o(.text)
    I2C1_EV_IRQHandler                       0x0800020f   Thumb Code     0  startup_stm32f723xx.o(.text)
    I2C2_ER_IRQHandler                       0x0800020f   Thumb Code     0  startup_stm32f723xx.o(.text)
    I2C2_EV_IRQHandler                       0x0800020f   Thumb Code     0  startup_stm32f723xx.o(.text)
    I2C3_ER_IRQHandler                       0x0800020f   Thumb Code     0  startup_stm32f723xx.o(.text)
    I2C3_EV_IRQHandler                       0x0800020f   Thumb Code     0  startup_stm32f723xx.o(.text)
    LPTIM1_IRQHandler                        0x0800020f   Thumb Code     0  startup_stm32f723xx.o(.text)
    OTG_FS_IRQHandler                        0x0800020f   Thumb Code     0  startup_stm32f723xx.o(.text)
    OTG_FS_WKUP_IRQHandler                   0x0800020f   Thumb Code     0  startup_stm32f723xx.o(.text)
    OTG_HS_EP1_IN_IRQHandler                 0x0800020f   Thumb Code     0  startup_stm32f723xx.o(.text)
    OTG_HS_EP1_OUT_IRQHandler                0x0800020f   Thumb Code     0  startup_stm32f723xx.o(.text)
    OTG_HS_WKUP_IRQHandler                   0x0800020f   Thumb Code     0  startup_stm32f723xx.o(.text)
    PVD_IRQHandler                           0x0800020f   Thumb Code     0  startup_stm32f723xx.o(.text)
    QUADSPI_IRQHandler                       0x0800020f   Thumb Code     0  startup_stm32f723xx.o(.text)
    RCC_IRQHandler                           0x0800020f   Thumb Code     0  startup_stm32f723xx.o(.text)
    RNG_IRQHandler                           0x0800020f   Thumb Code     0  startup_stm32f723xx.o(.text)
    RTC_Alarm_IRQHandler                     0x0800020f   Thumb Code     0  startup_stm32f723xx.o(.text)
    RTC_WKUP_IRQHandler                      0x0800020f   Thumb Code     0  startup_stm32f723xx.o(.text)
    SAI1_IRQHandler                          0x0800020f   Thumb Code     0  startup_stm32f723xx.o(.text)
    SAI2_IRQHandler                          0x0800020f   Thumb Code     0  startup_stm32f723xx.o(.text)
    SDMMC2_IRQHandler                        0x0800020f   Thumb Code     0  startup_stm32f723xx.o(.text)
    SPI1_IRQHandler                          0x0800020f   Thumb Code     0  startup_stm32f723xx.o(.text)
    SPI2_IRQHandler                          0x0800020f   Thumb Code     0  startup_stm32f723xx.o(.text)
    SPI3_IRQHandler                          0x0800020f   Thumb Code     0  startup_stm32f723xx.o(.text)
    SPI4_IRQHandler                          0x0800020f   Thumb Code     0  startup_stm32f723xx.o(.text)
    SPI5_IRQHandler                          0x0800020f   Thumb Code     0  startup_stm32f723xx.o(.text)
    TAMP_STAMP_IRQHandler                    0x0800020f   Thumb Code     0  startup_stm32f723xx.o(.text)
    TIM1_BRK_TIM9_IRQHandler                 0x0800020f   Thumb Code     0  startup_stm32f723xx.o(.text)
    TIM1_CC_IRQHandler                       0x0800020f   Thumb Code     0  startup_stm32f723xx.o(.text)
    TIM1_TRG_COM_TIM11_IRQHandler            0x0800020f   Thumb Code     0  startup_stm32f723xx.o(.text)
    TIM1_UP_TIM10_IRQHandler                 0x0800020f   Thumb Code     0  startup_stm32f723xx.o(.text)
    TIM2_IRQHandler                          0x0800020f   Thumb Code     0  startup_stm32f723xx.o(.text)
    TIM3_IRQHandler                          0x0800020f   Thumb Code     0  startup_stm32f723xx.o(.text)
    TIM4_IRQHandler                          0x0800020f   Thumb Code     0  startup_stm32f723xx.o(.text)
    TIM5_IRQHandler                          0x0800020f   Thumb Code     0  startup_stm32f723xx.o(.text)
    TIM6_DAC_IRQHandler                      0x0800020f   Thumb Code     0  startup_stm32f723xx.o(.text)
    TIM7_IRQHandler                          0x0800020f   Thumb Code     0  startup_stm32f723xx.o(.text)
    TIM8_BRK_TIM12_IRQHandler                0x0800020f   Thumb Code     0  startup_stm32f723xx.o(.text)
    TIM8_CC_IRQHandler                       0x0800020f   Thumb Code     0  startup_stm32f723xx.o(.text)
    TIM8_UP_TIM13_IRQHandler                 0x0800020f   Thumb Code     0  startup_stm32f723xx.o(.text)
    UART5_IRQHandler                         0x0800020f   Thumb Code     0  startup_stm32f723xx.o(.text)
    UART7_IRQHandler                         0x0800020f   Thumb Code     0  startup_stm32f723xx.o(.text)
    WWDG_IRQHandler                          0x0800020f   Thumb Code     0  startup_stm32f723xx.o(.text)
    __aeabi_uldivmod                         0x08000219   Thumb Code    98  uldiv.o(.text)
    __aeabi_memcpy                           0x0800027b   Thumb Code    36  memcpya.o(.text)
    __aeabi_memcpy4                          0x0800027b   Thumb Code     0  memcpya.o(.text)
    __aeabi_memcpy8                          0x0800027b   Thumb Code     0  memcpya.o(.text)
    __aeabi_memset                           0x0800029f   Thumb Code    14  memseta.o(.text)
    __aeabi_memset4                          0x0800029f   Thumb Code     0  memseta.o(.text)
    __aeabi_memset8                          0x0800029f   Thumb Code     0  memseta.o(.text)
    __aeabi_memclr                           0x080002ad   Thumb Code     4  memseta.o(.text)
    __aeabi_memclr4                          0x080002ad   Thumb Code     0  memseta.o(.text)
    __aeabi_memclr8                          0x080002ad   Thumb Code     0  memseta.o(.text)
    _memset$wrapper                          0x080002b1   Thumb Code    18  memseta.o(.text)
    __aeabi_llsl                             0x080002c3   Thumb Code    30  llshl.o(.text)
    _ll_shift_l                              0x080002c3   Thumb Code     0  llshl.o(.text)
    __aeabi_llsr                             0x080002e1   Thumb Code    32  llushr.o(.text)
    _ll_ushift_r                             0x080002e1   Thumb Code     0  llushr.o(.text)
    __scatterload                            0x08000301   Thumb Code    28  init.o(.text)
    __scatterload_rt2                        0x08000301   Thumb Code     0  init.o(.text)
    __decompress                             0x08000325   Thumb Code     0  __dczerorl2.o(.text)
    __decompress1                            0x08000325   Thumb Code    86  __dczerorl2.o(.text)
    BusFault_Handler                         0x0800037b   Thumb Code     2  stm32f7xx_it.o(i.BusFault_Handler)
    CE32_IonCom_Init_device                  0x08000ded   Thumb Code   156  ce32_ioncom.o(i.CE32_IonCom_Init_device)
    CE32_Ioncom_Init                         0x08000e89   Thumb Code    36  ce32_ioncom.o(i.CE32_Ioncom_Init)
    CE32_Ioncom_Setting                      0x08000ead   Thumb Code    76  ce32_ioncom.o(i.CE32_Ioncom_Setting)
    DMA1_Stream1_IRQHandler                  0x08000ef9   Thumb Code   140  stm32f7xx_it.o(i.DMA1_Stream1_IRQHandler)
    DMA1_Stream5_IRQHandler                  0x08000f8d   Thumb Code   140  stm32f7xx_it.o(i.DMA1_Stream5_IRQHandler)
    DMA2_Stream1_IRQHandler                  0x08001021   Thumb Code   140  stm32f7xx_it.o(i.DMA2_Stream1_IRQHandler)
    DMA2_Stream2_IRQHandler                  0x080010b5   Thumb Code   140  stm32f7xx_it.o(i.DMA2_Stream2_IRQHandler)
    DebugMon_Handler                         0x080011c5   Thumb Code     2  stm32f7xx_it.o(i.DebugMon_Handler)
    Error_Handler                            0x080011c7   Thumb Code     2  main.o(i.Error_Handler)
    FMC_SDRAM_Init                           0x080011c9   Thumb Code    94  stm32f7xx_ll_fmc.o(i.FMC_SDRAM_Init)
    FMC_SDRAM_Timing_Init                    0x08001229   Thumb Code   134  stm32f7xx_ll_fmc.o(i.FMC_SDRAM_Timing_Init)
    HAL_DMA_Init                             0x080012b5   Thumb Code   222  stm32f7xx_hal_dma.o(i.HAL_DMA_Init)
    HAL_Delay                                0x08001399   Thumb Code    32  stm32f7xx_hal.o(i.HAL_Delay)
    HAL_GPIO_Init                            0x0800147d   Thumb Code   400  stm32f7xx_hal_gpio.o(i.HAL_GPIO_Init)
    HAL_GPIO_WritePin                        0x08001639   Thumb Code    10  stm32f7xx_hal_gpio.o(i.HAL_GPIO_WritePin)
    HAL_GetTick                              0x08001645   Thumb Code     6  stm32f7xx_hal.o(i.HAL_GetTick)
    HAL_IncTick                              0x08001651   Thumb Code    12  stm32f7xx_hal.o(i.HAL_IncTick)
    HAL_Init                                 0x08001661   Thumb Code    40  stm32f7xx_hal.o(i.HAL_Init)
    HAL_InitTick                             0x0800168d   Thumb Code    54  stm32f7xx_hal.o(i.HAL_InitTick)
    HAL_MspInit                              0x080016cd   Thumb Code    42  stm32f7xx_hal_msp.o(i.HAL_MspInit)
    HAL_NVIC_EnableIRQ                       0x080016fd   Thumb Code    26  stm32f7xx_hal_cortex.o(i.HAL_NVIC_EnableIRQ)
    HAL_NVIC_SetPriority                     0x08001719   Thumb Code    60  stm32f7xx_hal_cortex.o(i.HAL_NVIC_SetPriority)
    HAL_NVIC_SetPriorityGrouping             0x08001759   Thumb Code    28  stm32f7xx_hal_cortex.o(i.HAL_NVIC_SetPriorityGrouping)
    HAL_PCDEx_ActivateLPM                    0x0800177d   Thumb Code    34  stm32f7xx_hal_pcd_ex.o(i.HAL_PCDEx_ActivateLPM)
    HAL_PCDEx_LPM_Callback                   0x080017a5   Thumb Code     2  stm32f7xx_hal_pcd_ex.o(i.HAL_PCDEx_LPM_Callback)
    HAL_PCDEx_SetRxFiFo                      0x080017a7   Thumb Code     8  stm32f7xx_hal_pcd_ex.o(i.HAL_PCDEx_SetRxFiFo)
    HAL_PCDEx_SetTxFiFo                      0x080017af   Thumb Code    70  stm32f7xx_hal_pcd_ex.o(i.HAL_PCDEx_SetTxFiFo)
    HAL_PCD_ConnectCallback                  0x080017f5   Thumb Code     8  usbd_conf.o(i.HAL_PCD_ConnectCallback)
    HAL_PCD_DataInStageCallback              0x080017fd   Thumb Code    18  usbd_conf.o(i.HAL_PCD_DataInStageCallback)
    HAL_PCD_DataOutStageCallback             0x0800180f   Thumb Code    20  usbd_conf.o(i.HAL_PCD_DataOutStageCallback)
    HAL_PCD_DisconnectCallback               0x08001823   Thumb Code     8  usbd_conf.o(i.HAL_PCD_DisconnectCallback)
    HAL_PCD_EP_Close                         0x0800182b   Thumb Code    76  stm32f7xx_hal_pcd.o(i.HAL_PCD_EP_Close)
    HAL_PCD_EP_ClrStall                      0x08001877   Thumb Code    92  stm32f7xx_hal_pcd.o(i.HAL_PCD_EP_ClrStall)
    HAL_PCD_EP_GetRxCount                    0x080018d3   Thumb Code    18  stm32f7xx_hal_pcd.o(i.HAL_PCD_EP_GetRxCount)
    HAL_PCD_EP_Open                          0x080018e5   Thumb Code    96  stm32f7xx_hal_pcd.o(i.HAL_PCD_EP_Open)
    HAL_PCD_EP_Receive                       0x08001945   Thumb Code    68  stm32f7xx_hal_pcd.o(i.HAL_PCD_EP_Receive)
    HAL_PCD_EP_SetStall                      0x08001989   Thumb Code   116  stm32f7xx_hal_pcd.o(i.HAL_PCD_EP_SetStall)
    HAL_PCD_EP_Transmit                      0x080019fd   Thumb Code    68  stm32f7xx_hal_pcd.o(i.HAL_PCD_EP_Transmit)
    HAL_PCD_IRQHandler                       0x08001a41   Thumb Code  1134  stm32f7xx_hal_pcd.o(i.HAL_PCD_IRQHandler)
    HAL_PCD_ISOINIncompleteCallback          0x08001eb5   Thumb Code     8  usbd_conf.o(i.HAL_PCD_ISOINIncompleteCallback)
    HAL_PCD_ISOOUTIncompleteCallback         0x08001ebd   Thumb Code     8  usbd_conf.o(i.HAL_PCD_ISOOUTIncompleteCallback)
    HAL_PCD_Init                             0x08001ec5   Thumb Code   242  stm32f7xx_hal_pcd.o(i.HAL_PCD_Init)
    HAL_PCD_MspInit                          0x08001fb9   Thumb Code   136  usbd_conf.o(i.HAL_PCD_MspInit)
    HAL_PCD_ResetCallback                    0x0800204d   Thumb Code    44  usbd_conf.o(i.HAL_PCD_ResetCallback)
    HAL_PCD_ResumeCallback                   0x08002079   Thumb Code     8  usbd_conf.o(i.HAL_PCD_ResumeCallback)
    HAL_PCD_SOFCallback                      0x08002081   Thumb Code     8  usbd_conf.o(i.HAL_PCD_SOFCallback)
    HAL_PCD_SetAddress                       0x08002089   Thumb Code    40  stm32f7xx_hal_pcd.o(i.HAL_PCD_SetAddress)
    HAL_PCD_SetupStageCallback               0x080020b1   Thumb Code    14  usbd_conf.o(i.HAL_PCD_SetupStageCallback)
    HAL_PCD_Start                            0x080020bf   Thumb Code    42  stm32f7xx_hal_pcd.o(i.HAL_PCD_Start)
    HAL_PCD_SuspendCallback                  0x080020e9   Thumb Code    44  usbd_conf.o(i.HAL_PCD_SuspendCallback)
    HAL_PWREx_EnableOverDrive                0x08002119   Thumb Code   100  stm32f7xx_hal_pwr_ex.o(i.HAL_PWREx_EnableOverDrive)
    HAL_RCCEx_PeriphCLKConfig                0x08002185   Thumb Code  1108  stm32f7xx_hal_rcc_ex.o(i.HAL_RCCEx_PeriphCLKConfig)
    HAL_RCC_ClockConfig                      0x080025d9   Thumb Code   284  stm32f7xx_hal_rcc.o(i.HAL_RCC_ClockConfig)
    HAL_RCC_GetHCLKFreq                      0x08002709   Thumb Code     6  stm32f7xx_hal_rcc.o(i.HAL_RCC_GetHCLKFreq)
    HAL_RCC_GetPCLK1Freq                     0x08002715   Thumb Code    20  stm32f7xx_hal_rcc.o(i.HAL_RCC_GetPCLK1Freq)
    HAL_RCC_GetPCLK2Freq                     0x08002735   Thumb Code    20  stm32f7xx_hal_rcc.o(i.HAL_RCC_GetPCLK2Freq)
    HAL_RCC_GetSysClockFreq                  0x08002755   Thumb Code    88  stm32f7xx_hal_rcc.o(i.HAL_RCC_GetSysClockFreq)
    HAL_RCC_OscConfig                        0x080027b9   Thumb Code   888  stm32f7xx_hal_rcc.o(i.HAL_RCC_OscConfig)
    HAL_SDRAM_Init                           0x08002b3d   Thumb Code    66  stm32f7xx_hal_sdram.o(i.HAL_SDRAM_Init)
    HAL_SDRAM_MspInit                        0x08002b7f   Thumb Code     4  stm32f7xx_hal_msp.o(i.HAL_SDRAM_MspInit)
    HAL_SD_ConfigWideBusOperation            0x08002b85   Thumb Code   240  stm32f7xx_hal_sd.o(i.HAL_SD_ConfigWideBusOperation)
    HAL_SD_GetCardCSD                        0x08002c79   Thumb Code   440  stm32f7xx_hal_sd.o(i.HAL_SD_GetCardCSD)
    HAL_SD_Init                              0x08002e35   Thumb Code    54  stm32f7xx_hal_sd.o(i.HAL_SD_Init)
    HAL_SD_InitCard                          0x08002e6b   Thumb Code    90  stm32f7xx_hal_sd.o(i.HAL_SD_InitCard)
    HAL_SD_MspInit                           0x08002ec5   Thumb Code   134  stm32f7xx_hal_msp.o(i.HAL_SD_MspInit)
    HAL_SPI_Init                             0x08002f5d   Thumb Code   196  stm32f7xx_hal_spi.o(i.HAL_SPI_Init)
    HAL_SPI_MspInit                          0x08003021   Thumb Code   368  stm32f7xx_hal_msp.o(i.HAL_SPI_MspInit)
    HAL_SYSTICK_Config                       0x080031bd   Thumb Code    38  stm32f7xx_hal_cortex.o(i.HAL_SYSTICK_Config)
    HAL_TIMEx_ConfigBreakDeadTime            0x080031e5   Thumb Code   150  stm32f7xx_hal_tim_ex.o(i.HAL_TIMEx_ConfigBreakDeadTime)
    HAL_TIMEx_MasterConfigSynchronization    0x08003285   Thumb Code   134  stm32f7xx_hal_tim_ex.o(i.HAL_TIMEx_MasterConfigSynchronization)
    HAL_TIM_Base_Init                        0x08003329   Thumb Code    54  stm32f7xx_hal_tim.o(i.HAL_TIM_Base_Init)
    HAL_TIM_Base_MspInit                     0x08003361   Thumb Code   136  stm32f7xx_hal_msp.o(i.HAL_TIM_Base_MspInit)
    HAL_TIM_ConfigClockSource                0x080033f9   Thumb Code   214  stm32f7xx_hal_tim.o(i.HAL_TIM_ConfigClockSource)
    HAL_TIM_MspPostInit                      0x080034d5   Thumb Code    72  stm32f7xx_hal_msp.o(i.HAL_TIM_MspPostInit)
    HAL_TIM_OC_ConfigChannel                 0x08003529   Thumb Code   114  stm32f7xx_hal_tim.o(i.HAL_TIM_OC_ConfigChannel)
    HAL_TIM_OC_Init                          0x0800359b   Thumb Code    54  stm32f7xx_hal_tim.o(i.HAL_TIM_OC_Init)
    HAL_TIM_OC_MspInit                       0x080035d1   Thumb Code     2  stm32f7xx_hal_tim.o(i.HAL_TIM_OC_MspInit)
    HAL_TIM_SlaveConfigSynchro               0x080035d3   Thumb Code    86  stm32f7xx_hal_tim.o(i.HAL_TIM_SlaveConfigSynchro)
    HAL_UART_Init                            0x08003629   Thumb Code   102  stm32f7xx_hal_uart.o(i.HAL_UART_Init)
    HAL_UART_MspInit                         0x08003691   Thumb Code   676  stm32f7xx_hal_msp.o(i.HAL_UART_MspInit)
    HardFault_Handler                        0x08003979   Thumb Code     2  stm32f7xx_it.o(i.HardFault_Handler)
    Init_Buffer                              0x0800397d   Thumb Code    80  main.o(i.Init_Buffer)
    Init_Ioncom_Receiver                     0x080039e9   Thumb Code   846  main.o(i.Init_Ioncom_Receiver)
    MX_USB_DEVICE_Init                       0x080042cd   Thumb Code    66  usb_device.o(i.MX_USB_DEVICE_Init)
    MemManage_Handler                        0x08004321   Thumb Code     2  stm32f7xx_it.o(i.MemManage_Handler)
    NMI_Handler                              0x08004323   Thumb Code     2  stm32f7xx_it.o(i.NMI_Handler)
    OTG_HS_IRQHandler                        0x08004325   Thumb Code     6  stm32f7xx_it.o(i.OTG_HS_IRQHandler)
    PendSV_Handler                           0x0800449f   Thumb Code     2  stm32f7xx_it.o(i.PendSV_Handler)
    PowerUp_IC                               0x080044a1   Thumb Code    38  main.o(i.PowerUp_IC)
    RXdata_Indicator_Init                    0x080044cd   Thumb Code    20  main.o(i.RXdata_Indicator_Init)
    SDMMC1_IRQHandler                        0x080044e5   Thumb Code     2  stm32f7xx_it.o(i.SDMMC1_IRQHandler)
    SDMMC_CmdAppCommand                      0x080044e7   Thumb Code    50  stm32f7xx_ll_sdmmc.o(i.SDMMC_CmdAppCommand)
    SDMMC_CmdAppOperCommand                  0x08004519   Thumb Code    48  stm32f7xx_ll_sdmmc.o(i.SDMMC_CmdAppOperCommand)
    SDMMC_CmdBlockLength                     0x0800454d   Thumb Code    50  stm32f7xx_ll_sdmmc.o(i.SDMMC_CmdBlockLength)
    SDMMC_CmdBusWidth                        0x0800457f   Thumb Code    50  stm32f7xx_ll_sdmmc.o(i.SDMMC_CmdBusWidth)
    SDMMC_CmdGoIdleState                     0x080045b1   Thumb Code    74  stm32f7xx_ll_sdmmc.o(i.SDMMC_CmdGoIdleState)
    SDMMC_CmdOperCond                        0x08004601   Thumb Code   108  stm32f7xx_ll_sdmmc.o(i.SDMMC_CmdOperCond)
    SDMMC_CmdSelDesel                        0x08004671   Thumb Code    48  stm32f7xx_ll_sdmmc.o(i.SDMMC_CmdSelDesel)
    SDMMC_CmdSendCID                         0x080046a1   Thumb Code    42  stm32f7xx_ll_sdmmc.o(i.SDMMC_CmdSendCID)
    SDMMC_CmdSendCSD                         0x080046cb   Thumb Code    46  stm32f7xx_ll_sdmmc.o(i.SDMMC_CmdSendCSD)
    SDMMC_CmdSendSCR                         0x080046f9   Thumb Code    48  stm32f7xx_ll_sdmmc.o(i.SDMMC_CmdSendSCR)
    SDMMC_CmdSetRelAdd                       0x08004729   Thumb Code    48  stm32f7xx_ll_sdmmc.o(i.SDMMC_CmdSetRelAdd)
    SDMMC_ConfigData                         0x08004759   Thumb Code    38  stm32f7xx_ll_sdmmc.o(i.SDMMC_ConfigData)
    SDMMC_GetPowerState                      0x080049bd   Thumb Code     8  stm32f7xx_ll_sdmmc.o(i.SDMMC_GetPowerState)
    SDMMC_GetResponse                        0x080049c5   Thumb Code     6  stm32f7xx_ll_sdmmc.o(i.SDMMC_GetResponse)
    SDMMC_Init                               0x080049cb   Thumb Code    34  stm32f7xx_ll_sdmmc.o(i.SDMMC_Init)
    SDMMC_PowerState_ON                      0x080049ed   Thumb Code    16  stm32f7xx_ll_sdmmc.o(i.SDMMC_PowerState_ON)
    SDMMC_ReadFIFO                           0x080049fd   Thumb Code     6  stm32f7xx_ll_sdmmc.o(i.SDMMC_ReadFIFO)
    SDMMC_SendCommand                        0x08004a03   Thumb Code    34  stm32f7xx_ll_sdmmc.o(i.SDMMC_SendCommand)
    SVC_Handler                              0x08004c9d   Thumb Code     2  stm32f7xx_it.o(i.SVC_Handler)
    SysTick_Handler                          0x08004ca9   Thumb Code     4  stm32f7xx_it.o(i.SysTick_Handler)
    SystemClock_Config                       0x08004cad   Thumb Code   166  main.o(i.SystemClock_Config)
    SystemInit                               0x08004d61   Thumb Code    68  system_stm32f7xx.o(i.SystemInit)
    TIM8_TRG_COM_TIM14_IRQHandler            0x08004db5   Thumb Code    22  stm32f7xx_it.o(i.TIM8_TRG_COM_TIM14_IRQHandler)
    TIM_Base_SetConfig                       0x08004dd5   Thumb Code   158  stm32f7xx_hal_tim.o(i.TIM_Base_SetConfig)
    TIM_ETR_SetConfig                        0x08004ea1   Thumb Code    18  stm32f7xx_hal_tim.o(i.TIM_ETR_SetConfig)
    TIM_OC2_SetConfig                        0x08004f39   Thumb Code   108  stm32f7xx_hal_tim.o(i.TIM_OC2_SetConfig)
    UART4_IRQHandler                         0x08005203   Thumb Code     2  stm32f7xx_it.o(i.UART4_IRQHandler)
    UART8_IRQHandler                         0x08005205   Thumb Code     2  stm32f7xx_it.o(i.UART8_IRQHandler)
    UART_AdvFeatureConfig                    0x08005207   Thumb Code   200  stm32f7xx_hal_uart.o(i.UART_AdvFeatureConfig)
    UART_CheckIdleState                      0x080052cf   Thumb Code    60  stm32f7xx_hal_uart.o(i.UART_CheckIdleState)
    UART_SetConfig                           0x0800530d   Thumb Code   554  stm32f7xx_hal_uart.o(i.UART_SetConfig)
    UART_WaitOnFlagUntilTimeout              0x08005569   Thumb Code   164  stm32f7xx_hal_uart.o(i.UART_WaitOnFlagUntilTimeout)
    USART1_IRQHandler                        0x0800560d   Thumb Code     2  stm32f7xx_it.o(i.USART1_IRQHandler)
    USART2_IRQHandler                        0x0800560f   Thumb Code     2  stm32f7xx_it.o(i.USART2_IRQHandler)
    USART3_IRQHandler                        0x08005611   Thumb Code     2  stm32f7xx_it.o(i.USART3_IRQHandler)
    USART6_IRQHandler                        0x08005613   Thumb Code     2  stm32f7xx_it.o(i.USART6_IRQHandler)
    USBD_CDC_GetDeviceQualifierDescriptor    0x0800570d   Thumb Code     8  usbd_cdc.o(i.USBD_CDC_GetDeviceQualifierDescriptor)
    USBD_CDC_ReceivePacket                   0x080057df   Thumb Code    40  usbd_cdc.o(i.USBD_CDC_ReceivePacket)
    USBD_CDC_RegisterInterface               0x08005807   Thumb Code    14  usbd_cdc.o(i.USBD_CDC_RegisterInterface)
    USBD_CDC_SetRxBuffer                     0x08005815   Thumb Code    12  usbd_cdc.o(i.USBD_CDC_SetRxBuffer)
    USBD_CDC_SetTxBuffer                     0x08005821   Thumb Code    16  usbd_cdc.o(i.USBD_CDC_SetTxBuffer)
    USBD_ClrClassConfig                      0x080058e3   Thumb Code    16  usbd_core.o(i.USBD_ClrClassConfig)
    USBD_CtlContinueRx                       0x080058f3   Thumb Code    16  usbd_ioreq.o(i.USBD_CtlContinueRx)
    USBD_CtlContinueSendData                 0x08005903   Thumb Code    16  usbd_ioreq.o(i.USBD_CtlContinueSendData)
    USBD_CtlError                            0x08005913   Thumb Code    22  usbd_ctlreq.o(i.USBD_CtlError)
    USBD_CtlPrepareRx                        0x08005929   Thumb Code    30  usbd_ioreq.o(i.USBD_CtlPrepareRx)
    USBD_CtlReceiveStatus                    0x08005947   Thumb Code    22  usbd_ioreq.o(i.USBD_CtlReceiveStatus)
    USBD_CtlSendData                         0x0800595d   Thumb Code    26  usbd_ioreq.o(i.USBD_CtlSendData)
    USBD_CtlSendStatus                       0x08005977   Thumb Code    22  usbd_ioreq.o(i.USBD_CtlSendStatus)
    USBD_GetString                           0x08005a73   Thumb Code    74  usbd_ctlreq.o(i.USBD_GetString)
    USBD_Get_USB_Status                      0x08005abd   Thumb Code    24  usbd_conf.o(i.USBD_Get_USB_Status)
    USBD_HS_ConfigStrDescriptor              0x08005ad5   Thumb Code    16  usbd_desc.o(i.USBD_HS_ConfigStrDescriptor)
    USBD_HS_DeviceDescriptor                 0x08005af5   Thumb Code     8  usbd_desc.o(i.USBD_HS_DeviceDescriptor)
    USBD_HS_InterfaceStrDescriptor           0x08005b01   Thumb Code    16  usbd_desc.o(i.USBD_HS_InterfaceStrDescriptor)
    USBD_HS_LangIDStrDescriptor              0x08005b25   Thumb Code     8  usbd_desc.o(i.USBD_HS_LangIDStrDescriptor)
    USBD_HS_ManufacturerStrDescriptor        0x08005b31   Thumb Code    16  usbd_desc.o(i.USBD_HS_ManufacturerStrDescriptor)
    USBD_HS_ProductStrDescriptor             0x08005b59   Thumb Code    16  usbd_desc.o(i.USBD_HS_ProductStrDescriptor)
    USBD_HS_SerialStrDescriptor              0x08005b85   Thumb Code    50  usbd_desc.o(i.USBD_HS_SerialStrDescriptor)
    USBD_Init                                0x08005bc1   Thumb Code    52  usbd_core.o(i.USBD_Init)
    USBD_LL_ClearStallEP                     0x08005bf5   Thumb Code    18  usbd_conf.o(i.USBD_LL_ClearStallEP)
    USBD_LL_CloseEP                          0x08005c07   Thumb Code    18  usbd_conf.o(i.USBD_LL_CloseEP)
    USBD_LL_DataInStage                      0x08005c19   Thumb Code   170  usbd_core.o(i.USBD_LL_DataInStage)
    USBD_LL_DataOutStage                     0x08005cc3   Thumb Code   110  usbd_core.o(i.USBD_LL_DataOutStage)
    USBD_LL_DevConnected                     0x08005d31   Thumb Code     4  usbd_core.o(i.USBD_LL_DevConnected)
    USBD_LL_DevDisconnected                  0x08005d35   Thumb Code    26  usbd_core.o(i.USBD_LL_DevDisconnected)
    USBD_LL_GetRxDataSize                    0x08005d4f   Thumb Code     8  usbd_conf.o(i.USBD_LL_GetRxDataSize)
    USBD_LL_Init                             0x08005d59   Thumb Code    94  usbd_conf.o(i.USBD_LL_Init)
    USBD_LL_IsStallEP                        0x08005dc1   Thumb Code    32  usbd_conf.o(i.USBD_LL_IsStallEP)
    USBD_LL_IsoINIncomplete                  0x08005de1   Thumb Code     4  usbd_core.o(i.USBD_LL_IsoINIncomplete)
    USBD_LL_IsoOUTIncomplete                 0x08005de5   Thumb Code     4  usbd_core.o(i.USBD_LL_IsoOUTIncomplete)
    USBD_LL_OpenEP                           0x08005de9   Thumb Code    24  usbd_conf.o(i.USBD_LL_OpenEP)
    USBD_LL_PrepareReceive                   0x08005e01   Thumb Code    18  usbd_conf.o(i.USBD_LL_PrepareReceive)
    USBD_LL_Reset                            0x08005e13   Thumb Code    82  usbd_core.o(i.USBD_LL_Reset)
    USBD_LL_Resume                           0x08005e65   Thumb Code    20  usbd_core.o(i.USBD_LL_Resume)
    USBD_LL_SOF                              0x08005e79   Thumb Code    24  usbd_core.o(i.USBD_LL_SOF)
    USBD_LL_SetSpeed                         0x08005e91   Thumb Code     6  usbd_core.o(i.USBD_LL_SetSpeed)
    USBD_LL_SetUSBAddress                    0x08005e97   Thumb Code    18  usbd_conf.o(i.USBD_LL_SetUSBAddress)
    USBD_LL_SetupStage                       0x08005ea9   Thumb Code    92  usbd_core.o(i.USBD_LL_SetupStage)
    USBD_LL_StallEP                          0x08005f05   Thumb Code    18  usbd_conf.o(i.USBD_LL_StallEP)
    USBD_LL_Start                            0x08005f17   Thumb Code    18  usbd_conf.o(i.USBD_LL_Start)
    USBD_LL_Suspend                          0x08005f29   Thumb Code    18  usbd_core.o(i.USBD_LL_Suspend)
    USBD_LL_Transmit                         0x08005f3b   Thumb Code    18  usbd_conf.o(i.USBD_LL_Transmit)
    USBD_ParseSetupRequest                   0x08005f4d   Thumb Code    42  usbd_ctlreq.o(i.USBD_ParseSetupRequest)
    USBD_RegisterClass                       0x08005f77   Thumb Code    34  usbd_core.o(i.USBD_RegisterClass)
    USBD_SetClassConfig                      0x08005f99   Thumb Code    20  usbd_core.o(i.USBD_SetClassConfig)
    USBD_Start                               0x08006069   Thumb Code     4  usbd_core.o(i.USBD_Start)
    USBD_StdDevReq                           0x0800606d   Thumb Code   278  usbd_ctlreq.o(i.USBD_StdDevReq)
    USBD_StdEPReq                            0x08006183   Thumb Code   332  usbd_ctlreq.o(i.USBD_StdEPReq)
    USBD_StdItfReq                           0x080062cf   Thumb Code    84  usbd_ctlreq.o(i.USBD_StdItfReq)
    USB_ActivateEndpoint                     0x08006325   Thumb Code   124  stm32f7xx_ll_usb.o(i.USB_ActivateEndpoint)
    USB_ActivateSetup                        0x080063a5   Thumb Code    28  stm32f7xx_ll_usb.o(i.USB_ActivateSetup)
    USB_CoreInit                             0x080063c1   Thumb Code   228  stm32f7xx_ll_usb.o(i.USB_CoreInit)
    USB_DeactivateEndpoint                   0x080064e9   Thumb Code   194  stm32f7xx_ll_usb.o(i.USB_DeactivateEndpoint)
    USB_DevConnect                           0x080065b5   Thumb Code    24  stm32f7xx_ll_usb.o(i.USB_DevConnect)
    USB_DevDisconnect                        0x080065cd   Thumb Code    24  stm32f7xx_ll_usb.o(i.USB_DevDisconnect)
    USB_DevInit                              0x080065e5   Thumb Code   372  stm32f7xx_ll_usb.o(i.USB_DevInit)
    USB_DisableGlobalInt                     0x08006761   Thumb Code    12  stm32f7xx_ll_usb.o(i.USB_DisableGlobalInt)
    USB_EP0StartXfer                         0x0800676d   Thumb Code   280  stm32f7xx_ll_usb.o(i.USB_EP0StartXfer)
    USB_EP0_OutStart                         0x08006889   Thumb Code    84  stm32f7xx_ll_usb.o(i.USB_EP0_OutStart)
    USB_EPClearStall                         0x080068e1   Thumb Code    88  stm32f7xx_ll_usb.o(i.USB_EPClearStall)
    USB_EPSetStall                           0x08006939   Thumb Code    88  stm32f7xx_ll_usb.o(i.USB_EPSetStall)
    USB_EPStartXfer                          0x08006991   Thumb Code   482  stm32f7xx_ll_usb.o(i.USB_EPStartXfer)
    USB_EnableGlobalInt                      0x08006b79   Thumb Code    12  stm32f7xx_ll_usb.o(i.USB_EnableGlobalInt)
    USB_FlushRxFifo                          0x08006b85   Thumb Code    28  stm32f7xx_ll_usb.o(i.USB_FlushRxFifo)
    USB_FlushTxFifo                          0x08006ba5   Thumb Code    32  stm32f7xx_ll_usb.o(i.USB_FlushTxFifo)
    USB_GetDevSpeed                          0x08006bc9   Thumb Code    26  stm32f7xx_ll_usb.o(i.USB_GetDevSpeed)
    USB_GetMode                              0x08006be3   Thumb Code     8  stm32f7xx_ll_usb.o(i.USB_GetMode)
    USB_ReadDevAllInEpInterrupt              0x08006beb   Thumb Code    14  stm32f7xx_ll_usb.o(i.USB_ReadDevAllInEpInterrupt)
    USB_ReadDevAllOutEpInterrupt             0x08006bf9   Thumb Code    14  stm32f7xx_ll_usb.o(i.USB_ReadDevAllOutEpInterrupt)
    USB_ReadDevInEPInterrupt                 0x08006c07   Thumb Code    36  stm32f7xx_ll_usb.o(i.USB_ReadDevInEPInterrupt)
    USB_ReadDevOutEPInterrupt                0x08006c2b   Thumb Code    16  stm32f7xx_ll_usb.o(i.USB_ReadDevOutEPInterrupt)
    USB_ReadInterrupts                       0x08006c3b   Thumb Code     8  stm32f7xx_ll_usb.o(i.USB_ReadInterrupts)
    USB_ReadPacket                           0x08006c43   Thumb Code    28  stm32f7xx_ll_usb.o(i.USB_ReadPacket)
    USB_SetCurrentMode                       0x08006c5f   Thumb Code    46  stm32f7xx_ll_usb.o(i.USB_SetCurrentMode)
    USB_SetDevAddress                        0x08006c8d   Thumb Code    34  stm32f7xx_ll_usb.o(i.USB_SetDevAddress)
    USB_SetTurnaroundTime                    0x08006cb1   Thumb Code   158  stm32f7xx_ll_usb.o(i.USB_SetTurnaroundTime)
    USB_WritePacket                          0x08006d99   Thumb Code    36  stm32f7xx_ll_usb.o(i.USB_WritePacket)
    UsageFault_Handler                       0x08006dbd   Thumb Code     2  stm32f7xx_it.o(i.UsageFault_Handler)
    __scatterload_copy                       0x08006de1   Thumb Code    14  handlers.o(i.__scatterload_copy)
    __scatterload_null                       0x08006def   Thumb Code     2  handlers.o(i.__scatterload_null)
    __scatterload_zeroinit                   0x08006df1   Thumb Code    14  handlers.o(i.__scatterload_zeroinit)
    dataMGR_init                             0x08006e01   Thumb Code    34  datamgr.o(i.dataMGR_init)
    dataMGR_init_DMA                         0x08006e25   Thumb Code    42  datamgr.o(i.dataMGR_init_DMA)
    free                                     0x08006e51   Thumb Code    76  malloc.o(i.free)
    main                                     0x08006ea1   Thumb Code   266  main.o(i.main)
    malloc                                   0x08006fc5   Thumb Code    92  malloc.o(i.malloc)
    AHBPrescTable                            0x08007030   Data          16  system_stm32f7xx.o(.constdata)
    APBPrescTable                            0x08007040   Data           8  system_stm32f7xx.o(.constdata)
    Region$$Table$$Base                      0x08007050   Number         0  anon$$obj.o(Region$$Table)
    Region$$Table$$Limit                     0x08007070   Number         0  anon$$obj.o(Region$$Table)
    HS_Desc                                  0x20000000   Data          28  usbd_desc.o(.data)
    USBD_LangIDDesc                          0x2000001c   Data           4  usbd_desc.o(.data)
    USBD_HS_DeviceDesc                       0x20000020   Data          18  usbd_desc.o(.data)
    USBD_StringSerial                        0x20000034   Data          26  usbd_desc.o(.data)
    USBD_Interface_fops_HS                   0x20000050   Data          20  usbd_cdc_if.o(.data)
    SystemCoreClock                          0x2000006c   Data           4  system_stm32f7xx.o(.data)
    uwTickFreq                               0x20000070   Data           1  stm32f7xx_hal.o(.data)
    uwTickPrio                               0x20000074   Data           4  stm32f7xx_hal.o(.data)
    uwTick                                   0x20000078   Data           4  stm32f7xx_hal.o(.data)
    USBD_CDC                                 0x20000158   Data          56  usbd_cdc.o(.data)
    __microlib_freelist                      0x20000190   Data           4  mvars.o(.data)
    __microlib_freelist_initialised          0x20000194   Data           4  mvars.o(.data)
    hsd1                                     0x20000198   Data         132  main.o(.bss)
    hspi1                                    0x2000021c   Data         100  main.o(.bss)
    hspi2                                    0x20000280   Data         100  main.o(.bss)
    hspi3                                    0x200002e4   Data         100  main.o(.bss)
    hspi4                                    0x20000348   Data         100  main.o(.bss)
    hspi5                                    0x200003ac   Data         100  main.o(.bss)
    htim1                                    0x20000410   Data          64  main.o(.bss)
    htim14                                   0x20000450   Data          64  main.o(.bss)
    huart4                                   0x20000490   Data         128  main.o(.bss)
    huart8                                   0x20000510   Data         128  main.o(.bss)
    huart1                                   0x20000590   Data         128  main.o(.bss)
    huart2                                   0x20000610   Data         128  main.o(.bss)
    huart3                                   0x20000690   Data         128  main.o(.bss)
    huart6                                   0x20000710   Data         128  main.o(.bss)
    hsdram1                                  0x20000790   Data          52  main.o(.bss)
    data_buf_RX1                             0x200007c4   Data        8192  main.o(.bss)
    data_buf_RX2                             0x200027c4   Data        8192  main.o(.bss)
    data_buf_RX3                             0x200047c4   Data        8192  main.o(.bss)
    data_buf_RX4                             0x200067c4   Data        8192  main.o(.bss)
    data_buf_TX                              0x200087c4   Data        8192  main.o(.bss)
    data_buf_RX_CDC                          0x2000a7c4   Data        8192  main.o(.bss)
    MGR_TX                                   0x2000c7c4   Data          52  main.o(.bss)
    MGR_RX1                                  0x2000c7f8   Data          52  main.o(.bss)
    MGR_RX2                                  0x2000c82c   Data          52  main.o(.bss)
    MGR_RX3                                  0x2000c860   Data          52  main.o(.bss)
    MGR_RX4                                  0x2000c894   Data          52  main.o(.bss)
    MGR_CDC                                  0x2000c8c8   Data          52  main.o(.bss)
    IC_handle1                               0x2000c8fc   Data         128  main.o(.bss)
    IC_handle2                               0x2000c97c   Data         128  main.o(.bss)
    IC_handle3                               0x2000c9fc   Data         128  main.o(.bss)
    IC_handle4                               0x2000ca7c   Data         128  main.o(.bss)
    hdma_usart1_rx                           0x2000cafc   Data          96  main.o(.bss)
    hdma_usart2_rx                           0x2000cb5c   Data          96  main.o(.bss)
    hdma_usart3_rx                           0x2000cbbc   Data          96  main.o(.bss)
    hdma_usart6_rx                           0x2000cc1c   Data          96  main.o(.bss)
    hUsbDeviceHS                             0x2000cc7c   Data         720  usb_device.o(.bss)
    hpcd_USB_OTG_HS                          0x2000cf4c   Data        1028  usbd_conf.o(.bss)
    USBD_StrDesc                             0x2000d350   Data         512  usbd_desc.o(.bss)
    UserRxBufferHS                           0x2000d550   Data        2048  usbd_cdc_if.o(.bss)
    UserTxBufferHS                           0x2000dd50   Data        2048  usbd_cdc_if.o(.bss)
    __heap_base                              0x2000e550   Data           0  startup_stm32f723xx.o(HEAP)
    __heap_limit                             0x2000e950   Data           0  startup_stm32f723xx.o(HEAP)
    __initial_sp                             0x2000ed50   Data           0  startup_stm32f723xx.o(STACK)



==============================================================================

Memory Map of the image

  Image Entry point : 0x080001e1

  Load Region LR_IROM1 (Base: 0x08000000, Size: 0x00007208, Max: 0x00080000, ABSOLUTE, COMPRESSED[0x00007138])

    Execution Region ER_IROM1 (Exec base: 0x08000000, Load base: 0x08000000, Size: 0x00007070, Max: 0x00080000, ABSOLUTE)

    Exec Addr    Load Addr    Size         Type   Attr      Idx    E Section Name        Object

    0x08000000   0x08000000   0x000001e0   Data   RO            3    RESET               startup_stm32f723xx.o
    0x080001e0   0x080001e0   0x00000000   Code   RO         6340  * .ARM.Collect$$$$00000000  mc_w.l(entry.o)
    0x080001e0   0x080001e0   0x00000004   Code   RO         6379    .ARM.Collect$$$$00000001  mc_w.l(entry2.o)
    0x080001e4   0x080001e4   0x00000004   Code   RO         6382    .ARM.Collect$$$$00000004  mc_w.l(entry5.o)
    0x080001e8   0x080001e8   0x00000000   Code   RO         6384    .ARM.Collect$$$$00000008  mc_w.l(entry7b.o)
    0x080001e8   0x080001e8   0x00000000   Code   RO         6386    .ARM.Collect$$$$0000000A  mc_w.l(entry8b.o)
    0x080001e8   0x080001e8   0x00000008   Code   RO         6387    .ARM.Collect$$$$0000000B  mc_w.l(entry9a.o)
    0x080001f0   0x080001f0   0x00000000   Code   RO         6389    .ARM.Collect$$$$0000000D  mc_w.l(entry10a.o)
    0x080001f0   0x080001f0   0x00000000   Code   RO         6391    .ARM.Collect$$$$0000000F  mc_w.l(entry11a.o)
    0x080001f0   0x080001f0   0x00000004   Code   RO         6380    .ARM.Collect$$$$00002712  mc_w.l(entry2.o)
    0x080001f4   0x080001f4   0x00000024   Code   RO            4    .text               startup_stm32f723xx.o
    0x08000218   0x08000218   0x00000062   Code   RO         6343    .text               mc_w.l(uldiv.o)
    0x0800027a   0x0800027a   0x00000024   Code   RO         6345    .text               mc_w.l(memcpya.o)
    0x0800029e   0x0800029e   0x00000024   Code   RO         6347    .text               mc_w.l(memseta.o)
    0x080002c2   0x080002c2   0x0000001e   Code   RO         6393    .text               mc_w.l(llshl.o)
    0x080002e0   0x080002e0   0x00000020   Code   RO         6395    .text               mc_w.l(llushr.o)
    0x08000300   0x08000300   0x00000024   Code   RO         6399    .text               mc_w.l(init.o)
    0x08000324   0x08000324   0x00000056   Code   RO         6409    .text               mc_w.l(__dczerorl2.o)
    0x0800037a   0x0800037a   0x00000002   Code   RO          911    i.BusFault_Handler  stm32f7xx_it.o
    0x0800037c   0x0800037c   0x00000a2a   Code   RO          834    i.CDC_Control_HS    usbd_cdc_if.o
    0x08000da6   0x08000da6   0x00000004   Code   RO          835    i.CDC_DeInit_HS     usbd_cdc_if.o
    0x08000daa   0x08000daa   0x00000002   PAD
    0x08000dac   0x08000dac   0x00000024   Code   RO          836    i.CDC_Init_HS       usbd_cdc_if.o
    0x08000dd0   0x08000dd0   0x00000018   Code   RO          837    i.CDC_Receive_HS    usbd_cdc_if.o
    0x08000de8   0x08000de8   0x00000004   Code   RO          838    i.CDC_TransmitCplt_HS  usbd_cdc_if.o
    0x08000dec   0x08000dec   0x0000009c   Code   RO           13    i.CE32_IonCom_Init_device  ce32_ioncom.o
    0x08000e88   0x08000e88   0x00000024   Code   RO           15    i.CE32_Ioncom_Init  ce32_ioncom.o
    0x08000eac   0x08000eac   0x0000004c   Code   RO           17    i.CE32_Ioncom_Setting  ce32_ioncom.o
    0x08000ef8   0x08000ef8   0x00000094   Code   RO          912    i.DMA1_Stream1_IRQHandler  stm32f7xx_it.o
    0x08000f8c   0x08000f8c   0x00000094   Code   RO          913    i.DMA1_Stream5_IRQHandler  stm32f7xx_it.o
    0x08001020   0x08001020   0x00000094   Code   RO          914    i.DMA2_Stream1_IRQHandler  stm32f7xx_it.o
    0x080010b4   0x080010b4   0x00000094   Code   RO          915    i.DMA2_Stream2_IRQHandler  stm32f7xx_it.o
    0x08001148   0x08001148   0x00000028   Code   RO         2199    i.DMA_CalcBaseAndBitshift  stm32f7xx_hal_dma.o
    0x08001170   0x08001170   0x00000054   Code   RO         2200    i.DMA_CheckFifoParam  stm32f7xx_hal_dma.o
    0x080011c4   0x080011c4   0x00000002   Code   RO          916    i.DebugMon_Handler  stm32f7xx_it.o
    0x080011c6   0x080011c6   0x00000002   Code   RO          293    i.Error_Handler     main.o
    0x080011c8   0x080011c8   0x0000005e   Code   RO         3481    i.FMC_SDRAM_Init    stm32f7xx_ll_fmc.o
    0x08001226   0x08001226   0x00000002   PAD
    0x08001228   0x08001228   0x0000008c   Code   RO         3485    i.FMC_SDRAM_Timing_Init  stm32f7xx_ll_fmc.o
    0x080012b4   0x080012b4   0x000000e4   Code   RO         2208    i.HAL_DMA_Init      stm32f7xx_hal_dma.o
    0x08001398   0x08001398   0x00000024   Code   RO         2704    i.HAL_Delay         stm32f7xx_hal.o
    0x080013bc   0x080013bc   0x000000c0   Code   RO         1079    i.HAL_FMC_MspInit   stm32f7xx_hal_msp.o
    0x0800147c   0x0800147c   0x000001bc   Code   RO         2136    i.HAL_GPIO_Init     stm32f7xx_hal_gpio.o
    0x08001638   0x08001638   0x0000000a   Code   RO         2140    i.HAL_GPIO_WritePin  stm32f7xx_hal_gpio.o
    0x08001642   0x08001642   0x00000002   PAD
    0x08001644   0x08001644   0x0000000c   Code   RO         2712    i.HAL_GetTick       stm32f7xx_hal.o
    0x08001650   0x08001650   0x00000010   Code   RO         2718    i.HAL_IncTick       stm32f7xx_hal.o
    0x08001660   0x08001660   0x0000002c   Code   RO         2719    i.HAL_Init          stm32f7xx_hal.o
    0x0800168c   0x0800168c   0x00000040   Code   RO         2720    i.HAL_InitTick      stm32f7xx_hal.o
    0x080016cc   0x080016cc   0x00000030   Code   RO         1080    i.HAL_MspInit       stm32f7xx_hal_msp.o
    0x080016fc   0x080016fc   0x0000001a   Code   RO         2567    i.HAL_NVIC_EnableIRQ  stm32f7xx_hal_cortex.o
    0x08001716   0x08001716   0x00000002   PAD
    0x08001718   0x08001718   0x00000040   Code   RO         2573    i.HAL_NVIC_SetPriority  stm32f7xx_hal_cortex.o
    0x08001758   0x08001758   0x00000024   Code   RO         2574    i.HAL_NVIC_SetPriorityGrouping  stm32f7xx_hal_cortex.o
    0x0800177c   0x0800177c   0x00000028   Code   RO         1435    i.HAL_PCDEx_ActivateLPM  stm32f7xx_hal_pcd_ex.o
    0x080017a4   0x080017a4   0x00000002   Code   RO         1438    i.HAL_PCDEx_LPM_Callback  stm32f7xx_hal_pcd_ex.o
    0x080017a6   0x080017a6   0x00000008   Code   RO         1439    i.HAL_PCDEx_SetRxFiFo  stm32f7xx_hal_pcd_ex.o
    0x080017ae   0x080017ae   0x00000046   Code   RO         1440    i.HAL_PCDEx_SetTxFiFo  stm32f7xx_hal_pcd_ex.o
    0x080017f4   0x080017f4   0x00000008   Code   RO          553    i.HAL_PCD_ConnectCallback  usbd_conf.o
    0x080017fc   0x080017fc   0x00000012   Code   RO          554    i.HAL_PCD_DataInStageCallback  usbd_conf.o
    0x0800180e   0x0800180e   0x00000014   Code   RO          555    i.HAL_PCD_DataOutStageCallback  usbd_conf.o
    0x08001822   0x08001822   0x00000008   Code   RO          556    i.HAL_PCD_DisconnectCallback  usbd_conf.o
    0x0800182a   0x0800182a   0x0000004c   Code   RO         1224    i.HAL_PCD_EP_Close  stm32f7xx_hal_pcd.o
    0x08001876   0x08001876   0x0000005c   Code   RO         1225    i.HAL_PCD_EP_ClrStall  stm32f7xx_hal_pcd.o
    0x080018d2   0x080018d2   0x00000012   Code   RO         1227    i.HAL_PCD_EP_GetRxCount  stm32f7xx_hal_pcd.o
    0x080018e4   0x080018e4   0x00000060   Code   RO         1228    i.HAL_PCD_EP_Open   stm32f7xx_hal_pcd.o
    0x08001944   0x08001944   0x00000044   Code   RO         1229    i.HAL_PCD_EP_Receive  stm32f7xx_hal_pcd.o
    0x08001988   0x08001988   0x00000074   Code   RO         1230    i.HAL_PCD_EP_SetStall  stm32f7xx_hal_pcd.o
    0x080019fc   0x080019fc   0x00000044   Code   RO         1231    i.HAL_PCD_EP_Transmit  stm32f7xx_hal_pcd.o
    0x08001a40   0x08001a40   0x00000474   Code   RO         1233    i.HAL_PCD_IRQHandler  stm32f7xx_hal_pcd.o
    0x08001eb4   0x08001eb4   0x00000008   Code   RO          557    i.HAL_PCD_ISOINIncompleteCallback  usbd_conf.o
    0x08001ebc   0x08001ebc   0x00000008   Code   RO          558    i.HAL_PCD_ISOOUTIncompleteCallback  usbd_conf.o
    0x08001ec4   0x08001ec4   0x000000f2   Code   RO         1236    i.HAL_PCD_Init      stm32f7xx_hal_pcd.o
    0x08001fb6   0x08001fb6   0x00000002   PAD
    0x08001fb8   0x08001fb8   0x00000094   Code   RO          560    i.HAL_PCD_MspInit   usbd_conf.o
    0x0800204c   0x0800204c   0x0000002c   Code   RO          561    i.HAL_PCD_ResetCallback  usbd_conf.o
    0x08002078   0x08002078   0x00000008   Code   RO          562    i.HAL_PCD_ResumeCallback  usbd_conf.o
    0x08002080   0x08002080   0x00000008   Code   RO          563    i.HAL_PCD_SOFCallback  usbd_conf.o
    0x08002088   0x08002088   0x00000028   Code   RO         1242    i.HAL_PCD_SetAddress  stm32f7xx_hal_pcd.o
    0x080020b0   0x080020b0   0x0000000e   Code   RO          564    i.HAL_PCD_SetupStageCallback  usbd_conf.o
    0x080020be   0x080020be   0x0000002a   Code   RO         1244    i.HAL_PCD_Start     stm32f7xx_hal_pcd.o
    0x080020e8   0x080020e8   0x00000030   Code   RO          565    i.HAL_PCD_SuspendCallback  usbd_conf.o
    0x08002118   0x08002118   0x0000006c   Code   RO         2476    i.HAL_PWREx_EnableOverDrive  stm32f7xx_hal_pwr_ex.o
    0x08002184   0x08002184   0x00000454   Code   RO         1897    i.HAL_RCCEx_PeriphCLKConfig  stm32f7xx_hal_rcc_ex.o
    0x080025d8   0x080025d8   0x00000130   Code   RO         1790    i.HAL_RCC_ClockConfig  stm32f7xx_hal_rcc.o
    0x08002708   0x08002708   0x0000000c   Code   RO         1795    i.HAL_RCC_GetHCLKFreq  stm32f7xx_hal_rcc.o
    0x08002714   0x08002714   0x00000020   Code   RO         1797    i.HAL_RCC_GetPCLK1Freq  stm32f7xx_hal_rcc.o
    0x08002734   0x08002734   0x00000020   Code   RO         1798    i.HAL_RCC_GetPCLK2Freq  stm32f7xx_hal_rcc.o
    0x08002754   0x08002754   0x00000064   Code   RO         1799    i.HAL_RCC_GetSysClockFreq  stm32f7xx_hal_rcc.o
    0x080027b8   0x080027b8   0x00000384   Code   RO         1802    i.HAL_RCC_OscConfig  stm32f7xx_hal_rcc.o
    0x08002b3c   0x08002b3c   0x00000042   Code   RO         3622    i.HAL_SDRAM_Init    stm32f7xx_hal_sdram.o
    0x08002b7e   0x08002b7e   0x00000004   Code   RO         1082    i.HAL_SDRAM_MspInit  stm32f7xx_hal_msp.o
    0x08002b82   0x08002b82   0x00000002   PAD
    0x08002b84   0x08002b84   0x000000f4   Code   RO         4039    i.HAL_SD_ConfigWideBusOperation  stm32f7xx_hal_sd.o
    0x08002c78   0x08002c78   0x000001bc   Code   RO         4044    i.HAL_SD_GetCardCSD  stm32f7xx_hal_sd.o
    0x08002e34   0x08002e34   0x00000036   Code   RO         4051    i.HAL_SD_Init       stm32f7xx_hal_sd.o
    0x08002e6a   0x08002e6a   0x0000005a   Code   RO         4052    i.HAL_SD_InitCard   stm32f7xx_hal_sd.o
    0x08002ec4   0x08002ec4   0x00000098   Code   RO         1084    i.HAL_SD_MspInit    stm32f7xx_hal_msp.o
    0x08002f5c   0x08002f5c   0x000000c4   Code   RO         4272    i.HAL_SPI_Init      stm32f7xx_hal_spi.o
    0x08003020   0x08003020   0x0000019c   Code   RO         1086    i.HAL_SPI_MspInit   stm32f7xx_hal_msp.o
    0x080031bc   0x080031bc   0x00000026   Code   RO         2578    i.HAL_SYSTICK_Config  stm32f7xx_hal_cortex.o
    0x080031e2   0x080031e2   0x00000002   PAD
    0x080031e4   0x080031e4   0x000000a0   Code   RO         5303    i.HAL_TIMEx_ConfigBreakDeadTime  stm32f7xx_hal_tim_ex.o
    0x08003284   0x08003284   0x000000a4   Code   RO         5319    i.HAL_TIMEx_MasterConfigSynchronization  stm32f7xx_hal_tim_ex.o
    0x08003328   0x08003328   0x00000036   Code   RO         4614    i.HAL_TIM_Base_Init  stm32f7xx_hal_tim.o
    0x0800335e   0x0800335e   0x00000002   PAD
    0x08003360   0x08003360   0x00000098   Code   RO         1088    i.HAL_TIM_Base_MspInit  stm32f7xx_hal_msp.o
    0x080033f8   0x080033f8   0x000000dc   Code   RO         4623    i.HAL_TIM_ConfigClockSource  stm32f7xx_hal_tim.o
    0x080034d4   0x080034d4   0x00000054   Code   RO         1089    i.HAL_TIM_MspPostInit  stm32f7xx_hal_msp.o
    0x08003528   0x08003528   0x00000072   Code   RO         4658    i.HAL_TIM_OC_ConfigChannel  stm32f7xx_hal_tim.o
    0x0800359a   0x0800359a   0x00000036   Code   RO         4662    i.HAL_TIM_OC_Init   stm32f7xx_hal_tim.o
    0x080035d0   0x080035d0   0x00000002   Code   RO         4664    i.HAL_TIM_OC_MspInit  stm32f7xx_hal_tim.o
    0x080035d2   0x080035d2   0x00000056   Code   RO         4698    i.HAL_TIM_SlaveConfigSynchro  stm32f7xx_hal_tim.o
    0x08003628   0x08003628   0x00000066   Code   RO         5590    i.HAL_UART_Init     stm32f7xx_hal_uart.o
    0x0800368e   0x0800368e   0x00000002   PAD
    0x08003690   0x08003690   0x000002e8   Code   RO         1091    i.HAL_UART_MspInit  stm32f7xx_hal_msp.o
    0x08003978   0x08003978   0x00000002   Code   RO          917    i.HardFault_Handler  stm32f7xx_it.o
    0x0800397a   0x0800397a   0x00000002   PAD
    0x0800397c   0x0800397c   0x0000006c   Code   RO          294    i.Init_Buffer       main.o
    0x080039e8   0x080039e8   0x0000036c   Code   RO          295    i.Init_Ioncom_Receiver  main.o
    0x08003d54   0x08003d54   0x00000038   Code   RO          748    i.IntToUnicode      usbd_desc.o
    0x08003d8c   0x08003d8c   0x0000006c   Code   RO          296    i.MX_DMA_Init       main.o
    0x08003df8   0x08003df8   0x00000054   Code   RO          297    i.MX_FMC_Init       main.o
    0x08003e4c   0x08003e4c   0x00000170   Code   RO          298    i.MX_GPIO_Init      main.o
    0x08003fbc   0x08003fbc   0x00000038   Code   RO          299    i.MX_SPI1_Init      main.o
    0x08003ff4   0x08003ff4   0x0000003c   Code   RO          300    i.MX_SPI2_Init      main.o
    0x08004030   0x08004030   0x0000003c   Code   RO          301    i.MX_SPI3_Init      main.o
    0x0800406c   0x0800406c   0x0000003c   Code   RO          302    i.MX_SPI4_Init      main.o
    0x080040a8   0x080040a8   0x0000003c   Code   RO          303    i.MX_SPI5_Init      main.o
    0x080040e4   0x080040e4   0x000000c8   Code   RO          304    i.MX_TIM1_Init      main.o
    0x080041ac   0x080041ac   0x00000030   Code   RO          305    i.MX_UART4_Init     main.o
    0x080041dc   0x080041dc   0x00000030   Code   RO          306    i.MX_UART8_Init     main.o
    0x0800420c   0x0800420c   0x00000030   Code   RO          307    i.MX_USART1_UART_Init  main.o
    0x0800423c   0x0800423c   0x00000030   Code   RO          308    i.MX_USART2_UART_Init  main.o
    0x0800426c   0x0800426c   0x00000030   Code   RO          309    i.MX_USART3_UART_Init  main.o
    0x0800429c   0x0800429c   0x00000030   Code   RO          310    i.MX_USART6_UART_Init  main.o
    0x080042cc   0x080042cc   0x00000054   Code   RO          522    i.MX_USB_DEVICE_Init  usb_device.o
    0x08004320   0x08004320   0x00000002   Code   RO          918    i.MemManage_Handler  stm32f7xx_it.o
    0x08004322   0x08004322   0x00000002   Code   RO          919    i.NMI_Handler       stm32f7xx_it.o
    0x08004324   0x08004324   0x0000000c   Code   RO          920    i.OTG_HS_IRQHandler  stm32f7xx_it.o
    0x08004330   0x08004330   0x000000cc   Code   RO         1247    i.PCD_EP_OutXfrComplete_int  stm32f7xx_hal_pcd.o
    0x080043fc   0x080043fc   0x000000a2   Code   RO         1248    i.PCD_WriteEmptyTxFifo  stm32f7xx_hal_pcd.o
    0x0800449e   0x0800449e   0x00000002   Code   RO          921    i.PendSV_Handler    stm32f7xx_it.o
    0x080044a0   0x080044a0   0x0000002c   Code   RO          311    i.PowerUp_IC        main.o
    0x080044cc   0x080044cc   0x00000018   Code   RO          313    i.RXdata_Indicator_Init  main.o
    0x080044e4   0x080044e4   0x00000002   Code   RO          922    i.SDMMC1_IRQHandler  stm32f7xx_it.o
    0x080044e6   0x080044e6   0x00000032   Code   RO         3772    i.SDMMC_CmdAppCommand  stm32f7xx_ll_sdmmc.o
    0x08004518   0x08004518   0x00000034   Code   RO         3773    i.SDMMC_CmdAppOperCommand  stm32f7xx_ll_sdmmc.o
    0x0800454c   0x0800454c   0x00000032   Code   RO         3774    i.SDMMC_CmdBlockLength  stm32f7xx_ll_sdmmc.o
    0x0800457e   0x0800457e   0x00000032   Code   RO         3775    i.SDMMC_CmdBusWidth  stm32f7xx_ll_sdmmc.o
    0x080045b0   0x080045b0   0x00000050   Code   RO         3779    i.SDMMC_CmdGoIdleState  stm32f7xx_ll_sdmmc.o
    0x08004600   0x08004600   0x00000070   Code   RO         3781    i.SDMMC_CmdOperCond  stm32f7xx_ll_sdmmc.o
    0x08004670   0x08004670   0x00000030   Code   RO         3786    i.SDMMC_CmdSelDesel  stm32f7xx_ll_sdmmc.o
    0x080046a0   0x080046a0   0x0000002a   Code   RO         3787    i.SDMMC_CmdSendCID  stm32f7xx_ll_sdmmc.o
    0x080046ca   0x080046ca   0x0000002e   Code   RO         3788    i.SDMMC_CmdSendCSD  stm32f7xx_ll_sdmmc.o
    0x080046f8   0x080046f8   0x00000030   Code   RO         3789    i.SDMMC_CmdSendSCR  stm32f7xx_ll_sdmmc.o
    0x08004728   0x08004728   0x00000030   Code   RO         3791    i.SDMMC_CmdSetRelAdd  stm32f7xx_ll_sdmmc.o
    0x08004758   0x08004758   0x00000026   Code   RO         3797    i.SDMMC_ConfigData  stm32f7xx_ll_sdmmc.o
    0x0800477e   0x0800477e   0x00000002   PAD
    0x08004780   0x08004780   0x00000120   Code   RO         3798    i.SDMMC_GetCmdResp1  stm32f7xx_ll_sdmmc.o
    0x080048a0   0x080048a0   0x00000050   Code   RO         3799    i.SDMMC_GetCmdResp2  stm32f7xx_ll_sdmmc.o
    0x080048f0   0x080048f0   0x00000044   Code   RO         3800    i.SDMMC_GetCmdResp3  stm32f7xx_ll_sdmmc.o
    0x08004934   0x08004934   0x00000088   Code   RO         3801    i.SDMMC_GetCmdResp6  stm32f7xx_ll_sdmmc.o
    0x080049bc   0x080049bc   0x00000008   Code   RO         3805    i.SDMMC_GetPowerState  stm32f7xx_ll_sdmmc.o
    0x080049c4   0x080049c4   0x00000006   Code   RO         3806    i.SDMMC_GetResponse  stm32f7xx_ll_sdmmc.o
    0x080049ca   0x080049ca   0x00000022   Code   RO         3807    i.SDMMC_Init        stm32f7xx_ll_sdmmc.o
    0x080049ec   0x080049ec   0x00000010   Code   RO         3809    i.SDMMC_PowerState_ON  stm32f7xx_ll_sdmmc.o
    0x080049fc   0x080049fc   0x00000006   Code   RO         3810    i.SDMMC_ReadFIFO    stm32f7xx_ll_sdmmc.o
    0x08004a02   0x08004a02   0x00000022   Code   RO         3811    i.SDMMC_SendCommand  stm32f7xx_ll_sdmmc.o
    0x08004a24   0x08004a24   0x000000d6   Code   RO         4068    i.SD_FindSCR        stm32f7xx_hal_sd.o
    0x08004afa   0x08004afa   0x000000ee   Code   RO         4069    i.SD_InitCard       stm32f7xx_hal_sd.o
    0x08004be8   0x08004be8   0x000000b4   Code   RO         4070    i.SD_PowerON        stm32f7xx_hal_sd.o
    0x08004c9c   0x08004c9c   0x00000002   Code   RO          923    i.SVC_Handler       stm32f7xx_it.o
    0x08004c9e   0x08004c9e   0x0000000a   Code   RO         6104    i.SWAPBYTE          usbd_ctlreq.o
    0x08004ca8   0x08004ca8   0x00000004   Code   RO          924    i.SysTick_Handler   stm32f7xx_it.o
    0x08004cac   0x08004cac   0x000000b4   Code   RO          314    i.SystemClock_Config  main.o
    0x08004d60   0x08004d60   0x00000054   Code   RO         1178    i.SystemInit        system_stm32f7xx.o
    0x08004db4   0x08004db4   0x00000020   Code   RO          925    i.TIM8_TRG_COM_TIM14_IRQHandler  stm32f7xx_it.o
    0x08004dd4   0x08004dd4   0x000000cc   Code   RO         4702    i.TIM_Base_SetConfig  stm32f7xx_hal_tim.o
    0x08004ea0   0x08004ea0   0x00000012   Code   RO         4713    i.TIM_ETR_SetConfig  stm32f7xx_hal_tim.o
    0x08004eb2   0x08004eb2   0x00000010   Code   RO         4714    i.TIM_ITRx_SetConfig  stm32f7xx_hal_tim.o
    0x08004ec2   0x08004ec2   0x00000002   PAD
    0x08004ec4   0x08004ec4   0x00000074   Code   RO         4715    i.TIM_OC1_SetConfig  stm32f7xx_hal_tim.o
    0x08004f38   0x08004f38   0x00000078   Code   RO         4716    i.TIM_OC2_SetConfig  stm32f7xx_hal_tim.o
    0x08004fb0   0x08004fb0   0x00000078   Code   RO         4717    i.TIM_OC3_SetConfig  stm32f7xx_hal_tim.o
    0x08005028   0x08005028   0x00000058   Code   RO         4718    i.TIM_OC4_SetConfig  stm32f7xx_hal_tim.o
    0x08005080   0x08005080   0x00000058   Code   RO         4719    i.TIM_OC5_SetConfig  stm32f7xx_hal_tim.o
    0x080050d8   0x080050d8   0x00000058   Code   RO         4720    i.TIM_OC6_SetConfig  stm32f7xx_hal_tim.o
    0x08005130   0x08005130   0x0000008c   Code   RO         4721    i.TIM_SlaveTimer_SetConfig  stm32f7xx_hal_tim.o
    0x080051bc   0x080051bc   0x00000022   Code   RO         4722    i.TIM_TI1_ConfigInputStage  stm32f7xx_hal_tim.o
    0x080051de   0x080051de   0x00000024   Code   RO         4724    i.TIM_TI2_ConfigInputStage  stm32f7xx_hal_tim.o
    0x08005202   0x08005202   0x00000002   Code   RO          926    i.UART4_IRQHandler  stm32f7xx_it.o
    0x08005204   0x08005204   0x00000002   Code   RO          927    i.UART8_IRQHandler  stm32f7xx_it.o
    0x08005206   0x08005206   0x000000c8   Code   RO         5604    i.UART_AdvFeatureConfig  stm32f7xx_hal_uart.o
    0x080052ce   0x080052ce   0x0000003c   Code   RO         5605    i.UART_CheckIdleState  stm32f7xx_hal_uart.o
    0x0800530a   0x0800530a   0x00000002   PAD
    0x0800530c   0x0800530c   0x0000025c   Code   RO         5620    i.UART_SetConfig    stm32f7xx_hal_uart.o
    0x08005568   0x08005568   0x000000a4   Code   RO         5623    i.UART_WaitOnFlagUntilTimeout  stm32f7xx_hal_uart.o
    0x0800560c   0x0800560c   0x00000002   Code   RO          928    i.USART1_IRQHandler  stm32f7xx_it.o
    0x0800560e   0x0800560e   0x00000002   Code   RO          929    i.USART2_IRQHandler  stm32f7xx_it.o
    0x08005610   0x08005610   0x00000002   Code   RO          930    i.USART3_IRQHandler  stm32f7xx_it.o
    0x08005612   0x08005612   0x00000002   Code   RO          931    i.USART6_IRQHandler  stm32f7xx_it.o
    0x08005614   0x08005614   0x00000060   Code   RO         6237    i.USBD_CDC_DataIn   usbd_cdc.o
    0x08005674   0x08005674   0x0000002a   Code   RO         6238    i.USBD_CDC_DataOut  usbd_cdc.o
    0x0800569e   0x0800569e   0x0000004a   Code   RO         6239    i.USBD_CDC_DeInit   usbd_cdc.o
    0x080056e8   0x080056e8   0x00000024   Code   RO         6240    i.USBD_CDC_EP0_RxReady  usbd_cdc.o
    0x0800570c   0x0800570c   0x0000000c   Code   RO         6241    i.USBD_CDC_GetDeviceQualifierDescriptor  usbd_cdc.o
    0x08005718   0x08005718   0x0000000c   Code   RO         6242    i.USBD_CDC_GetFSCfgDesc  usbd_cdc.o
    0x08005724   0x08005724   0x0000000c   Code   RO         6243    i.USBD_CDC_GetHSCfgDesc  usbd_cdc.o
    0x08005730   0x08005730   0x0000000c   Code   RO         6244    i.USBD_CDC_GetOtherSpeedCfgDesc  usbd_cdc.o
    0x0800573c   0x0800573c   0x000000a2   Code   RO         6245    i.USBD_CDC_Init     usbd_cdc.o
    0x080057de   0x080057de   0x00000028   Code   RO         6246    i.USBD_CDC_ReceivePacket  usbd_cdc.o
    0x08005806   0x08005806   0x0000000e   Code   RO         6247    i.USBD_CDC_RegisterInterface  usbd_cdc.o
    0x08005814   0x08005814   0x0000000c   Code   RO         6248    i.USBD_CDC_SetRxBuffer  usbd_cdc.o
    0x08005820   0x08005820   0x00000010   Code   RO         6249    i.USBD_CDC_SetTxBuffer  usbd_cdc.o
    0x08005830   0x08005830   0x000000b2   Code   RO         6250    i.USBD_CDC_Setup    usbd_cdc.o
    0x080058e2   0x080058e2   0x00000010   Code   RO         5966    i.USBD_ClrClassConfig  usbd_core.o
    0x080058f2   0x080058f2   0x00000010   Code   RO         6177    i.USBD_CtlContinueRx  usbd_ioreq.o
    0x08005902   0x08005902   0x00000010   Code   RO         6178    i.USBD_CtlContinueSendData  usbd_ioreq.o
    0x08005912   0x08005912   0x00000016   Code   RO         6105    i.USBD_CtlError     usbd_ctlreq.o
    0x08005928   0x08005928   0x0000001e   Code   RO         6179    i.USBD_CtlPrepareRx  usbd_ioreq.o
    0x08005946   0x08005946   0x00000016   Code   RO         6180    i.USBD_CtlReceiveStatus  usbd_ioreq.o
    0x0800595c   0x0800595c   0x0000001a   Code   RO         6181    i.USBD_CtlSendData  usbd_ioreq.o
    0x08005976   0x08005976   0x00000016   Code   RO         6182    i.USBD_CtlSendStatus  usbd_ioreq.o
    0x0800598c   0x0800598c   0x000000e6   Code   RO         6106    i.USBD_GetDescriptor  usbd_ctlreq.o
    0x08005a72   0x08005a72   0x0000004a   Code   RO         6107    i.USBD_GetString    usbd_ctlreq.o
    0x08005abc   0x08005abc   0x00000018   Code   RO          566    i.USBD_Get_USB_Status  usbd_conf.o
    0x08005ad4   0x08005ad4   0x00000020   Code   RO          749    i.USBD_HS_ConfigStrDescriptor  usbd_desc.o
    0x08005af4   0x08005af4   0x0000000c   Code   RO          750    i.USBD_HS_DeviceDescriptor  usbd_desc.o
    0x08005b00   0x08005b00   0x00000024   Code   RO          751    i.USBD_HS_InterfaceStrDescriptor  usbd_desc.o
    0x08005b24   0x08005b24   0x0000000c   Code   RO          752    i.USBD_HS_LangIDStrDescriptor  usbd_desc.o
    0x08005b30   0x08005b30   0x00000028   Code   RO          753    i.USBD_HS_ManufacturerStrDescriptor  usbd_desc.o
    0x08005b58   0x08005b58   0x0000002c   Code   RO          754    i.USBD_HS_ProductStrDescriptor  usbd_desc.o
    0x08005b84   0x08005b84   0x0000003c   Code   RO          755    i.USBD_HS_SerialStrDescriptor  usbd_desc.o
    0x08005bc0   0x08005bc0   0x00000034   Code   RO         5968    i.USBD_Init         usbd_core.o
    0x08005bf4   0x08005bf4   0x00000012   Code   RO          567    i.USBD_LL_ClearStallEP  usbd_conf.o
    0x08005c06   0x08005c06   0x00000012   Code   RO          568    i.USBD_LL_CloseEP   usbd_conf.o
    0x08005c18   0x08005c18   0x000000aa   Code   RO         5969    i.USBD_LL_DataInStage  usbd_core.o
    0x08005cc2   0x08005cc2   0x0000006e   Code   RO         5970    i.USBD_LL_DataOutStage  usbd_core.o
    0x08005d30   0x08005d30   0x00000004   Code   RO         5971    i.USBD_LL_DevConnected  usbd_core.o
    0x08005d34   0x08005d34   0x0000001a   Code   RO         5972    i.USBD_LL_DevDisconnected  usbd_core.o
    0x08005d4e   0x08005d4e   0x00000008   Code   RO          572    i.USBD_LL_GetRxDataSize  usbd_conf.o
    0x08005d56   0x08005d56   0x00000002   PAD
    0x08005d58   0x08005d58   0x00000068   Code   RO          573    i.USBD_LL_Init      usbd_conf.o
    0x08005dc0   0x08005dc0   0x00000020   Code   RO          574    i.USBD_LL_IsStallEP  usbd_conf.o
    0x08005de0   0x08005de0   0x00000004   Code   RO         5973    i.USBD_LL_IsoINIncomplete  usbd_core.o
    0x08005de4   0x08005de4   0x00000004   Code   RO         5974    i.USBD_LL_IsoOUTIncomplete  usbd_core.o
    0x08005de8   0x08005de8   0x00000018   Code   RO          575    i.USBD_LL_OpenEP    usbd_conf.o
    0x08005e00   0x08005e00   0x00000012   Code   RO          576    i.USBD_LL_PrepareReceive  usbd_conf.o
    0x08005e12   0x08005e12   0x00000052   Code   RO         5975    i.USBD_LL_Reset     usbd_core.o
    0x08005e64   0x08005e64   0x00000014   Code   RO         5976    i.USBD_LL_Resume    usbd_core.o
    0x08005e78   0x08005e78   0x00000018   Code   RO         5977    i.USBD_LL_SOF       usbd_core.o
    0x08005e90   0x08005e90   0x00000006   Code   RO         5978    i.USBD_LL_SetSpeed  usbd_core.o
    0x08005e96   0x08005e96   0x00000012   Code   RO          577    i.USBD_LL_SetUSBAddress  usbd_conf.o
    0x08005ea8   0x08005ea8   0x0000005c   Code   RO         5979    i.USBD_LL_SetupStage  usbd_core.o
    0x08005f04   0x08005f04   0x00000012   Code   RO          578    i.USBD_LL_StallEP   usbd_conf.o
    0x08005f16   0x08005f16   0x00000012   Code   RO          579    i.USBD_LL_Start     usbd_conf.o
    0x08005f28   0x08005f28   0x00000012   Code   RO         5980    i.USBD_LL_Suspend   usbd_core.o
    0x08005f3a   0x08005f3a   0x00000012   Code   RO          581    i.USBD_LL_Transmit  usbd_conf.o
    0x08005f4c   0x08005f4c   0x0000002a   Code   RO         6108    i.USBD_ParseSetupRequest  usbd_ctlreq.o
    0x08005f76   0x08005f76   0x00000022   Code   RO         5981    i.USBD_RegisterClass  usbd_core.o
    0x08005f98   0x08005f98   0x00000014   Code   RO         5983    i.USBD_SetClassConfig  usbd_core.o
    0x08005fac   0x08005fac   0x000000bc   Code   RO         6109    i.USBD_SetConfig    usbd_ctlreq.o
    0x08006068   0x08006068   0x00000004   Code   RO         5984    i.USBD_Start        usbd_core.o
    0x0800606c   0x0800606c   0x00000116   Code   RO         6110    i.USBD_StdDevReq    usbd_ctlreq.o
    0x08006182   0x08006182   0x0000014c   Code   RO         6111    i.USBD_StdEPReq     usbd_ctlreq.o
    0x080062ce   0x080062ce   0x00000054   Code   RO         6112    i.USBD_StdItfReq    usbd_ctlreq.o
    0x08006322   0x08006322   0x00000002   PAD
    0x08006324   0x08006324   0x00000080   Code   RO         1490    i.USB_ActivateEndpoint  stm32f7xx_ll_usb.o
    0x080063a4   0x080063a4   0x0000001c   Code   RO         1492    i.USB_ActivateSetup  stm32f7xx_ll_usb.o
    0x080063c0   0x080063c0   0x000000f0   Code   RO         1494    i.USB_CoreInit      stm32f7xx_ll_usb.o
    0x080064b0   0x080064b0   0x00000038   Code   RO         1495    i.USB_CoreReset     stm32f7xx_ll_usb.o
    0x080064e8   0x080064e8   0x000000cc   Code   RO         1498    i.USB_DeactivateEndpoint  stm32f7xx_ll_usb.o
    0x080065b4   0x080065b4   0x00000018   Code   RO         1499    i.USB_DevConnect    stm32f7xx_ll_usb.o
    0x080065cc   0x080065cc   0x00000018   Code   RO         1500    i.USB_DevDisconnect  stm32f7xx_ll_usb.o
    0x080065e4   0x080065e4   0x0000017c   Code   RO         1501    i.USB_DevInit       stm32f7xx_ll_usb.o
    0x08006760   0x08006760   0x0000000c   Code   RO         1502    i.USB_DisableGlobalInt  stm32f7xx_ll_usb.o
    0x0800676c   0x0800676c   0x0000011c   Code   RO         1505    i.USB_EP0StartXfer  stm32f7xx_ll_usb.o
    0x08006888   0x08006888   0x00000058   Code   RO         1506    i.USB_EP0_OutStart  stm32f7xx_ll_usb.o
    0x080068e0   0x080068e0   0x00000058   Code   RO         1507    i.USB_EPClearStall  stm32f7xx_ll_usb.o
    0x08006938   0x08006938   0x00000058   Code   RO         1508    i.USB_EPSetStall    stm32f7xx_ll_usb.o
    0x08006990   0x08006990   0x000001e8   Code   RO         1509    i.USB_EPStartXfer   stm32f7xx_ll_usb.o
    0x08006b78   0x08006b78   0x0000000c   Code   RO         1510    i.USB_EnableGlobalInt  stm32f7xx_ll_usb.o
    0x08006b84   0x08006b84   0x00000020   Code   RO         1511    i.USB_FlushRxFifo   stm32f7xx_ll_usb.o
    0x08006ba4   0x08006ba4   0x00000024   Code   RO         1512    i.USB_FlushTxFifo   stm32f7xx_ll_usb.o
    0x08006bc8   0x08006bc8   0x0000001a   Code   RO         1514    i.USB_GetDevSpeed   stm32f7xx_ll_usb.o
    0x08006be2   0x08006be2   0x00000008   Code   RO         1516    i.USB_GetMode       stm32f7xx_ll_usb.o
    0x08006bea   0x08006bea   0x0000000e   Code   RO         1523    i.USB_ReadDevAllInEpInterrupt  stm32f7xx_ll_usb.o
    0x08006bf8   0x08006bf8   0x0000000e   Code   RO         1524    i.USB_ReadDevAllOutEpInterrupt  stm32f7xx_ll_usb.o
    0x08006c06   0x08006c06   0x00000024   Code   RO         1525    i.USB_ReadDevInEPInterrupt  stm32f7xx_ll_usb.o
    0x08006c2a   0x08006c2a   0x00000010   Code   RO         1526    i.USB_ReadDevOutEPInterrupt  stm32f7xx_ll_usb.o
    0x08006c3a   0x08006c3a   0x00000008   Code   RO         1527    i.USB_ReadInterrupts  stm32f7xx_ll_usb.o
    0x08006c42   0x08006c42   0x0000001c   Code   RO         1528    i.USB_ReadPacket    stm32f7xx_ll_usb.o
    0x08006c5e   0x08006c5e   0x0000002e   Code   RO         1530    i.USB_SetCurrentMode  stm32f7xx_ll_usb.o
    0x08006c8c   0x08006c8c   0x00000022   Code   RO         1531    i.USB_SetDevAddress  stm32f7xx_ll_usb.o
    0x08006cae   0x08006cae   0x00000002   PAD
    0x08006cb0   0x08006cb0   0x000000e8   Code   RO         1533    i.USB_SetTurnaroundTime  stm32f7xx_ll_usb.o
    0x08006d98   0x08006d98   0x00000024   Code   RO         1536    i.USB_WritePacket   stm32f7xx_ll_usb.o
    0x08006dbc   0x08006dbc   0x00000002   Code   RO          932    i.UsageFault_Handler  stm32f7xx_it.o
    0x08006dbe   0x08006dbe   0x00000022   Code   RO         2580    i.__NVIC_SetPriority  stm32f7xx_hal_cortex.o
    0x08006de0   0x08006de0   0x0000000e   Code   RO         6403    i.__scatterload_copy  mc_w.l(handlers.o)
    0x08006dee   0x08006dee   0x00000002   Code   RO         6404    i.__scatterload_null  mc_w.l(handlers.o)
    0x08006df0   0x08006df0   0x0000000e   Code   RO         6405    i.__scatterload_zeroinit  mc_w.l(handlers.o)
    0x08006dfe   0x08006dfe   0x00000002   PAD
    0x08006e00   0x08006e00   0x00000022   Code   RO          237    i.dataMGR_init      datamgr.o
    0x08006e22   0x08006e22   0x00000002   PAD
    0x08006e24   0x08006e24   0x0000002a   Code   RO          239    i.dataMGR_init_DMA  datamgr.o
    0x08006e4e   0x08006e4e   0x00000002   PAD
    0x08006e50   0x08006e50   0x00000050   Code   RO         6351    i.free              mc_w.l(malloc.o)
    0x08006ea0   0x08006ea0   0x00000124   Code   RO          316    i.main              main.o
    0x08006fc4   0x08006fc4   0x0000006c   Code   RO         6352    i.malloc            mc_w.l(malloc.o)
    0x08007030   0x08007030   0x00000010   Data   RO         1179    .constdata          system_stm32f7xx.o
    0x08007040   0x08007040   0x00000008   Data   RO         1180    .constdata          system_stm32f7xx.o
    0x08007048   0x08007048   0x00000008   Data   RO         2214    .constdata          stm32f7xx_hal_dma.o
    0x08007050   0x08007050   0x00000020   Data   RO         6401    Region$$Table       anon$$obj.o


    Execution Region RW_IRAM1 (Exec base: 0x20000000, Load base: 0x08007070, Size: 0x0000ed50, Max: 0x00040000, ABSOLUTE, COMPRESSED[0x000000c8])

    Exec Addr    Load Addr    Size         Type   Attr      Idx    E Section Name        Object

    0x20000000   COMPRESSED   0x0000001c   Data   RW          757    .data               usbd_desc.o
    0x2000001c   COMPRESSED   0x00000032   Data   RW          758    .data               usbd_desc.o
    0x2000004e   COMPRESSED   0x00000002   PAD
    0x20000050   COMPRESSED   0x00000014   Data   RW          841    .data               usbd_cdc_if.o
    0x20000064   COMPRESSED   0x00000008   Data   RW         1092    .data               stm32f7xx_hal_msp.o
    0x2000006c   COMPRESSED   0x00000004   Data   RW         1181    .data               system_stm32f7xx.o
    0x20000070   COMPRESSED   0x0000000c   Data   RW         2726    .data               stm32f7xx_hal.o
    0x2000007c   COMPRESSED   0x00000001   Data   RW         6113    .data               usbd_ctlreq.o
    0x2000007d   COMPRESSED   0x00000003   PAD
    0x20000080   COMPRESSED   0x000000d7   Data   RW         6252    .data               usbd_cdc.o
    0x20000157   COMPRESSED   0x00000001   PAD
    0x20000158   COMPRESSED   0x00000038   Data   RW         6253    .data               usbd_cdc.o
    0x20000190   COMPRESSED   0x00000004   Data   RW         6397    .data               mc_w.l(mvars.o)
    0x20000194   COMPRESSED   0x00000004   Data   RW         6398    .data               mc_w.l(mvars.o)
    0x20000198        -       0x0000c964   Zero   RW          317    .bss                main.o
    0x2000cafc        -       0x00000060   Zero   RW          318    .bss                main.o
    0x2000cb5c        -       0x00000060   Zero   RW          319    .bss                main.o
    0x2000cbbc        -       0x00000060   Zero   RW          320    .bss                main.o
    0x2000cc1c        -       0x00000060   Zero   RW          321    .bss                main.o
    0x2000cc7c        -       0x000002d0   Zero   RW          523    .bss                usb_device.o
    0x2000cf4c        -       0x00000404   Zero   RW          582    .bss                usbd_conf.o
    0x2000d350        -       0x00000200   Zero   RW          756    .bss                usbd_desc.o
    0x2000d550        -       0x00001000   Zero   RW          840    .bss                usbd_cdc_if.o
    0x2000e550        -       0x00000400   Zero   RW            2    HEAP                startup_stm32f723xx.o
    0x2000e950        -       0x00000400   Zero   RW            1    STACK               startup_stm32f723xx.o


==============================================================================

Image component sizes


      Code (inc. data)   RO Data    RW Data    ZI Data      Debug   Object Name

       268          0          0          0          0     796960   ce32_ioncom.o
        76          0          0          0          0       5816   datamgr.o
      2870        248          0          0      51940      63739   main.o
        36          8        480          0       2048        820   startup_stm32f723xx.o
       172         28          0         12          0       8925   stm32f7xx_hal.o
       198         12          0          0          0      38903   stm32f7xx_hal_cortex.o
       352         12          8          0          0       2895   stm32f7xx_hal_dma.o
       454         44          0          0          0       2504   stm32f7xx_hal_gpio.o
      1788        198          0          8          0       7203   stm32f7xx_hal_msp.o
      2364         16          0          0          0      12677   stm32f7xx_hal_pcd.o
       120          6          0          0          0       2989   stm32f7xx_hal_pcd_ex.o
       108          8          0          0          0       1240   stm32f7xx_hal_pwr_ex.o
      1380         74          0          0          0       5568   stm32f7xx_hal_rcc.o
      1108         18          0          0          0       2116   stm32f7xx_hal_rcc_ex.o
      1464         14          0          0          0       7320   stm32f7xx_hal_sd.o
        66          0          0          0          0       1161   stm32f7xx_hal_sdram.o
       196          0          0          0          0       1235   stm32f7xx_hal_spi.o
      1598        144          0          0          0      14226   stm32f7xx_hal_tim.o
       324         40          0          0          0       2292   stm32f7xx_hal_tim_ex.o
      1130         70          0          0          0       5005   stm32f7xx_hal_uart.o
       670         48          0          0          0      19793   stm32f7xx_it.o
       234          6          0          0          0       1981   stm32f7xx_ll_fmc.o
      1340         40          0          0          0      17668   stm32f7xx_ll_sdmmc.o
      2710        136          0          0          0      22643   stm32f7xx_ll_usb.o
        84         16         24          4          0       1179   system_stm32f7xx.o
        84         18          0          0        720        756   usb_device.o
       718         16          0        271          0      12479   usbd_cdc.o
      2670         90          0         20       4096      13285   usbd_cdc_if.o
       658         26          0          0       1028      14604   usbd_conf.o
       686          0          0          0          0      12137   usbd_core.o
      1260         28          0          1          0      13916   usbd_ctlreq.o
       292        106          0         78        512       5817   usbd_desc.o
       132          0          0          0          0       4432   usbd_ioreq.o

    ----------------------------------------------------------------------
     27646       1470        544        400      60344    1124284   Object Totals
         0          0         32          0          0          0   (incl. Generated)
        36          0          0          6          0          0   (incl. Padding)

    ----------------------------------------------------------------------

      Code (inc. data)   RO Data    RW Data    ZI Data      Debug   Library Member Name

        86          0          0          0          0          0   __dczerorl2.o
         0          0          0          0          0          0   entry.o
         0          0          0          0          0          0   entry10a.o
         0          0          0          0          0          0   entry11a.o
         8          4          0          0          0          0   entry2.o
         4          0          0          0          0          0   entry5.o
         0          0          0          0          0          0   entry7b.o
         0          0          0          0          0          0   entry8b.o
         8          4          0          0          0          0   entry9a.o
        30          0          0          0          0          0   handlers.o
        36          8          0          0          0         68   init.o
        30          0          0          0          0         68   llshl.o
        32          0          0          0          0         68   llushr.o
       188         20          0          0          0        160   malloc.o
        36          0          0          0          0         68   memcpya.o
        36          0          0          0          0        108   memseta.o
         0          0          0          8          0          0   mvars.o
        98          0          0          0          0         92   uldiv.o

    ----------------------------------------------------------------------
       594         36          0          8          0        632   Library Totals
         2          0          0          0          0          0   (incl. Padding)

    ----------------------------------------------------------------------

      Code (inc. data)   RO Data    RW Data    ZI Data      Debug   Library Name

       592         36          0          8          0        632   mc_w.l

    ----------------------------------------------------------------------
       594         36          0          8          0        632   Library Totals

    ----------------------------------------------------------------------

==============================================================================


      Code (inc. data)   RO Data    RW Data    ZI Data      Debug   

     28240       1506        544        408      60344    1098840   Grand Totals
     28240       1506        544        200      60344    1098840   ELF Image Totals (compressed)
     28240       1506        544        200          0          0   ROM Totals

==============================================================================

    Total RO  Size (Code + RO Data)                28784 (  28.11kB)
    Total RW  Size (RW Data + ZI Data)             60752 (  59.33kB)
    Total ROM Size (Code + RO Data + RW Data)      28984 (  28.30kB)

==============================================================================

